[100%] Built target robotarm_fake_hardware
-- Install configuration: ""
-- Up-to-date: /home/admin/robotarm/install/robotarm_fake_hardware/share/robotarm_fake_hardware/robotarm_fake_hardware.xml
-- Up-to-date: /home/admin/robotarm/install/robotarm_fake_hardware/lib/librobotarm_fake_hardware.so
-- Up-to-date: /home/admin/robotarm/install/robotarm_fake_hardware/include
-- Up-to-date: /home/admin/robotarm/install/robotarm_fake_hardware/include/robotarm_fake_hardware
-- Up-to-date: /home/admin/robotarm/install/robotarm_fake_hardware/include/robotarm_fake_hardware/velocity_fake_system.hpp
-- Up-to-date: /home/admin/robotarm/install/robotarm_fake_hardware/share/robotarm_fake_hardware/robotarm_fake_hardware.xml
-- Up-to-date: /home/admin/robotarm/install/robotarm_fake_hardware/share/ament_index/resource_index/package_run_dependencies/robotarm_fake_hardware
-- Up-to-date: /home/admin/robotarm/install/robotarm_fake_hardware/share/ament_index/resource_index/parent_prefix_path/robotarm_fake_hardware
-- Up-to-date: /home/admin/robotarm/install/robotarm_fake_hardware/share/robotarm_fake_hardware/environment/ament_prefix_path.sh
-- Up-to-date: /home/admin/robotarm/install/robotarm_fake_hardware/share/robotarm_fake_hardware/environment/ament_prefix_path.dsv
-- Up-to-date: /home/admin/robotarm/install/robotarm_fake_hardware/share/robotarm_fake_hardware/environment/path.sh
-- Up-to-date: /home/admin/robotarm/install/robotarm_fake_hardware/share/robotarm_fake_hardware/environment/path.dsv
-- Up-to-date: /home/admin/robotarm/install/robotarm_fake_hardware/share/robotarm_fake_hardware/local_setup.bash
-- Up-to-date: /home/admin/robotarm/install/robotarm_fake_hardware/share/robotarm_fake_hardware/local_setup.sh
-- Up-to-date: /home/admin/robotarm/install/robotarm_fake_hardware/share/robotarm_fake_hardware/local_setup.zsh
-- Up-to-date: /home/admin/robotarm/install/robotarm_fake_hardware/share/robotarm_fake_hardware/local_setup.dsv
-- Installing: /home/admin/robotarm/install/robotarm_fake_hardware/share/robotarm_fake_hardware/package.dsv
-- Up-to-date: /home/admin/robotarm/install/robotarm_fake_hardware/share/ament_index/resource_index/packages/robotarm_fake_hardware
-- Up-to-date: /home/admin/robotarm/install/robotarm_fake_hardware/share/ament_index/resource_index/hardware_interface__pluginlib__plugin/robotarm_fake_hardware
-- Up-to-date: /home/admin/robotarm/install/robotarm_fake_hardware/share/robotarm_fake_hardware/cmake/robotarm_fake_hardwareConfig.cmake
-- Up-to-date: /home/admin/robotarm/install/robotarm_fake_hardware/share/robotarm_fake_hardware/cmake/robotarm_fake_hardwareConfig-version.cmake
-- Up-to-date: /home/admin/robotarm/install/robotarm_fake_hardware/share/robotarm_fake_hardware/package.xml
