[0.017s] Invoking command in '/home/admin/robotarm/build/robotarm_fake_hardware': CMAKE_PREFIX_PATH=${CMAKE_PREFIX_PATH}:/home/admin/robotarm/ROS_WS/install/vision_tracker:/opt/ros/jazzy /usr/bin/cmake --build /home/admin/robotarm/build/robotarm_fake_hardware -- -j4 -l4
[0.124s] [100%] Built target robotarm_fake_hardware
[0.160s] Invoked command in '/home/admin/robotarm/build/robotarm_fake_hardware' returned '0': CMAKE_PREFIX_PATH=${CMAKE_PREFIX_PATH}:/home/admin/robotarm/ROS_WS/install/vision_tracker:/opt/ros/jazzy /usr/bin/cmake --build /home/admin/robotarm/build/robotarm_fake_hardware -- -j4 -l4
[0.162s] Invoking command in '/home/admin/robotarm/build/robotarm_fake_hardware': CMAKE_PREFIX_PATH=${CMAKE_PREFIX_PATH}:/home/admin/robotarm/ROS_WS/install/vision_tracker:/opt/ros/jazzy /usr/bin/cmake --install /home/admin/robotarm/build/robotarm_fake_hardware
[0.176s] -- Install configuration: ""
[0.177s] -- Up-to-date: /home/admin/robotarm/install/robotarm_fake_hardware/share/robotarm_fake_hardware/robotarm_fake_hardware.xml
[0.177s] -- Up-to-date: /home/admin/robotarm/install/robotarm_fake_hardware/lib/librobotarm_fake_hardware.so
[0.177s] -- Up-to-date: /home/admin/robotarm/install/robotarm_fake_hardware/include
[0.177s] -- Up-to-date: /home/admin/robotarm/install/robotarm_fake_hardware/include/robotarm_fake_hardware
[0.177s] -- Up-to-date: /home/admin/robotarm/install/robotarm_fake_hardware/include/robotarm_fake_hardware/velocity_fake_system.hpp
[0.177s] -- Up-to-date: /home/admin/robotarm/install/robotarm_fake_hardware/share/robotarm_fake_hardware/robotarm_fake_hardware.xml
[0.178s] -- Up-to-date: /home/admin/robotarm/install/robotarm_fake_hardware/share/ament_index/resource_index/package_run_dependencies/robotarm_fake_hardware
[0.178s] -- Up-to-date: /home/admin/robotarm/install/robotarm_fake_hardware/share/ament_index/resource_index/parent_prefix_path/robotarm_fake_hardware
[0.178s] -- Up-to-date: /home/admin/robotarm/install/robotarm_fake_hardware/share/robotarm_fake_hardware/environment/ament_prefix_path.sh
[0.178s] -- Up-to-date: /home/admin/robotarm/install/robotarm_fake_hardware/share/robotarm_fake_hardware/environment/ament_prefix_path.dsv
[0.178s] -- Up-to-date: /home/admin/robotarm/install/robotarm_fake_hardware/share/robotarm_fake_hardware/environment/path.sh
[0.178s] -- Up-to-date: /home/admin/robotarm/install/robotarm_fake_hardware/share/robotarm_fake_hardware/environment/path.dsv
[0.178s] -- Up-to-date: /home/admin/robotarm/install/robotarm_fake_hardware/share/robotarm_fake_hardware/local_setup.bash
[0.178s] -- Up-to-date: /home/admin/robotarm/install/robotarm_fake_hardware/share/robotarm_fake_hardware/local_setup.sh
[0.179s] -- Up-to-date: /home/admin/robotarm/install/robotarm_fake_hardware/share/robotarm_fake_hardware/local_setup.zsh
[0.179s] -- Up-to-date: /home/admin/robotarm/install/robotarm_fake_hardware/share/robotarm_fake_hardware/local_setup.dsv
[0.179s] -- Installing: /home/admin/robotarm/install/robotarm_fake_hardware/share/robotarm_fake_hardware/package.dsv
[0.179s] -- Up-to-date: /home/admin/robotarm/install/robotarm_fake_hardware/share/ament_index/resource_index/packages/robotarm_fake_hardware
[0.179s] -- Up-to-date: /home/admin/robotarm/install/robotarm_fake_hardware/share/ament_index/resource_index/hardware_interface__pluginlib__plugin/robotarm_fake_hardware
[0.179s] -- Up-to-date: /home/admin/robotarm/install/robotarm_fake_hardware/share/robotarm_fake_hardware/cmake/robotarm_fake_hardwareConfig.cmake
[0.179s] -- Up-to-date: /home/admin/robotarm/install/robotarm_fake_hardware/share/robotarm_fake_hardware/cmake/robotarm_fake_hardwareConfig-version.cmake
[0.179s] -- Up-to-date: /home/admin/robotarm/install/robotarm_fake_hardware/share/robotarm_fake_hardware/package.xml
[0.220s] Invoked command in '/home/admin/robotarm/build/robotarm_fake_hardware' returned '0': CMAKE_PREFIX_PATH=${CMAKE_PREFIX_PATH}:/home/admin/robotarm/ROS_WS/install/vision_tracker:/opt/ros/jazzy /usr/bin/cmake --install /home/admin/robotarm/build/robotarm_fake_hardware
