[0.018s] Invoking command in '/home/admin/robotarm/build/robotarm_fake_hardware': CMAKE_PREFIX_PATH=${CMAKE_PREFIX_PATH}:/home/admin/robotarm/ROS_WS/install/vision_tracker:/opt/ros/jazzy /usr/bin/cmake /home/admin/robotarm/ROS_WS/src/robotarm_fake_hardware -DCMAKE_INSTALL_PREFIX=/home/admin/robotarm/install/robotarm_fake_hardware
[0.040s] -- Found ament_cmake: 2.5.6 (/opt/ros/jazzy/share/ament_cmake/cmake)
[0.418s] -- Override CMake install command with custom implementation using symlinks instead of copying resources
[0.428s] -- Found hardware_interface: 4.44.0 (/opt/ros/jazzy/share/hardware_interface/cmake)
[0.464s] -- Found rosidl_generator_c: 4.6.7 (/opt/ros/jazzy/share/rosidl_generator_c/cmake)
[0.477s] -- Found rosidl_generator_cpp: 4.6.7 (/opt/ros/jazzy/share/rosidl_generator_cpp/cmake)
[0.494s] -- Using all available rosidl_typesupport_c: rosidl_typesupport_fastrtps_c;rosidl_typesupport_introspection_c
[0.514s] -- Using all available rosidl_typesupport_cpp: rosidl_typesupport_fastrtps_cpp;rosidl_typesupport_introspection_cpp
[0.756s] -- Found TinyXML2 via Config file: /usr/lib/aarch64-linux-gnu/cmake/tinyxml2
[0.802s] -- Found rmw_implementation_cmake: 7.3.3 (/opt/ros/jazzy/share/rmw_implementation_cmake/cmake)
[0.805s] -- Found rmw_fastrtps_cpp: 8.4.3 (/opt/ros/jazzy/share/rmw_fastrtps_cpp/cmake)
[0.830s] -- Found TinyXML2 via Config file: /usr/lib/aarch64-linux-gnu/cmake/tinyxml2
[0.844s] -- Found TinyXML2 via Config file: /usr/lib/aarch64-linux-gnu/cmake/tinyxml2
[0.866s] -- Found TinyXML2 via Config file: /usr/lib/aarch64-linux-gnu/cmake/tinyxml2
[0.880s] -- Found TinyXML2 via Config file: /usr/lib/aarch64-linux-gnu/cmake/tinyxml2
[0.898s] -- Using RMW implementation 'rmw_fastrtps_cpp' as default
[1.256s] -- Configuring done (1.2s)
[1.303s] -- Generating done (0.0s)
[1.312s] -- Build files have been written to: /home/admin/robotarm/build/robotarm_fake_hardware
[1.335s] Invoked command in '/home/admin/robotarm/build/robotarm_fake_hardware' returned '0': CMAKE_PREFIX_PATH=${CMAKE_PREFIX_PATH}:/home/admin/robotarm/ROS_WS/install/vision_tracker:/opt/ros/jazzy /usr/bin/cmake /home/admin/robotarm/ROS_WS/src/robotarm_fake_hardware -DCMAKE_INSTALL_PREFIX=/home/admin/robotarm/install/robotarm_fake_hardware
[1.336s] Invoking command in '/home/admin/robotarm/build/robotarm_fake_hardware': CMAKE_PREFIX_PATH=${CMAKE_PREFIX_PATH}:/home/admin/robotarm/ROS_WS/install/vision_tracker:/opt/ros/jazzy /usr/bin/cmake --build /home/admin/robotarm/build/robotarm_fake_hardware -- -j4 -l4
[1.442s] [100%] Built target robotarm_fake_hardware
[1.479s] Invoked command in '/home/admin/robotarm/build/robotarm_fake_hardware' returned '0': CMAKE_PREFIX_PATH=${CMAKE_PREFIX_PATH}:/home/admin/robotarm/ROS_WS/install/vision_tracker:/opt/ros/jazzy /usr/bin/cmake --build /home/admin/robotarm/build/robotarm_fake_hardware -- -j4 -l4
[1.481s] Invoking command in '/home/admin/robotarm/build/robotarm_fake_hardware': CMAKE_PREFIX_PATH=${CMAKE_PREFIX_PATH}:/home/admin/robotarm/ROS_WS/install/vision_tracker:/opt/ros/jazzy /usr/bin/cmake --install /home/admin/robotarm/build/robotarm_fake_hardware
[1.496s] -- Install configuration: ""
[1.497s] -- Execute custom install script
[1.498s] -- Up-to-date symlink: /home/admin/robotarm/install/robotarm_fake_hardware/share/robotarm_fake_hardware//robotarm_fake_hardware.xml
[1.498s] -- Up-to-date symlink: /home/admin/robotarm/install/robotarm_fake_hardware/lib/librobotarm_fake_hardware.so
[1.498s] -- Up-to-date symlink: /home/admin/robotarm/install/robotarm_fake_hardware/include/robotarm_fake_hardware/velocity_fake_system.hpp
[1.498s] -- Up-to-date symlink: /home/admin/robotarm/install/robotarm_fake_hardware/share/robotarm_fake_hardware/robotarm_fake_hardware.xml
[1.498s] -- Up-to-date symlink: /home/admin/robotarm/install/robotarm_fake_hardware/share/ament_index/resource_index/package_run_dependencies/robotarm_fake_hardware
[1.498s] -- Up-to-date symlink: /home/admin/robotarm/install/robotarm_fake_hardware/share/ament_index/resource_index/parent_prefix_path/robotarm_fake_hardware
[1.499s] -- Up-to-date symlink: /home/admin/robotarm/install/robotarm_fake_hardware/share/robotarm_fake_hardware/environment/ament_prefix_path.sh
[1.499s] -- Up-to-date symlink: /home/admin/robotarm/install/robotarm_fake_hardware/share/robotarm_fake_hardware/environment/ament_prefix_path.dsv
[1.499s] -- Up-to-date symlink: /home/admin/robotarm/install/robotarm_fake_hardware/share/robotarm_fake_hardware/environment/path.sh
[1.499s] -- Up-to-date symlink: /home/admin/robotarm/install/robotarm_fake_hardware/share/robotarm_fake_hardware/environment/path.dsv
[1.500s] -- Up-to-date symlink: /home/admin/robotarm/install/robotarm_fake_hardware/share/robotarm_fake_hardware/local_setup.bash
[1.500s] -- Up-to-date symlink: /home/admin/robotarm/install/robotarm_fake_hardware/share/robotarm_fake_hardware/local_setup.sh
[1.500s] -- Up-to-date symlink: /home/admin/robotarm/install/robotarm_fake_hardware/share/robotarm_fake_hardware/local_setup.zsh
[1.500s] -- Up-to-date symlink: /home/admin/robotarm/install/robotarm_fake_hardware/share/robotarm_fake_hardware/local_setup.dsv
[1.500s] -- Symlinking: /home/admin/robotarm/install/robotarm_fake_hardware/share/robotarm_fake_hardware/package.dsv
[1.519s] -- Up-to-date symlink: /home/admin/robotarm/install/robotarm_fake_hardware/share/ament_index/resource_index/packages/robotarm_fake_hardware
[1.519s] -- Up-to-date symlink: /home/admin/robotarm/install/robotarm_fake_hardware/share/ament_index/resource_index/hardware_interface__pluginlib__plugin/robotarm_fake_hardware
[1.519s] -- Up-to-date symlink: /home/admin/robotarm/install/robotarm_fake_hardware/share/robotarm_fake_hardware/cmake/robotarm_fake_hardwareConfig.cmake
[1.519s] -- Up-to-date symlink: /home/admin/robotarm/install/robotarm_fake_hardware/share/robotarm_fake_hardware/cmake/robotarm_fake_hardwareConfig-version.cmake
[1.520s] -- Up-to-date symlink: /home/admin/robotarm/install/robotarm_fake_hardware/share/robotarm_fake_hardware/package.xml
[1.560s] Invoked command in '/home/admin/robotarm/build/robotarm_fake_hardware' returned '0': CMAKE_PREFIX_PATH=${CMAKE_PREFIX_PATH}:/home/admin/robotarm/ROS_WS/install/vision_tracker:/opt/ros/jazzy /usr/bin/cmake --install /home/admin/robotarm/build/robotarm_fake_hardware
