[0.015s] Invoking command in '/home/admin/robotarm/build/robotarm_moveit_config': AMENT_PREFIX_PATH=/home/admin/robotarm/install/robotarm_software:/home/admin/robotarm/install/robotarm_hardware:${AMENT_PREFIX_PATH} CMAKE_PREFIX_PATH=/home/admin/robotarm/install/robotarm_software:/home/admin/robotarm/install/robotarm_hardware:/home/admin/robotarm/ROS_WS/install/robotarm_path_planning:/home/admin/robotarm/ROS_WS/install/robotarm_moveit_config:/home/admin/robotarm/ROS_WS/install/robotarm_software:/home/admin/robotarm/ROS_WS/install/robotarm_hardware:/home/admin/robotarm/ROS_WS/install/robotarm_fake_hardware:/home/admin/robotarm/ROS_WS/install/robot_moveit_config:/home/admin/robotarm/ROS_WS/install/point_motion:/home/admin/robotarm/ROS_WS/install/moveit_3dof:/home/admin/robotarm/ROS_WS/install/adi_tmcm_bb4:/home/admin/robotarm/ROS_WS/install/adi_robotarm_moveit_config:/home/admin/robotarm/ROS_WS/install/adi_robotarm:/home/admin/robotarm/ROS_WS/install/adi_4dof_ik:/home/admin/robotarm/ROS_WS/install/adi_4dof_ik_kinematics_plugin:/home/admin/robotarm/ROS_WS/install/adi_4dof_endeffector_xyz:/opt/ros/jazzy/opt/sdformat_vendor:/opt/ros/jazzy/opt/gz_math_vendor:/opt/ros/jazzy/opt/gz_utils_vendor:/opt/ros/jazzy/opt/gz_tools_vendor:/opt/ros/jazzy/opt/gz_cmake_vendor:/home/admin/robotarm/ROS_WS/install/vision_tracker:/opt/ros/jazzy LD_LIBRARY_PATH=/home/admin/robotarm/install/robotarm_hardware/lib:${LD_LIBRARY_PATH} PYTHONPATH=/home/admin/robotarm/install/robotarm_software/lib/python3.12/site-packages:${PYTHONPATH} /usr/bin/cmake --build /home/admin/robotarm/build/robotarm_moveit_config -- -j4 -l4
[0.085s] Invoked command in '/home/admin/robotarm/build/robotarm_moveit_config' returned '0': AMENT_PREFIX_PATH=/home/admin/robotarm/install/robotarm_software:/home/admin/robotarm/install/robotarm_hardware:${AMENT_PREFIX_PATH} CMAKE_PREFIX_PATH=/home/admin/robotarm/install/robotarm_software:/home/admin/robotarm/install/robotarm_hardware:/home/admin/robotarm/ROS_WS/install/robotarm_path_planning:/home/admin/robotarm/ROS_WS/install/robotarm_moveit_config:/home/admin/robotarm/ROS_WS/install/robotarm_software:/home/admin/robotarm/ROS_WS/install/robotarm_hardware:/home/admin/robotarm/ROS_WS/install/robotarm_fake_hardware:/home/admin/robotarm/ROS_WS/install/robot_moveit_config:/home/admin/robotarm/ROS_WS/install/point_motion:/home/admin/robotarm/ROS_WS/install/moveit_3dof:/home/admin/robotarm/ROS_WS/install/adi_tmcm_bb4:/home/admin/robotarm/ROS_WS/install/adi_robotarm_moveit_config:/home/admin/robotarm/ROS_WS/install/adi_robotarm:/home/admin/robotarm/ROS_WS/install/adi_4dof_ik:/home/admin/robotarm/ROS_WS/install/adi_4dof_ik_kinematics_plugin:/home/admin/robotarm/ROS_WS/install/adi_4dof_endeffector_xyz:/opt/ros/jazzy/opt/sdformat_vendor:/opt/ros/jazzy/opt/gz_math_vendor:/opt/ros/jazzy/opt/gz_utils_vendor:/opt/ros/jazzy/opt/gz_tools_vendor:/opt/ros/jazzy/opt/gz_cmake_vendor:/home/admin/robotarm/ROS_WS/install/vision_tracker:/opt/ros/jazzy LD_LIBRARY_PATH=/home/admin/robotarm/install/robotarm_hardware/lib:${LD_LIBRARY_PATH} PYTHONPATH=/home/admin/robotarm/install/robotarm_software/lib/python3.12/site-packages:${PYTHONPATH} /usr/bin/cmake --build /home/admin/robotarm/build/robotarm_moveit_config -- -j4 -l4
[0.086s] Invoking command in '/home/admin/robotarm/build/robotarm_moveit_config': AMENT_PREFIX_PATH=/home/admin/robotarm/install/robotarm_software:/home/admin/robotarm/install/robotarm_hardware:${AMENT_PREFIX_PATH} CMAKE_PREFIX_PATH=/home/admin/robotarm/install/robotarm_software:/home/admin/robotarm/install/robotarm_hardware:/home/admin/robotarm/ROS_WS/install/robotarm_path_planning:/home/admin/robotarm/ROS_WS/install/robotarm_moveit_config:/home/admin/robotarm/ROS_WS/install/robotarm_software:/home/admin/robotarm/ROS_WS/install/robotarm_hardware:/home/admin/robotarm/ROS_WS/install/robotarm_fake_hardware:/home/admin/robotarm/ROS_WS/install/robot_moveit_config:/home/admin/robotarm/ROS_WS/install/point_motion:/home/admin/robotarm/ROS_WS/install/moveit_3dof:/home/admin/robotarm/ROS_WS/install/adi_tmcm_bb4:/home/admin/robotarm/ROS_WS/install/adi_robotarm_moveit_config:/home/admin/robotarm/ROS_WS/install/adi_robotarm:/home/admin/robotarm/ROS_WS/install/adi_4dof_ik:/home/admin/robotarm/ROS_WS/install/adi_4dof_ik_kinematics_plugin:/home/admin/robotarm/ROS_WS/install/adi_4dof_endeffector_xyz:/opt/ros/jazzy/opt/sdformat_vendor:/opt/ros/jazzy/opt/gz_math_vendor:/opt/ros/jazzy/opt/gz_utils_vendor:/opt/ros/jazzy/opt/gz_tools_vendor:/opt/ros/jazzy/opt/gz_cmake_vendor:/home/admin/robotarm/ROS_WS/install/vision_tracker:/opt/ros/jazzy LD_LIBRARY_PATH=/home/admin/robotarm/install/robotarm_hardware/lib:${LD_LIBRARY_PATH} PYTHONPATH=/home/admin/robotarm/install/robotarm_software/lib/python3.12/site-packages:${PYTHONPATH} /usr/bin/cmake --install /home/admin/robotarm/build/robotarm_moveit_config
[0.101s] -- Install configuration: ""
[0.101s] -- Up-to-date: /home/admin/robotarm/install/robotarm_moveit_config/share/ament_index/resource_index/package_run_dependencies/robotarm_moveit_config
[0.101s] -- Up-to-date: /home/admin/robotarm/install/robotarm_moveit_config/share/ament_index/resource_index/parent_prefix_path/robotarm_moveit_config
[0.102s] -- Up-to-date: /home/admin/robotarm/install/robotarm_moveit_config/share/robotarm_moveit_config/environment/ament_prefix_path.sh
[0.102s] -- Up-to-date: /home/admin/robotarm/install/robotarm_moveit_config/share/robotarm_moveit_config/environment/ament_prefix_path.dsv
[0.102s] -- Up-to-date: /home/admin/robotarm/install/robotarm_moveit_config/share/robotarm_moveit_config/environment/path.sh
[0.102s] -- Up-to-date: /home/admin/robotarm/install/robotarm_moveit_config/share/robotarm_moveit_config/environment/path.dsv
[0.102s] -- Up-to-date: /home/admin/robotarm/install/robotarm_moveit_config/share/robotarm_moveit_config/local_setup.bash
[0.102s] -- Up-to-date: /home/admin/robotarm/install/robotarm_moveit_config/share/robotarm_moveit_config/local_setup.sh
[0.102s] -- Up-to-date: /home/admin/robotarm/install/robotarm_moveit_config/share/robotarm_moveit_config/local_setup.zsh
[0.102s] -- Up-to-date: /home/admin/robotarm/install/robotarm_moveit_config/share/robotarm_moveit_config/local_setup.dsv
[0.103s] -- Up-to-date: /home/admin/robotarm/install/robotarm_moveit_config/share/robotarm_moveit_config/package.dsv
[0.103s] -- Up-to-date: /home/admin/robotarm/install/robotarm_moveit_config/share/ament_index/resource_index/packages/robotarm_moveit_config
[0.103s] -- Up-to-date: /home/admin/robotarm/install/robotarm_moveit_config/share/robotarm_moveit_config/cmake/robotarm_moveit_configConfig.cmake
[0.103s] -- Up-to-date: /home/admin/robotarm/install/robotarm_moveit_config/share/robotarm_moveit_config/cmake/robotarm_moveit_configConfig-version.cmake
[0.103s] -- Up-to-date: /home/admin/robotarm/install/robotarm_moveit_config/share/robotarm_moveit_config/package.xml
[0.103s] -- Up-to-date: /home/admin/robotarm/install/robotarm_moveit_config/share/robotarm_moveit_config/launch
[0.103s] -- Up-to-date: /home/admin/robotarm/install/robotarm_moveit_config/share/robotarm_moveit_config/launch/move_group.launch.py
[0.103s] -- Up-to-date: /home/admin/robotarm/install/robotarm_moveit_config/share/robotarm_moveit_config/launch/spawn_controllers.launch.py
[0.103s] -- Up-to-date: /home/admin/robotarm/install/robotarm_moveit_config/share/robotarm_moveit_config/launch/static_virtual_joint_tfs.launch.py
[0.103s] -- Up-to-date: /home/admin/robotarm/install/robotarm_moveit_config/share/robotarm_moveit_config/launch/demo.launch.py
[0.103s] -- Up-to-date: /home/admin/robotarm/install/robotarm_moveit_config/share/robotarm_moveit_config/launch/setup_assistant.launch.py
[0.103s] -- Up-to-date: /home/admin/robotarm/install/robotarm_moveit_config/share/robotarm_moveit_config/launch/rsp.launch.py
[0.104s] -- Up-to-date: /home/admin/robotarm/install/robotarm_moveit_config/share/robotarm_moveit_config/launch/warehouse_db.launch.py
[0.104s] -- Up-to-date: /home/admin/robotarm/install/robotarm_moveit_config/share/robotarm_moveit_config/launch/moveit_rviz.launch.py
[0.104s] -- Up-to-date: /home/admin/robotarm/install/robotarm_moveit_config/share/robotarm_moveit_config/config
[0.104s] -- Up-to-date: /home/admin/robotarm/install/robotarm_moveit_config/share/robotarm_moveit_config/config/joint_limits.yaml
[0.104s] -- Up-to-date: /home/admin/robotarm/install/robotarm_moveit_config/share/robotarm_moveit_config/config/initial_positions.yaml
[0.104s] -- Up-to-date: /home/admin/robotarm/install/robotarm_moveit_config/share/robotarm_moveit_config/config/ros2_controllers.yaml
[0.104s] -- Up-to-date: /home/admin/robotarm/install/robotarm_moveit_config/share/robotarm_moveit_config/config/robotarm.ros2_control.xacro
[0.104s] -- Up-to-date: /home/admin/robotarm/install/robotarm_moveit_config/share/robotarm_moveit_config/config/moveit_controllers.yaml
[0.104s] -- Up-to-date: /home/admin/robotarm/install/robotarm_moveit_config/share/robotarm_moveit_config/config/pilz_cartesian_limits.yaml
[0.104s] -- Up-to-date: /home/admin/robotarm/install/robotarm_moveit_config/share/robotarm_moveit_config/config/moveit.rviz
[0.104s] -- Up-to-date: /home/admin/robotarm/install/robotarm_moveit_config/share/robotarm_moveit_config/config/kinematics.yaml
[0.104s] -- Up-to-date: /home/admin/robotarm/install/robotarm_moveit_config/share/robotarm_moveit_config/config/robotarm.srdf
[0.105s] -- Up-to-date: /home/admin/robotarm/install/robotarm_moveit_config/share/robotarm_moveit_config/config/robotarm.urdf.xacro
[0.105s] -- Up-to-date: /home/admin/robotarm/install/robotarm_moveit_config/share/robotarm_moveit_config/.setup_assistant
[0.106s] Invoked command in '/home/admin/robotarm/build/robotarm_moveit_config' returned '0': AMENT_PREFIX_PATH=/home/admin/robotarm/install/robotarm_software:/home/admin/robotarm/install/robotarm_hardware:${AMENT_PREFIX_PATH} CMAKE_PREFIX_PATH=/home/admin/robotarm/install/robotarm_software:/home/admin/robotarm/install/robotarm_hardware:/home/admin/robotarm/ROS_WS/install/robotarm_path_planning:/home/admin/robotarm/ROS_WS/install/robotarm_moveit_config:/home/admin/robotarm/ROS_WS/install/robotarm_software:/home/admin/robotarm/ROS_WS/install/robotarm_hardware:/home/admin/robotarm/ROS_WS/install/robotarm_fake_hardware:/home/admin/robotarm/ROS_WS/install/robot_moveit_config:/home/admin/robotarm/ROS_WS/install/point_motion:/home/admin/robotarm/ROS_WS/install/moveit_3dof:/home/admin/robotarm/ROS_WS/install/adi_tmcm_bb4:/home/admin/robotarm/ROS_WS/install/adi_robotarm_moveit_config:/home/admin/robotarm/ROS_WS/install/adi_robotarm:/home/admin/robotarm/ROS_WS/install/adi_4dof_ik:/home/admin/robotarm/ROS_WS/install/adi_4dof_ik_kinematics_plugin:/home/admin/robotarm/ROS_WS/install/adi_4dof_endeffector_xyz:/opt/ros/jazzy/opt/sdformat_vendor:/opt/ros/jazzy/opt/gz_math_vendor:/opt/ros/jazzy/opt/gz_utils_vendor:/opt/ros/jazzy/opt/gz_tools_vendor:/opt/ros/jazzy/opt/gz_cmake_vendor:/home/admin/robotarm/ROS_WS/install/vision_tracker:/opt/ros/jazzy LD_LIBRARY_PATH=/home/admin/robotarm/install/robotarm_hardware/lib:${LD_LIBRARY_PATH} PYTHONPATH=/home/admin/robotarm/install/robotarm_software/lib/python3.12/site-packages:${PYTHONPATH} /usr/bin/cmake --install /home/admin/robotarm/build/robotarm_moveit_config
