-- The C compiler identification is GNU 13.3.0
-- The CXX compiler identification is GNU 13.3.0
-- Detecting C compiler ABI info
-- Detecting C compiler ABI info - done
-- Check for working C compiler: /usr/bin/cc - skipped
-- Detecting C compile features
-- Detecting C compile features - done
-- Detecting CXX compiler ABI info
-- Detecting CXX compiler ABI info - done
-- Check for working CXX compiler: /usr/bin/c++ - skipped
-- Detecting CXX compile features
-- Detecting CXX compile features - done
-- Found ament_cmake: 2.5.6 (/opt/ros/jazzy/share/ament_cmake/cmake)
-- Found Python3: /usr/bin/python3 (found version "3.12.3") found components: Interpreter 
-- Found rclcpp: 28.1.18 (/opt/ros/jazzy/share/rclcpp/cmake)
-- Found rosidl_generator_c: 4.6.7 (/opt/ros/jazzy/share/rosidl_generator_c/cmake)
-- Found rosidl_generator_cpp: 4.6.7 (/opt/ros/jazzy/share/rosidl_generator_cpp/cmake)
-- Using all available rosidl_typesupport_c: rosidl_typesupport_fastrtps_c;rosidl_typesupport_introspection_c
-- Using all available rosidl_typesupport_cpp: rosidl_typesupport_fastrtps_cpp;rosidl_typesupport_introspection_cpp
-- Found rmw_implementation_cmake: 7.3.3 (/opt/ros/jazzy/share/rmw_implementation_cmake/cmake)
-- Found rmw_fastrtps_cpp: 8.4.3 (/opt/ros/jazzy/share/rmw_fastrtps_cpp/cmake)
-- Found OpenSSL: /usr/lib/aarch64-linux-gnu/libcrypto.so (found version "3.0.13")  
-- Found FastRTPS: /opt/ros/jazzy/include (Required is at least version "2.13") 
-- Using RMW implementation 'rmw_fastrtps_cpp' as default
-- Found rclpy: 7.1.11 (/opt/ros/jazzy/share/rclpy/cmake)
-- Found std_msgs: 5.3.7 (/opt/ros/jazzy/share/std_msgs/cmake)
-- Found sensor_msgs: 5.3.7 (/opt/ros/jazzy/share/sensor_msgs/cmake)
-- Found control_msgs: 5.9.0 (/opt/ros/jazzy/share/control_msgs/cmake)
-- Found moveit_ros_planning_interface: 2.12.4 (/opt/ros/jazzy/share/moveit_ros_planning_interface/cmake)
-- Found Boost: /usr/lib/aarch64-linux-gnu/cmake/Boost-1.83.0/BoostConfig.cmake (found version "1.83.0") found components: date_time filesystem program_options system thread 
-- Found Boost: /usr/lib/aarch64-linux-gnu/cmake/Boost-1.83.0/BoostConfig.cmake (found version "1.83.0") found components: chrono date_time filesystem iostreams program_options regex serialization system thread 
-- Found parameter_traits: 0.7.1 (/opt/ros/jazzy/share/parameter_traits/cmake)
-- Found rclcpp_lifecycle: 28.1.18 (/opt/ros/jazzy/share/rclcpp_lifecycle/cmake)
-- Found Boost: /usr/lib/aarch64-linux-gnu/cmake/Boost-1.83.0/BoostConfig.cmake (found version "1.83.0") found components: filesystem 
-- Found Eigen3: TRUE (found version "3.4.0") 
-- Ensuring Eigen3 include directory is part of orocos-kdl CMake target
-- Found Boost: /usr/lib/aarch64-linux-gnu/cmake/Boost-1.83.0/BoostConfig.cmake (found version "1.83.0") found components: system filesystem date_time program_options thread chrono 
-- Found Boost: /usr/lib/aarch64-linux-gnu/cmake/Boost-1.83.0/BoostConfig.cmake (found version "1.83.0") found components: thread system filesystem regex date_time program_options 
-- Found Boost: /usr/lib/aarch64-linux-gnu/cmake/Boost-1.83.0/BoostConfig.cmake (found version "1.83.0") found components: system filesystem date_time program_options thread 
-- Found ament_lint_auto: 0.17.5 (/opt/ros/jazzy/share/ament_lint_auto/cmake)
-- Added test 'copyright' to check source files copyright and LICENSE
-- Added test 'cppcheck' to perform static code analysis on C / C++ code
-- Configured cppcheck include dirs: 
-- Configured cppcheck exclude dirs and/or files: 
-- Added test 'cpplint' to check C / C++ code against the Google style
-- Configured cpplint exclude dirs and/or files: 
-- Added test 'flake8' to check Python code syntax and style conventions
-- Configured 'flake8' exclude dirs and/or files: 
-- Added test 'lint_cmake' to check CMake code style
-- Added test 'pep257' to check Python code against some of the docstring style conventions in PEP 257
-- Added test 'uncrustify' to check C / C++ code style
-- Configured uncrustify additional arguments: 
-- Added test 'xmllint' to check XML markup files
-- Configuring done (3.5s)
-- Generating done (0.0s)
-- Build files have been written to: /home/admin/robotarm/build/robotarm_software
[ 50%] [32mBuilding CXX object CMakeFiles/hotspot_path_planner.dir/src/hotspot_path_planner.cpp.o[0m
[ 50%] Built target ament_cmake_python_copy_robotarm_software
running egg_info
creating robotarm_software.egg-info
writing robotarm_software.egg-info/PKG-INFO
writing dependency_links to robotarm_software.egg-info/dependency_links.txt
writing top-level names to robotarm_software.egg-info/top_level.txt
writing manifest file 'robotarm_software.egg-info/SOURCES.txt'
reading manifest file 'robotarm_software.egg-info/SOURCES.txt'
writing manifest file 'robotarm_software.egg-info/SOURCES.txt'
[ 50%] Built target ament_cmake_python_build_robotarm_software_egg
[100%] [32m[1mLinking CXX executable hotspot_path_planner[0m
[100%] Built target hotspot_path_planner
-- Install configuration: ""
-- Installing: /home/admin/robotarm/install/robotarm_software/share/robotarm_software/environment/pythonpath.sh
-- Installing: /home/admin/robotarm/install/robotarm_software/share/robotarm_software/environment/pythonpath.dsv
-- Installing: /home/admin/robotarm/install/robotarm_software/lib/python3.12/site-packages/robotarm_software-0.0.0-py3.12.egg-info
-- Installing: /home/admin/robotarm/install/robotarm_software/lib/python3.12/site-packages/robotarm_software-0.0.0-py3.12.egg-info/dependency_links.txt
-- Installing: /home/admin/robotarm/install/robotarm_software/lib/python3.12/site-packages/robotarm_software-0.0.0-py3.12.egg-info/SOURCES.txt
-- Installing: /home/admin/robotarm/install/robotarm_software/lib/python3.12/site-packages/robotarm_software-0.0.0-py3.12.egg-info/top_level.txt
-- Installing: /home/admin/robotarm/install/robotarm_software/lib/python3.12/site-packages/robotarm_software-0.0.0-py3.12.egg-info/PKG-INFO
-- Installing: /home/admin/robotarm/install/robotarm_software/lib/python3.12/site-packages/robotarm_software
-- Installing: /home/admin/robotarm/install/robotarm_software/lib/python3.12/site-packages/robotarm_software/safety_node.py
-- Installing: /home/admin/robotarm/install/robotarm_software/lib/python3.12/site-packages/robotarm_software/velocity_test.py
-- Installing: /home/admin/robotarm/install/robotarm_software/lib/python3.12/site-packages/robotarm_software/start_position_path.py
-- Installing: /home/admin/robotarm/install/robotarm_software/lib/python3.12/site-packages/robotarm_software/joint_states_relay.py
-- Installing: /home/admin/robotarm/install/robotarm_software/lib/python3.12/site-packages/robotarm_software/__init__.py
-- Installing: /home/admin/robotarm/install/robotarm_software/lib/python3.12/site-packages/robotarm_software/hotspot_web_stream.py
-- Installing: /home/admin/robotarm/install/robotarm_software/lib/python3.12/site-packages/robotarm_software/start_position_velocity.py
-- Installing: /home/admin/robotarm/install/robotarm_software/lib/python3.12/site-packages/robotarm_software/hotspot_velocity.py
-- Installing: /home/admin/robotarm/install/robotarm_software/lib/python3.12/site-packages/robotarm_software/safety_supervisor.py
-- Installing: /home/admin/robotarm/install/robotarm_software/lib/python3.12/site-packages/robotarm_software/tool_position_velocity_control.py
-- Installing: /home/admin/robotarm/install/robotarm_software/lib/python3.12/site-packages/robotarm_software/hotspot_detector.py
-- Installing: /home/admin/robotarm/install/robotarm_software/lib/python3.12/site-packages/robotarm_software/evaluation.py
-- Installing: /home/admin/robotarm/install/robotarm_software/lib/python3.12/site-packages/robotarm_software/joint_angle_calibration.py
Listing '/home/admin/robotarm/install/robotarm_software/lib/python3.12/site-packages/robotarm_software'...
Compiling '/home/admin/robotarm/install/robotarm_software/lib/python3.12/site-packages/robotarm_software/__init__.py'...
Compiling '/home/admin/robotarm/install/robotarm_software/lib/python3.12/site-packages/robotarm_software/evaluation.py'...
Compiling '/home/admin/robotarm/install/robotarm_software/lib/python3.12/site-packages/robotarm_software/hotspot_detector.py'...
Compiling '/home/admin/robotarm/install/robotarm_software/lib/python3.12/site-packages/robotarm_software/hotspot_velocity.py'...
Compiling '/home/admin/robotarm/install/robotarm_software/lib/python3.12/site-packages/robotarm_software/hotspot_web_stream.py'...
Compiling '/home/admin/robotarm/install/robotarm_software/lib/python3.12/site-packages/robotarm_software/joint_angle_calibration.py'...
Compiling '/home/admin/robotarm/install/robotarm_software/lib/python3.12/site-packages/robotarm_software/joint_states_relay.py'...
Compiling '/home/admin/robotarm/install/robotarm_software/lib/python3.12/site-packages/robotarm_software/safety_node.py'...
Compiling '/home/admin/robotarm/install/robotarm_software/lib/python3.12/site-packages/robotarm_software/safety_supervisor.py'...
Compiling '/home/admin/robotarm/install/robotarm_software/lib/python3.12/site-packages/robotarm_software/start_position_path.py'...
Compiling '/home/admin/robotarm/install/robotarm_software/lib/python3.12/site-packages/robotarm_software/start_position_velocity.py'...
Compiling '/home/admin/robotarm/install/robotarm_software/lib/python3.12/site-packages/robotarm_software/tool_position_velocity_control.py'...
Compiling '/home/admin/robotarm/install/robotarm_software/lib/python3.12/site-packages/robotarm_software/velocity_test.py'...
-- Installing: /home/admin/robotarm/install/robotarm_software/lib/robotarm_software/hotspot_path_planner
-- Set non-toolchain portion of runtime path of "/home/admin/robotarm/install/robotarm_software/lib/robotarm_software/hotspot_path_planner" to ""
-- Installing: /home/admin/robotarm/install/robotarm_software/lib/robotarm_software/safety_node.py
-- Installing: /home/admin/robotarm/install/robotarm_software/lib/robotarm_software/safety_supervisor.py
-- Installing: /home/admin/robotarm/install/robotarm_software/lib/robotarm_software/tool_position_velocity_control.py
-- Installing: /home/admin/robotarm/install/robotarm_software/lib/robotarm_software/hotspot_detector.py
-- Installing: /home/admin/robotarm/install/robotarm_software/lib/robotarm_software/hotspot_web_stream.py
-- Installing: /home/admin/robotarm/install/robotarm_software/lib/robotarm_software/start_position_velocity.py
-- Installing: /home/admin/robotarm/install/robotarm_software/lib/robotarm_software/start_position_path.py
-- Installing: /home/admin/robotarm/install/robotarm_software/lib/robotarm_software/hotspot_velocity.py
-- Installing: /home/admin/robotarm/install/robotarm_software/lib/robotarm_software/joint_states_relay.py
-- Installing: /home/admin/robotarm/install/robotarm_software/share/robotarm_software/launch
-- Installing: /home/admin/robotarm/install/robotarm_software/share/robotarm_software/launch/hotspot_path_planning.launch.py
-- Installing: /home/admin/robotarm/install/robotarm_software/share/robotarm_software/launch/robotarm_path_controller.launch.py
-- Installing: /home/admin/robotarm/install/robotarm_software/share/robotarm_software/launch/hotspot_velocity.launch.py
-- Installing: /home/admin/robotarm/install/robotarm_software/share/robotarm_software/launch/robotarm_velocity_controller.launch.py
-- Installing: /home/admin/robotarm/install/robotarm_software/share/robotarm_software/launch/__pycache__
-- Installing: /home/admin/robotarm/install/robotarm_software/share/robotarm_software/launch/__pycache__/robotarm_path_controller.launch.cpython-312.pyc
-- Installing: /home/admin/robotarm/install/robotarm_software/share/robotarm_software/config
-- Installing: /home/admin/robotarm/install/robotarm_software/share/robotarm_software/config/ros2_controllers.yaml
-- Installing: /home/admin/robotarm/install/robotarm_software/share/robotarm_software/urdf
-- Installing: /home/admin/robotarm/install/robotarm_software/share/robotarm_software/urdf/robotarm.urdf
-- Installing: /home/admin/robotarm/install/robotarm_software/share/ament_index/resource_index/package_run_dependencies/robotarm_software
-- Installing: /home/admin/robotarm/install/robotarm_software/share/ament_index/resource_index/parent_prefix_path/robotarm_software
-- Installing: /home/admin/robotarm/install/robotarm_software/share/robotarm_software/environment/ament_prefix_path.sh
-- Installing: /home/admin/robotarm/install/robotarm_software/share/robotarm_software/environment/ament_prefix_path.dsv
-- Installing: /home/admin/robotarm/install/robotarm_software/share/robotarm_software/environment/path.sh
-- Installing: /home/admin/robotarm/install/robotarm_software/share/robotarm_software/environment/path.dsv
-- Installing: /home/admin/robotarm/install/robotarm_software/share/robotarm_software/local_setup.bash
-- Installing: /home/admin/robotarm/install/robotarm_software/share/robotarm_software/local_setup.sh
-- Installing: /home/admin/robotarm/install/robotarm_software/share/robotarm_software/local_setup.zsh
-- Installing: /home/admin/robotarm/install/robotarm_software/share/robotarm_software/local_setup.dsv
-- Installing: /home/admin/robotarm/install/robotarm_software/share/robotarm_software/package.dsv
-- Installing: /home/admin/robotarm/install/robotarm_software/share/ament_index/resource_index/packages/robotarm_software
-- Installing: /home/admin/robotarm/install/robotarm_software/share/robotarm_software/cmake/robotarm_softwareConfig.cmake
-- Installing: /home/admin/robotarm/install/robotarm_software/share/robotarm_software/cmake/robotarm_softwareConfig-version.cmake
-- Installing: /home/admin/robotarm/install/robotarm_software/share/robotarm_software/package.xml
