[0.136s] DEBUG:colcon:Command line arguments: ['/usr/bin/colcon', 'build']
[0.136s] DEBUG:colcon:Parsed command line arguments: Namespace(log_base=None, log_level=None, verb_name='build', build_base='build', install_base='install', merge_install=False, symlink_install=False, test_result_base=None, continue_on_error=False, executor='parallel', parallel_workers=4, event_handlers=None, ignore_user_meta=False, metas=['./colcon.meta'], base_paths=['.'], packages_ignore=None, packages_ignore_regex=None, paths=None, packages_up_to=None, packages_up_to_regex=None, packages_above=None, packages_above_and_dependencies=None, packages_above_depth=None, packages_select_by_dep=None, packages_skip_by_dep=None, packages_skip_up_to=None, packages_select_build_failed=False, packages_skip_build_finished=False, packages_select_test_failures=False, packages_skip_test_passed=False, packages_select=None, packages_skip=None, packages_select_regex=None, packages_skip_regex=None, packages_start=None, packages_end=None, cmake_args=None, cmake_target=None, cmake_target_skip_unavailable=False, cmake_clean_cache=False, cmake_clean_first=False, cmake_force_configure=False, ament_cmake_args=None, catkin_cmake_args=None, catkin_skip_building_tests=False, verb_parser=<colcon_defaults.argument_parser.defaults.DefaultArgumentsDecorator object at 0xffff93716f90>, verb_extension=<colcon_core.verb.build.BuildVerb object at 0xffff936372c0>, main=<bound method BuildVerb.main of <colcon_core.verb.build.BuildVerb object at 0xffff936372c0>>)
[0.192s] Level 1:colcon.colcon_core.package_discovery:discover_packages(colcon_meta) check parameters
[0.192s] Level 1:colcon.colcon_core.package_discovery:discover_packages(recursive) check parameters
[0.192s] Level 1:colcon.colcon_core.package_discovery:discover_packages(ignore) check parameters
[0.193s] Level 1:colcon.colcon_core.package_discovery:discover_packages(path) check parameters
[0.193s] Level 1:colcon.colcon_core.package_discovery:discover_packages(colcon_meta) discover
[0.193s] Level 1:colcon.colcon_core.package_discovery:discover_packages(recursive) discover
[0.193s] INFO:colcon.colcon_core.package_discovery:Crawling recursively for packages in '/home/admin/robotarm'
[0.193s] Level 1:colcon.colcon_core.package_identification:_identify(.) by extensions ['ignore', 'ignore_ament_install']
[0.193s] Level 1:colcon.colcon_core.package_identification:_identify(.) by extension 'ignore'
[0.193s] Level 1:colcon.colcon_core.package_identification:_identify(.) by extension 'ignore_ament_install'
[0.193s] Level 1:colcon.colcon_core.package_identification:_identify(.) by extensions ['colcon_pkg']
[0.193s] Level 1:colcon.colcon_core.package_identification:_identify(.) by extension 'colcon_pkg'
[0.193s] Level 1:colcon.colcon_core.package_identification:_identify(.) by extensions ['colcon_meta']
[0.193s] Level 1:colcon.colcon_core.package_identification:_identify(.) by extension 'colcon_meta'
[0.193s] Level 1:colcon.colcon_core.package_identification:_identify(.) by extensions ['ros']
[0.193s] Level 1:colcon.colcon_core.package_identification:_identify(.) by extension 'ros'
[0.229s] Level 1:colcon.colcon_core.package_identification:_identify(.) by extensions ['cmake', 'python']
[0.230s] Level 1:colcon.colcon_core.package_identification:_identify(.) by extension 'cmake'
[0.230s] Level 1:colcon.colcon_core.package_identification:_identify(.) by extension 'python'
[0.230s] Level 1:colcon.colcon_core.package_identification:_identify(.) by extensions ['python_setup_py']
[0.230s] Level 1:colcon.colcon_core.package_identification:_identify(.) by extension 'python_setup_py'
[0.230s] Level 1:colcon.colcon_core.package_identification:_identify(LICENSES) by extensions ['ignore', 'ignore_ament_install']
[0.230s] Level 1:colcon.colcon_core.package_identification:_identify(LICENSES) by extension 'ignore'
[0.230s] Level 1:colcon.colcon_core.package_identification:_identify(LICENSES) by extension 'ignore_ament_install'
[0.230s] Level 1:colcon.colcon_core.package_identification:_identify(LICENSES) by extensions ['colcon_pkg']
[0.230s] Level 1:colcon.colcon_core.package_identification:_identify(LICENSES) by extension 'colcon_pkg'
[0.230s] Level 1:colcon.colcon_core.package_identification:_identify(LICENSES) by extensions ['colcon_meta']
[0.230s] Level 1:colcon.colcon_core.package_identification:_identify(LICENSES) by extension 'colcon_meta'
[0.230s] Level 1:colcon.colcon_core.package_identification:_identify(LICENSES) by extensions ['ros']
[0.230s] Level 1:colcon.colcon_core.package_identification:_identify(LICENSES) by extension 'ros'
[0.230s] Level 1:colcon.colcon_core.package_identification:_identify(LICENSES) by extensions ['cmake', 'python']
[0.230s] Level 1:colcon.colcon_core.package_identification:_identify(LICENSES) by extension 'cmake'
[0.231s] Level 1:colcon.colcon_core.package_identification:_identify(LICENSES) by extension 'python'
[0.231s] Level 1:colcon.colcon_core.package_identification:_identify(LICENSES) by extensions ['python_setup_py']
[0.231s] Level 1:colcon.colcon_core.package_identification:_identify(LICENSES) by extension 'python_setup_py'
[0.231s] Level 1:colcon.colcon_core.package_identification:_identify(LICENSES/preferred) by extensions ['ignore', 'ignore_ament_install']
[0.231s] Level 1:colcon.colcon_core.package_identification:_identify(LICENSES/preferred) by extension 'ignore'
[0.231s] Level 1:colcon.colcon_core.package_identification:_identify(LICENSES/preferred) by extension 'ignore_ament_install'
[0.231s] Level 1:colcon.colcon_core.package_identification:_identify(LICENSES/preferred) by extensions ['colcon_pkg']
[0.231s] Level 1:colcon.colcon_core.package_identification:_identify(LICENSES/preferred) by extension 'colcon_pkg'
[0.231s] Level 1:colcon.colcon_core.package_identification:_identify(LICENSES/preferred) by extensions ['colcon_meta']
[0.231s] Level 1:colcon.colcon_core.package_identification:_identify(LICENSES/preferred) by extension 'colcon_meta'
[0.231s] Level 1:colcon.colcon_core.package_identification:_identify(LICENSES/preferred) by extensions ['ros']
[0.231s] Level 1:colcon.colcon_core.package_identification:_identify(LICENSES/preferred) by extension 'ros'
[0.231s] Level 1:colcon.colcon_core.package_identification:_identify(LICENSES/preferred) by extensions ['cmake', 'python']
[0.231s] Level 1:colcon.colcon_core.package_identification:_identify(LICENSES/preferred) by extension 'cmake'
[0.231s] Level 1:colcon.colcon_core.package_identification:_identify(LICENSES/preferred) by extension 'python'
[0.231s] Level 1:colcon.colcon_core.package_identification:_identify(LICENSES/preferred) by extensions ['python_setup_py']
[0.231s] Level 1:colcon.colcon_core.package_identification:_identify(LICENSES/preferred) by extension 'python_setup_py'
[0.231s] Level 1:colcon.colcon_core.package_identification:_identify(ROS_WS) by extensions ['ignore', 'ignore_ament_install']
[0.231s] Level 1:colcon.colcon_core.package_identification:_identify(ROS_WS) by extension 'ignore'
[0.232s] Level 1:colcon.colcon_core.package_identification:_identify(ROS_WS) by extension 'ignore_ament_install'
[0.232s] Level 1:colcon.colcon_core.package_identification:_identify(ROS_WS) by extensions ['colcon_pkg']
[0.232s] Level 1:colcon.colcon_core.package_identification:_identify(ROS_WS) by extension 'colcon_pkg'
[0.232s] Level 1:colcon.colcon_core.package_identification:_identify(ROS_WS) by extensions ['colcon_meta']
[0.232s] Level 1:colcon.colcon_core.package_identification:_identify(ROS_WS) by extension 'colcon_meta'
[0.232s] Level 1:colcon.colcon_core.package_identification:_identify(ROS_WS) by extensions ['ros']
[0.232s] Level 1:colcon.colcon_core.package_identification:_identify(ROS_WS) by extension 'ros'
[0.232s] Level 1:colcon.colcon_core.package_identification:_identify(ROS_WS) by extensions ['cmake', 'python']
[0.232s] Level 1:colcon.colcon_core.package_identification:_identify(ROS_WS) by extension 'cmake'
[0.232s] Level 1:colcon.colcon_core.package_identification:_identify(ROS_WS) by extension 'python'
[0.232s] Level 1:colcon.colcon_core.package_identification:_identify(ROS_WS) by extensions ['python_setup_py']
[0.232s] Level 1:colcon.colcon_core.package_identification:_identify(ROS_WS) by extension 'python_setup_py'
[0.232s] Level 1:colcon.colcon_core.package_identification:_identify(ROS_WS/build) by extensions ['ignore', 'ignore_ament_install']
[0.232s] Level 1:colcon.colcon_core.package_identification:_identify(ROS_WS/build) by extension 'ignore'
[0.232s] Level 1:colcon.colcon_core.package_identification:_identify(ROS_WS/build) ignored
[0.232s] Level 1:colcon.colcon_core.package_identification:_identify(ROS_WS/install) by extensions ['ignore', 'ignore_ament_install']
[0.232s] Level 1:colcon.colcon_core.package_identification:_identify(ROS_WS/install) by extension 'ignore'
[0.233s] Level 1:colcon.colcon_core.package_identification:_identify(ROS_WS/install) ignored
[0.233s] Level 1:colcon.colcon_core.package_identification:_identify(ROS_WS/log) by extensions ['ignore', 'ignore_ament_install']
[0.233s] Level 1:colcon.colcon_core.package_identification:_identify(ROS_WS/log) by extension 'ignore'
[0.233s] Level 1:colcon.colcon_core.package_identification:_identify(ROS_WS/log) ignored
[0.233s] Level 1:colcon.colcon_core.package_identification:_identify(ROS_WS/src) by extensions ['ignore', 'ignore_ament_install']
[0.233s] Level 1:colcon.colcon_core.package_identification:_identify(ROS_WS/src) by extension 'ignore'
[0.233s] Level 1:colcon.colcon_core.package_identification:_identify(ROS_WS/src) by extension 'ignore_ament_install'
[0.233s] Level 1:colcon.colcon_core.package_identification:_identify(ROS_WS/src) by extensions ['colcon_pkg']
[0.233s] Level 1:colcon.colcon_core.package_identification:_identify(ROS_WS/src) by extension 'colcon_pkg'
[0.233s] Level 1:colcon.colcon_core.package_identification:_identify(ROS_WS/src) by extensions ['colcon_meta']
[0.233s] Level 1:colcon.colcon_core.package_identification:_identify(ROS_WS/src) by extension 'colcon_meta'
[0.233s] Level 1:colcon.colcon_core.package_identification:_identify(ROS_WS/src) by extensions ['ros']
[0.233s] Level 1:colcon.colcon_core.package_identification:_identify(ROS_WS/src) by extension 'ros'
[0.233s] Level 1:colcon.colcon_core.package_identification:_identify(ROS_WS/src) by extensions ['cmake', 'python']
[0.233s] Level 1:colcon.colcon_core.package_identification:_identify(ROS_WS/src) by extension 'cmake'
[0.233s] Level 1:colcon.colcon_core.package_identification:_identify(ROS_WS/src) by extension 'python'
[0.233s] Level 1:colcon.colcon_core.package_identification:_identify(ROS_WS/src) by extensions ['python_setup_py']
[0.233s] Level 1:colcon.colcon_core.package_identification:_identify(ROS_WS/src) by extension 'python_setup_py'
[0.234s] Level 1:colcon.colcon_core.package_identification:_identify(ROS_WS/src/robotarm_fake_hardware) by extensions ['ignore', 'ignore_ament_install']
[0.234s] Level 1:colcon.colcon_core.package_identification:_identify(ROS_WS/src/robotarm_fake_hardware) by extension 'ignore'
[0.234s] Level 1:colcon.colcon_core.package_identification:_identify(ROS_WS/src/robotarm_fake_hardware) by extension 'ignore_ament_install'
[0.234s] Level 1:colcon.colcon_core.package_identification:_identify(ROS_WS/src/robotarm_fake_hardware) by extensions ['colcon_pkg']
[0.234s] Level 1:colcon.colcon_core.package_identification:_identify(ROS_WS/src/robotarm_fake_hardware) by extension 'colcon_pkg'
[0.234s] Level 1:colcon.colcon_core.package_identification:_identify(ROS_WS/src/robotarm_fake_hardware) by extensions ['colcon_meta']
[0.234s] Level 1:colcon.colcon_core.package_identification:_identify(ROS_WS/src/robotarm_fake_hardware) by extension 'colcon_meta'
[0.234s] Level 1:colcon.colcon_core.package_identification:_identify(ROS_WS/src/robotarm_fake_hardware) by extensions ['ros']
[0.234s] Level 1:colcon.colcon_core.package_identification:_identify(ROS_WS/src/robotarm_fake_hardware) by extension 'ros'
[0.237s] DEBUG:colcon.colcon_core.package_identification:Package 'ROS_WS/src/robotarm_fake_hardware' with type 'ros.ament_cmake' and name 'robotarm_fake_hardware'
[0.237s] Level 1:colcon.colcon_core.package_identification:_identify(ROS_WS/src/robotarm_hardware) by extensions ['ignore', 'ignore_ament_install']
[0.237s] Level 1:colcon.colcon_core.package_identification:_identify(ROS_WS/src/robotarm_hardware) by extension 'ignore'
[0.238s] Level 1:colcon.colcon_core.package_identification:_identify(ROS_WS/src/robotarm_hardware) by extension 'ignore_ament_install'
[0.238s] Level 1:colcon.colcon_core.package_identification:_identify(ROS_WS/src/robotarm_hardware) by extensions ['colcon_pkg']
[0.238s] Level 1:colcon.colcon_core.package_identification:_identify(ROS_WS/src/robotarm_hardware) by extension 'colcon_pkg'
[0.238s] Level 1:colcon.colcon_core.package_identification:_identify(ROS_WS/src/robotarm_hardware) by extensions ['colcon_meta']
[0.238s] Level 1:colcon.colcon_core.package_identification:_identify(ROS_WS/src/robotarm_hardware) by extension 'colcon_meta'
[0.238s] Level 1:colcon.colcon_core.package_identification:_identify(ROS_WS/src/robotarm_hardware) by extensions ['ros']
[0.238s] Level 1:colcon.colcon_core.package_identification:_identify(ROS_WS/src/robotarm_hardware) by extension 'ros'
[0.239s] DEBUG:colcon.colcon_core.package_identification:Package 'ROS_WS/src/robotarm_hardware' with type 'ros.ament_cmake' and name 'robotarm_hardware'
[0.239s] Level 1:colcon.colcon_core.package_identification:_identify(ROS_WS/src/robotarm_moveit_config) by extensions ['ignore', 'ignore_ament_install']
[0.239s] Level 1:colcon.colcon_core.package_identification:_identify(ROS_WS/src/robotarm_moveit_config) by extension 'ignore'
[0.239s] Level 1:colcon.colcon_core.package_identification:_identify(ROS_WS/src/robotarm_moveit_config) by extension 'ignore_ament_install'
[0.239s] Level 1:colcon.colcon_core.package_identification:_identify(ROS_WS/src/robotarm_moveit_config) by extensions ['colcon_pkg']
[0.239s] Level 1:colcon.colcon_core.package_identification:_identify(ROS_WS/src/robotarm_moveit_config) by extension 'colcon_pkg'
[0.239s] Level 1:colcon.colcon_core.package_identification:_identify(ROS_WS/src/robotarm_moveit_config) by extensions ['colcon_meta']
[0.239s] Level 1:colcon.colcon_core.package_identification:_identify(ROS_WS/src/robotarm_moveit_config) by extension 'colcon_meta'
[0.239s] Level 1:colcon.colcon_core.package_identification:_identify(ROS_WS/src/robotarm_moveit_config) by extensions ['ros']
[0.239s] Level 1:colcon.colcon_core.package_identification:_identify(ROS_WS/src/robotarm_moveit_config) by extension 'ros'
[0.242s] DEBUG:colcon.colcon_core.package_identification:Package 'ROS_WS/src/robotarm_moveit_config' with type 'ros.ament_cmake' and name 'robotarm_moveit_config'
[0.242s] Level 1:colcon.colcon_core.package_identification:_identify(ROS_WS/src/robotarm_path_planning) by extensions ['ignore', 'ignore_ament_install']
[0.242s] Level 1:colcon.colcon_core.package_identification:_identify(ROS_WS/src/robotarm_path_planning) by extension 'ignore'
[0.242s] Level 1:colcon.colcon_core.package_identification:_identify(ROS_WS/src/robotarm_path_planning) by extension 'ignore_ament_install'
[0.242s] Level 1:colcon.colcon_core.package_identification:_identify(ROS_WS/src/robotarm_path_planning) by extensions ['colcon_pkg']
[0.242s] Level 1:colcon.colcon_core.package_identification:_identify(ROS_WS/src/robotarm_path_planning) by extension 'colcon_pkg'
[0.243s] Level 1:colcon.colcon_core.package_identification:_identify(ROS_WS/src/robotarm_path_planning) by extensions ['colcon_meta']
[0.243s] Level 1:colcon.colcon_core.package_identification:_identify(ROS_WS/src/robotarm_path_planning) by extension 'colcon_meta'
[0.243s] Level 1:colcon.colcon_core.package_identification:_identify(ROS_WS/src/robotarm_path_planning) by extensions ['ros']
[0.243s] Level 1:colcon.colcon_core.package_identification:_identify(ROS_WS/src/robotarm_path_planning) by extension 'ros'
[0.243s] Level 1:colcon.colcon_core.package_identification:_identify(ROS_WS/src/robotarm_path_planning) by extensions ['cmake', 'python']
[0.243s] Level 1:colcon.colcon_core.package_identification:_identify(ROS_WS/src/robotarm_path_planning) by extension 'cmake'
[0.243s] Level 1:colcon.colcon_core.package_identification:_identify(ROS_WS/src/robotarm_path_planning) by extension 'python'
[0.243s] Level 1:colcon.colcon_core.package_identification:_identify(ROS_WS/src/robotarm_path_planning) by extensions ['python_setup_py']
[0.243s] Level 1:colcon.colcon_core.package_identification:_identify(ROS_WS/src/robotarm_path_planning) by extension 'python_setup_py'
[0.243s] Level 1:colcon.colcon_core.package_identification:_identify(ROS_WS/src/robotarm_path_planning/include) by extensions ['ignore', 'ignore_ament_install']
[0.243s] Level 1:colcon.colcon_core.package_identification:_identify(ROS_WS/src/robotarm_path_planning/include) by extension 'ignore'
[0.243s] Level 1:colcon.colcon_core.package_identification:_identify(ROS_WS/src/robotarm_path_planning/include) by extension 'ignore_ament_install'
[0.243s] Level 1:colcon.colcon_core.package_identification:_identify(ROS_WS/src/robotarm_path_planning/include) by extensions ['colcon_pkg']
[0.243s] Level 1:colcon.colcon_core.package_identification:_identify(ROS_WS/src/robotarm_path_planning/include) by extension 'colcon_pkg'
[0.243s] Level 1:colcon.colcon_core.package_identification:_identify(ROS_WS/src/robotarm_path_planning/include) by extensions ['colcon_meta']
[0.243s] Level 1:colcon.colcon_core.package_identification:_identify(ROS_WS/src/robotarm_path_planning/include) by extension 'colcon_meta'
[0.243s] Level 1:colcon.colcon_core.package_identification:_identify(ROS_WS/src/robotarm_path_planning/include) by extensions ['ros']
[0.243s] Level 1:colcon.colcon_core.package_identification:_identify(ROS_WS/src/robotarm_path_planning/include) by extension 'ros'
[0.244s] Level 1:colcon.colcon_core.package_identification:_identify(ROS_WS/src/robotarm_path_planning/include) by extensions ['cmake', 'python']
[0.244s] Level 1:colcon.colcon_core.package_identification:_identify(ROS_WS/src/robotarm_path_planning/include) by extension 'cmake'
[0.244s] Level 1:colcon.colcon_core.package_identification:_identify(ROS_WS/src/robotarm_path_planning/include) by extension 'python'
[0.244s] Level 1:colcon.colcon_core.package_identification:_identify(ROS_WS/src/robotarm_path_planning/include) by extensions ['python_setup_py']
[0.244s] Level 1:colcon.colcon_core.package_identification:_identify(ROS_WS/src/robotarm_path_planning/include) by extension 'python_setup_py'
[0.244s] Level 1:colcon.colcon_core.package_identification:_identify(ROS_WS/src/robotarm_path_planning/include/robotarm_path_planning) by extensions ['ignore', 'ignore_ament_install']
[0.244s] Level 1:colcon.colcon_core.package_identification:_identify(ROS_WS/src/robotarm_path_planning/include/robotarm_path_planning) by extension 'ignore'
[0.244s] Level 1:colcon.colcon_core.package_identification:_identify(ROS_WS/src/robotarm_path_planning/include/robotarm_path_planning) by extension 'ignore_ament_install'
[0.244s] Level 1:colcon.colcon_core.package_identification:_identify(ROS_WS/src/robotarm_path_planning/include/robotarm_path_planning) by extensions ['colcon_pkg']
[0.244s] Level 1:colcon.colcon_core.package_identification:_identify(ROS_WS/src/robotarm_path_planning/include/robotarm_path_planning) by extension 'colcon_pkg'
[0.244s] Level 1:colcon.colcon_core.package_identification:_identify(ROS_WS/src/robotarm_path_planning/include/robotarm_path_planning) by extensions ['colcon_meta']
[0.244s] Level 1:colcon.colcon_core.package_identification:_identify(ROS_WS/src/robotarm_path_planning/include/robotarm_path_planning) by extension 'colcon_meta'
[0.244s] Level 1:colcon.colcon_core.package_identification:_identify(ROS_WS/src/robotarm_path_planning/include/robotarm_path_planning) by extensions ['ros']
[0.244s] Level 1:colcon.colcon_core.package_identification:_identify(ROS_WS/src/robotarm_path_planning/include/robotarm_path_planning) by extension 'ros'
[0.244s] Level 1:colcon.colcon_core.package_identification:_identify(ROS_WS/src/robotarm_path_planning/include/robotarm_path_planning) by extensions ['cmake', 'python']
[0.244s] Level 1:colcon.colcon_core.package_identification:_identify(ROS_WS/src/robotarm_path_planning/include/robotarm_path_planning) by extension 'cmake'
[0.244s] Level 1:colcon.colcon_core.package_identification:_identify(ROS_WS/src/robotarm_path_planning/include/robotarm_path_planning) by extension 'python'
[0.244s] Level 1:colcon.colcon_core.package_identification:_identify(ROS_WS/src/robotarm_path_planning/include/robotarm_path_planning) by extensions ['python_setup_py']
[0.244s] Level 1:colcon.colcon_core.package_identification:_identify(ROS_WS/src/robotarm_path_planning/include/robotarm_path_planning) by extension 'python_setup_py'
[0.245s] Level 1:colcon.colcon_core.package_identification:_identify(ROS_WS/src/robotarm_path_planning/launch) by extensions ['ignore', 'ignore_ament_install']
[0.245s] Level 1:colcon.colcon_core.package_identification:_identify(ROS_WS/src/robotarm_path_planning/launch) by extension 'ignore'
[0.245s] Level 1:colcon.colcon_core.package_identification:_identify(ROS_WS/src/robotarm_path_planning/launch) by extension 'ignore_ament_install'
[0.245s] Level 1:colcon.colcon_core.package_identification:_identify(ROS_WS/src/robotarm_path_planning/launch) by extensions ['colcon_pkg']
[0.245s] Level 1:colcon.colcon_core.package_identification:_identify(ROS_WS/src/robotarm_path_planning/launch) by extension 'colcon_pkg'
[0.245s] Level 1:colcon.colcon_core.package_identification:_identify(ROS_WS/src/robotarm_path_planning/launch) by extensions ['colcon_meta']
[0.245s] Level 1:colcon.colcon_core.package_identification:_identify(ROS_WS/src/robotarm_path_planning/launch) by extension 'colcon_meta'
[0.245s] Level 1:colcon.colcon_core.package_identification:_identify(ROS_WS/src/robotarm_path_planning/launch) by extensions ['ros']
[0.245s] Level 1:colcon.colcon_core.package_identification:_identify(ROS_WS/src/robotarm_path_planning/launch) by extension 'ros'
[0.245s] Level 1:colcon.colcon_core.package_identification:_identify(ROS_WS/src/robotarm_path_planning/launch) by extensions ['cmake', 'python']
[0.245s] Level 1:colcon.colcon_core.package_identification:_identify(ROS_WS/src/robotarm_path_planning/launch) by extension 'cmake'
[0.245s] Level 1:colcon.colcon_core.package_identification:_identify(ROS_WS/src/robotarm_path_planning/launch) by extension 'python'
[0.245s] Level 1:colcon.colcon_core.package_identification:_identify(ROS_WS/src/robotarm_path_planning/launch) by extensions ['python_setup_py']
[0.245s] Level 1:colcon.colcon_core.package_identification:_identify(ROS_WS/src/robotarm_path_planning/launch) by extension 'python_setup_py'
[0.245s] Level 1:colcon.colcon_core.package_identification:_identify(ROS_WS/src/robotarm_path_planning/launch/__pycache__) by extensions ['ignore', 'ignore_ament_install']
[0.245s] Level 1:colcon.colcon_core.package_identification:_identify(ROS_WS/src/robotarm_path_planning/launch/__pycache__) by extension 'ignore'
[0.245s] Level 1:colcon.colcon_core.package_identification:_identify(ROS_WS/src/robotarm_path_planning/launch/__pycache__) by extension 'ignore_ament_install'
[0.245s] Level 1:colcon.colcon_core.package_identification:_identify(ROS_WS/src/robotarm_path_planning/launch/__pycache__) by extensions ['colcon_pkg']
[0.245s] Level 1:colcon.colcon_core.package_identification:_identify(ROS_WS/src/robotarm_path_planning/launch/__pycache__) by extension 'colcon_pkg'
[0.245s] Level 1:colcon.colcon_core.package_identification:_identify(ROS_WS/src/robotarm_path_planning/launch/__pycache__) by extensions ['colcon_meta']
[0.246s] Level 1:colcon.colcon_core.package_identification:_identify(ROS_WS/src/robotarm_path_planning/launch/__pycache__) by extension 'colcon_meta'
[0.246s] Level 1:colcon.colcon_core.package_identification:_identify(ROS_WS/src/robotarm_path_planning/launch/__pycache__) by extensions ['ros']
[0.246s] Level 1:colcon.colcon_core.package_identification:_identify(ROS_WS/src/robotarm_path_planning/launch/__pycache__) by extension 'ros'
[0.246s] Level 1:colcon.colcon_core.package_identification:_identify(ROS_WS/src/robotarm_path_planning/launch/__pycache__) by extensions ['cmake', 'python']
[0.246s] Level 1:colcon.colcon_core.package_identification:_identify(ROS_WS/src/robotarm_path_planning/launch/__pycache__) by extension 'cmake'
[0.246s] Level 1:colcon.colcon_core.package_identification:_identify(ROS_WS/src/robotarm_path_planning/launch/__pycache__) by extension 'python'
[0.246s] Level 1:colcon.colcon_core.package_identification:_identify(ROS_WS/src/robotarm_path_planning/launch/__pycache__) by extensions ['python_setup_py']
[0.246s] Level 1:colcon.colcon_core.package_identification:_identify(ROS_WS/src/robotarm_path_planning/launch/__pycache__) by extension 'python_setup_py'
[0.246s] Level 1:colcon.colcon_core.package_identification:_identify(ROS_WS/src/robotarm_software) by extensions ['ignore', 'ignore_ament_install']
[0.246s] Level 1:colcon.colcon_core.package_identification:_identify(ROS_WS/src/robotarm_software) by extension 'ignore'
[0.246s] Level 1:colcon.colcon_core.package_identification:_identify(ROS_WS/src/robotarm_software) by extension 'ignore_ament_install'
[0.246s] Level 1:colcon.colcon_core.package_identification:_identify(ROS_WS/src/robotarm_software) by extensions ['colcon_pkg']
[0.246s] Level 1:colcon.colcon_core.package_identification:_identify(ROS_WS/src/robotarm_software) by extension 'colcon_pkg'
[0.246s] Level 1:colcon.colcon_core.package_identification:_identify(ROS_WS/src/robotarm_software) by extensions ['colcon_meta']
[0.246s] Level 1:colcon.colcon_core.package_identification:_identify(ROS_WS/src/robotarm_software) by extension 'colcon_meta'
[0.246s] Level 1:colcon.colcon_core.package_identification:_identify(ROS_WS/src/robotarm_software) by extensions ['ros']
[0.246s] Level 1:colcon.colcon_core.package_identification:_identify(ROS_WS/src/robotarm_software) by extension 'ros'
[0.248s] DEBUG:colcon.colcon_core.package_identification:Package 'ROS_WS/src/robotarm_software' with type 'ros.ament_cmake' and name 'robotarm_software'
[0.248s] Level 1:colcon.colcon_core.package_identification:_identify(build) by extensions ['ignore', 'ignore_ament_install']
[0.248s] Level 1:colcon.colcon_core.package_identification:_identify(build) by extension 'ignore'
[0.248s] Level 1:colcon.colcon_core.package_identification:_identify(build) ignored
[0.248s] Level 1:colcon.colcon_core.package_identification:_identify(evaluation) by extensions ['ignore', 'ignore_ament_install']
[0.248s] Level 1:colcon.colcon_core.package_identification:_identify(evaluation) by extension 'ignore'
[0.248s] Level 1:colcon.colcon_core.package_identification:_identify(evaluation) by extension 'ignore_ament_install'
[0.248s] Level 1:colcon.colcon_core.package_identification:_identify(evaluation) by extensions ['colcon_pkg']
[0.248s] Level 1:colcon.colcon_core.package_identification:_identify(evaluation) by extension 'colcon_pkg'
[0.248s] Level 1:colcon.colcon_core.package_identification:_identify(evaluation) by extensions ['colcon_meta']
[0.248s] Level 1:colcon.colcon_core.package_identification:_identify(evaluation) by extension 'colcon_meta'
[0.248s] Level 1:colcon.colcon_core.package_identification:_identify(evaluation) by extensions ['ros']
[0.248s] Level 1:colcon.colcon_core.package_identification:_identify(evaluation) by extension 'ros'
[0.249s] Level 1:colcon.colcon_core.package_identification:_identify(evaluation) by extensions ['cmake', 'python']
[0.249s] Level 1:colcon.colcon_core.package_identification:_identify(evaluation) by extension 'cmake'
[0.249s] Level 1:colcon.colcon_core.package_identification:_identify(evaluation) by extension 'python'
[0.249s] Level 1:colcon.colcon_core.package_identification:_identify(evaluation) by extensions ['python_setup_py']
[0.249s] Level 1:colcon.colcon_core.package_identification:_identify(evaluation) by extension 'python_setup_py'
[0.249s] Level 1:colcon.colcon_core.package_identification:_identify(evaluation/hotspot_acceleratingLines_controller_velocity_controller_JointGroupVelocityController_20260807_141920_219391) by extensions ['ignore', 'ignore_ament_install']
[0.249s] Level 1:colcon.colcon_core.package_identification:_identify(evaluation/hotspot_acceleratingLines_controller_velocity_controller_JointGroupVelocityController_20260807_141920_219391) by extension 'ignore'
[0.249s] Level 1:colcon.colcon_core.package_identification:_identify(evaluation/hotspot_acceleratingLines_controller_velocity_controller_JointGroupVelocityController_20260807_141920_219391) by extension 'ignore_ament_install'
[0.249s] Level 1:colcon.colcon_core.package_identification:_identify(evaluation/hotspot_acceleratingLines_controller_velocity_controller_JointGroupVelocityController_20260807_141920_219391) by extensions ['colcon_pkg']
[0.249s] Level 1:colcon.colcon_core.package_identification:_identify(evaluation/hotspot_acceleratingLines_controller_velocity_controller_JointGroupVelocityController_20260807_141920_219391) by extension 'colcon_pkg'
[0.249s] Level 1:colcon.colcon_core.package_identification:_identify(evaluation/hotspot_acceleratingLines_controller_velocity_controller_JointGroupVelocityController_20260807_141920_219391) by extensions ['colcon_meta']
[0.249s] Level 1:colcon.colcon_core.package_identification:_identify(evaluation/hotspot_acceleratingLines_controller_velocity_controller_JointGroupVelocityController_20260807_141920_219391) by extension 'colcon_meta'
[0.249s] Level 1:colcon.colcon_core.package_identification:_identify(evaluation/hotspot_acceleratingLines_controller_velocity_controller_JointGroupVelocityController_20260807_141920_219391) by extensions ['ros']
[0.249s] Level 1:colcon.colcon_core.package_identification:_identify(evaluation/hotspot_acceleratingLines_controller_velocity_controller_JointGroupVelocityController_20260807_141920_219391) by extension 'ros'
[0.249s] Level 1:colcon.colcon_core.package_identification:_identify(evaluation/hotspot_acceleratingLines_controller_velocity_controller_JointGroupVelocityController_20260807_141920_219391) by extensions ['cmake', 'python']
[0.249s] Level 1:colcon.colcon_core.package_identification:_identify(evaluation/hotspot_acceleratingLines_controller_velocity_controller_JointGroupVelocityController_20260807_141920_219391) by extension 'cmake'
[0.249s] Level 1:colcon.colcon_core.package_identification:_identify(evaluation/hotspot_acceleratingLines_controller_velocity_controller_JointGroupVelocityController_20260807_141920_219391) by extension 'python'
[0.249s] Level 1:colcon.colcon_core.package_identification:_identify(evaluation/hotspot_acceleratingLines_controller_velocity_controller_JointGroupVelocityController_20260807_141920_219391) by extensions ['python_setup_py']
[0.249s] Level 1:colcon.colcon_core.package_identification:_identify(evaluation/hotspot_acceleratingLines_controller_velocity_controller_JointGroupVelocityController_20260807_141920_219391) by extension 'python_setup_py'
[0.249s] Level 1:colcon.colcon_core.package_identification:_identify(evaluation/hotspot_acceleratingLines_controller_velocity_controller_JointGroupVelocityController_20260807_142147_916001) by extensions ['ignore', 'ignore_ament_install']
[0.250s] Level 1:colcon.colcon_core.package_identification:_identify(evaluation/hotspot_acceleratingLines_controller_velocity_controller_JointGroupVelocityController_20260807_142147_916001) by extension 'ignore'
[0.250s] Level 1:colcon.colcon_core.package_identification:_identify(evaluation/hotspot_acceleratingLines_controller_velocity_controller_JointGroupVelocityController_20260807_142147_916001) by extension 'ignore_ament_install'
[0.250s] Level 1:colcon.colcon_core.package_identification:_identify(evaluation/hotspot_acceleratingLines_controller_velocity_controller_JointGroupVelocityController_20260807_142147_916001) by extensions ['colcon_pkg']
[0.250s] Level 1:colcon.colcon_core.package_identification:_identify(evaluation/hotspot_acceleratingLines_controller_velocity_controller_JointGroupVelocityController_20260807_142147_916001) by extension 'colcon_pkg'
[0.250s] Level 1:colcon.colcon_core.package_identification:_identify(evaluation/hotspot_acceleratingLines_controller_velocity_controller_JointGroupVelocityController_20260807_142147_916001) by extensions ['colcon_meta']
[0.250s] Level 1:colcon.colcon_core.package_identification:_identify(evaluation/hotspot_acceleratingLines_controller_velocity_controller_JointGroupVelocityController_20260807_142147_916001) by extension 'colcon_meta'
[0.250s] Level 1:colcon.colcon_core.package_identification:_identify(evaluation/hotspot_acceleratingLines_controller_velocity_controller_JointGroupVelocityController_20260807_142147_916001) by extensions ['ros']
[0.250s] Level 1:colcon.colcon_core.package_identification:_identify(evaluation/hotspot_acceleratingLines_controller_velocity_controller_JointGroupVelocityController_20260807_142147_916001) by extension 'ros'
[0.250s] Level 1:colcon.colcon_core.package_identification:_identify(evaluation/hotspot_acceleratingLines_controller_velocity_controller_JointGroupVelocityController_20260807_142147_916001) by extensions ['cmake', 'python']
[0.250s] Level 1:colcon.colcon_core.package_identification:_identify(evaluation/hotspot_acceleratingLines_controller_velocity_controller_JointGroupVelocityController_20260807_142147_916001) by extension 'cmake'
[0.250s] Level 1:colcon.colcon_core.package_identification:_identify(evaluation/hotspot_acceleratingLines_controller_velocity_controller_JointGroupVelocityController_20260807_142147_916001) by extension 'python'
[0.250s] Level 1:colcon.colcon_core.package_identification:_identify(evaluation/hotspot_acceleratingLines_controller_velocity_controller_JointGroupVelocityController_20260807_142147_916001) by extensions ['python_setup_py']
[0.250s] Level 1:colcon.colcon_core.package_identification:_identify(evaluation/hotspot_acceleratingLines_controller_velocity_controller_JointGroupVelocityController_20260807_142147_916001) by extension 'python_setup_py'
[0.250s] Level 1:colcon.colcon_core.package_identification:_identify(evaluation/hotspot_lines_controller_velocity_controller_JointGroupVelocityController_20260807_143444_166857) by extensions ['ignore', 'ignore_ament_install']
[0.250s] Level 1:colcon.colcon_core.package_identification:_identify(evaluation/hotspot_lines_controller_velocity_controller_JointGroupVelocityController_20260807_143444_166857) by extension 'ignore'
[0.250s] Level 1:colcon.colcon_core.package_identification:_identify(evaluation/hotspot_lines_controller_velocity_controller_JointGroupVelocityController_20260807_143444_166857) by extension 'ignore_ament_install'
[0.250s] Level 1:colcon.colcon_core.package_identification:_identify(evaluation/hotspot_lines_controller_velocity_controller_JointGroupVelocityController_20260807_143444_166857) by extensions ['colcon_pkg']
[0.250s] Level 1:colcon.colcon_core.package_identification:_identify(evaluation/hotspot_lines_controller_velocity_controller_JointGroupVelocityController_20260807_143444_166857) by extension 'colcon_pkg'
[0.250s] Level 1:colcon.colcon_core.package_identification:_identify(evaluation/hotspot_lines_controller_velocity_controller_JointGroupVelocityController_20260807_143444_166857) by extensions ['colcon_meta']
[0.250s] Level 1:colcon.colcon_core.package_identification:_identify(evaluation/hotspot_lines_controller_velocity_controller_JointGroupVelocityController_20260807_143444_166857) by extension 'colcon_meta'
[0.251s] Level 1:colcon.colcon_core.package_identification:_identify(evaluation/hotspot_lines_controller_velocity_controller_JointGroupVelocityController_20260807_143444_166857) by extensions ['ros']
[0.251s] Level 1:colcon.colcon_core.package_identification:_identify(evaluation/hotspot_lines_controller_velocity_controller_JointGroupVelocityController_20260807_143444_166857) by extension 'ros'
[0.251s] Level 1:colcon.colcon_core.package_identification:_identify(evaluation/hotspot_lines_controller_velocity_controller_JointGroupVelocityController_20260807_143444_166857) by extensions ['cmake', 'python']
[0.251s] Level 1:colcon.colcon_core.package_identification:_identify(evaluation/hotspot_lines_controller_velocity_controller_JointGroupVelocityController_20260807_143444_166857) by extension 'cmake'
[0.251s] Level 1:colcon.colcon_core.package_identification:_identify(evaluation/hotspot_lines_controller_velocity_controller_JointGroupVelocityController_20260807_143444_166857) by extension 'python'
[0.251s] Level 1:colcon.colcon_core.package_identification:_identify(evaluation/hotspot_lines_controller_velocity_controller_JointGroupVelocityController_20260807_143444_166857) by extensions ['python_setup_py']
[0.251s] Level 1:colcon.colcon_core.package_identification:_identify(evaluation/hotspot_lines_controller_velocity_controller_JointGroupVelocityController_20260807_143444_166857) by extension 'python_setup_py'
[0.251s] Level 1:colcon.colcon_core.package_identification:_identify(install) by extensions ['ignore', 'ignore_ament_install']
[0.251s] Level 1:colcon.colcon_core.package_identification:_identify(install) by extension 'ignore'
[0.251s] Level 1:colcon.colcon_core.package_identification:_identify(install) ignored
[0.251s] Level 1:colcon.colcon_core.package_identification:_identify(log) by extensions ['ignore', 'ignore_ament_install']
[0.251s] Level 1:colcon.colcon_core.package_identification:_identify(log) by extension 'ignore'
[0.251s] Level 1:colcon.colcon_core.package_identification:_identify(log) ignored
[0.251s] Level 1:colcon.colcon_core.package_discovery:discover_packages(recursive) using defaults
[0.251s] Level 1:colcon.colcon_core.package_discovery:discover_packages(ignore) discover
[0.251s] Level 1:colcon.colcon_core.package_discovery:discover_packages(ignore) using defaults
[0.251s] Level 1:colcon.colcon_core.package_discovery:discover_packages(path) discover
[0.251s] Level 1:colcon.colcon_core.package_discovery:discover_packages(path) using defaults
[0.277s] Level 5:colcon.colcon_core.verb:set package 'robotarm_fake_hardware' build argument 'cmake_args' from command line to 'None'
[0.277s] Level 5:colcon.colcon_core.verb:set package 'robotarm_fake_hardware' build argument 'cmake_target' from command line to 'None'
[0.277s] Level 5:colcon.colcon_core.verb:set package 'robotarm_fake_hardware' build argument 'cmake_target_skip_unavailable' from command line to 'False'
[0.277s] Level 5:colcon.colcon_core.verb:set package 'robotarm_fake_hardware' build argument 'cmake_clean_cache' from command line to 'False'
[0.277s] Level 5:colcon.colcon_core.verb:set package 'robotarm_fake_hardware' build argument 'cmake_clean_first' from command line to 'False'
[0.277s] Level 5:colcon.colcon_core.verb:set package 'robotarm_fake_hardware' build argument 'cmake_force_configure' from command line to 'False'
[0.277s] Level 5:colcon.colcon_core.verb:set package 'robotarm_fake_hardware' build argument 'ament_cmake_args' from command line to 'None'
[0.277s] Level 5:colcon.colcon_core.verb:set package 'robotarm_fake_hardware' build argument 'catkin_cmake_args' from command line to 'None'
[0.277s] Level 5:colcon.colcon_core.verb:set package 'robotarm_fake_hardware' build argument 'catkin_skip_building_tests' from command line to 'False'
[0.277s] DEBUG:colcon.colcon_core.verb:Building package 'robotarm_fake_hardware' with the following arguments: {'ament_cmake_args': None, 'build_base': '/home/admin/robotarm/build/robotarm_fake_hardware', 'catkin_cmake_args': None, 'catkin_skip_building_tests': False, 'cmake_args': None, 'cmake_clean_cache': False, 'cmake_clean_first': False, 'cmake_force_configure': False, 'cmake_target': None, 'cmake_target_skip_unavailable': False, 'install_base': '/home/admin/robotarm/install/robotarm_fake_hardware', 'merge_install': False, 'path': '/home/admin/robotarm/ROS_WS/src/robotarm_fake_hardware', 'symlink_install': False, 'test_result_base': None}
[0.277s] Level 5:colcon.colcon_core.verb:set package 'robotarm_hardware' build argument 'cmake_args' from command line to 'None'
[0.277s] Level 5:colcon.colcon_core.verb:set package 'robotarm_hardware' build argument 'cmake_target' from command line to 'None'
[0.278s] Level 5:colcon.colcon_core.verb:set package 'robotarm_hardware' build argument 'cmake_target_skip_unavailable' from command line to 'False'
[0.278s] Level 5:colcon.colcon_core.verb:set package 'robotarm_hardware' build argument 'cmake_clean_cache' from command line to 'False'
[0.278s] Level 5:colcon.colcon_core.verb:set package 'robotarm_hardware' build argument 'cmake_clean_first' from command line to 'False'
[0.278s] Level 5:colcon.colcon_core.verb:set package 'robotarm_hardware' build argument 'cmake_force_configure' from command line to 'False'
[0.278s] Level 5:colcon.colcon_core.verb:set package 'robotarm_hardware' build argument 'ament_cmake_args' from command line to 'None'
[0.278s] Level 5:colcon.colcon_core.verb:set package 'robotarm_hardware' build argument 'catkin_cmake_args' from command line to 'None'
[0.278s] Level 5:colcon.colcon_core.verb:set package 'robotarm_hardware' build argument 'catkin_skip_building_tests' from command line to 'False'
[0.278s] DEBUG:colcon.colcon_core.verb:Building package 'robotarm_hardware' with the following arguments: {'ament_cmake_args': None, 'build_base': '/home/admin/robotarm/build/robotarm_hardware', 'catkin_cmake_args': None, 'catkin_skip_building_tests': False, 'cmake_args': None, 'cmake_clean_cache': False, 'cmake_clean_first': False, 'cmake_force_configure': False, 'cmake_target': None, 'cmake_target_skip_unavailable': False, 'install_base': '/home/admin/robotarm/install/robotarm_hardware', 'merge_install': False, 'path': '/home/admin/robotarm/ROS_WS/src/robotarm_hardware', 'symlink_install': False, 'test_result_base': None}
[0.278s] Level 5:colcon.colcon_core.verb:set package 'robotarm_software' build argument 'cmake_args' from command line to 'None'
[0.278s] Level 5:colcon.colcon_core.verb:set package 'robotarm_software' build argument 'cmake_target' from command line to 'None'
[0.278s] Level 5:colcon.colcon_core.verb:set package 'robotarm_software' build argument 'cmake_target_skip_unavailable' from command line to 'False'
[0.278s] Level 5:colcon.colcon_core.verb:set package 'robotarm_software' build argument 'cmake_clean_cache' from command line to 'False'
[0.278s] Level 5:colcon.colcon_core.verb:set package 'robotarm_software' build argument 'cmake_clean_first' from command line to 'False'
[0.278s] Level 5:colcon.colcon_core.verb:set package 'robotarm_software' build argument 'cmake_force_configure' from command line to 'False'
[0.278s] Level 5:colcon.colcon_core.verb:set package 'robotarm_software' build argument 'ament_cmake_args' from command line to 'None'
[0.278s] Level 5:colcon.colcon_core.verb:set package 'robotarm_software' build argument 'catkin_cmake_args' from command line to 'None'
[0.278s] Level 5:colcon.colcon_core.verb:set package 'robotarm_software' build argument 'catkin_skip_building_tests' from command line to 'False'
[0.278s] DEBUG:colcon.colcon_core.verb:Building package 'robotarm_software' with the following arguments: {'ament_cmake_args': None, 'build_base': '/home/admin/robotarm/build/robotarm_software', 'catkin_cmake_args': None, 'catkin_skip_building_tests': False, 'cmake_args': None, 'cmake_clean_cache': False, 'cmake_clean_first': False, 'cmake_force_configure': False, 'cmake_target': None, 'cmake_target_skip_unavailable': False, 'install_base': '/home/admin/robotarm/install/robotarm_software', 'merge_install': False, 'path': '/home/admin/robotarm/ROS_WS/src/robotarm_software', 'symlink_install': False, 'test_result_base': None}
[0.279s] Level 5:colcon.colcon_core.verb:set package 'robotarm_moveit_config' build argument 'cmake_args' from command line to 'None'
[0.279s] Level 5:colcon.colcon_core.verb:set package 'robotarm_moveit_config' build argument 'cmake_target' from command line to 'None'
[0.279s] Level 5:colcon.colcon_core.verb:set package 'robotarm_moveit_config' build argument 'cmake_target_skip_unavailable' from command line to 'False'
[0.279s] Level 5:colcon.colcon_core.verb:set package 'robotarm_moveit_config' build argument 'cmake_clean_cache' from command line to 'False'
[0.279s] Level 5:colcon.colcon_core.verb:set package 'robotarm_moveit_config' build argument 'cmake_clean_first' from command line to 'False'
[0.279s] Level 5:colcon.colcon_core.verb:set package 'robotarm_moveit_config' build argument 'cmake_force_configure' from command line to 'False'
[0.279s] Level 5:colcon.colcon_core.verb:set package 'robotarm_moveit_config' build argument 'ament_cmake_args' from command line to 'None'
[0.279s] Level 5:colcon.colcon_core.verb:set package 'robotarm_moveit_config' build argument 'catkin_cmake_args' from command line to 'None'
[0.279s] Level 5:colcon.colcon_core.verb:set package 'robotarm_moveit_config' build argument 'catkin_skip_building_tests' from command line to 'False'
[0.279s] DEBUG:colcon.colcon_core.verb:Building package 'robotarm_moveit_config' with the following arguments: {'ament_cmake_args': None, 'build_base': '/home/admin/robotarm/build/robotarm_moveit_config', 'catkin_cmake_args': None, 'catkin_skip_building_tests': False, 'cmake_args': None, 'cmake_clean_cache': False, 'cmake_clean_first': False, 'cmake_force_configure': False, 'cmake_target': None, 'cmake_target_skip_unavailable': False, 'install_base': '/home/admin/robotarm/install/robotarm_moveit_config', 'merge_install': False, 'path': '/home/admin/robotarm/ROS_WS/src/robotarm_moveit_config', 'symlink_install': False, 'test_result_base': None}
[0.279s] INFO:colcon.colcon_core.executor:Executing jobs using 'parallel' executor
[0.280s] DEBUG:colcon.colcon_parallel_executor.executor.parallel:run_until_complete
[0.281s] INFO:colcon.colcon_ros.task.ament_cmake.build:Building ROS package in '/home/admin/robotarm/ROS_WS/src/robotarm_hardware' with build type 'ament_cmake'
[0.281s] INFO:colcon.colcon_cmake.task.cmake.build:Building CMake package in '/home/admin/robotarm/ROS_WS/src/robotarm_hardware'
[0.283s] INFO:colcon.colcon_core.plugin_system:Skipping extension 'colcon_core.shell.bat': Not used on non-Windows systems
[0.283s] DEBUG:colcon.colcon_core.shell:Skip shell extension 'dsv' for command environment
[0.291s] INFO:colcon.colcon_ros.task.ament_cmake.build:Building ROS package in '/home/admin/robotarm/ROS_WS/src/robotarm_fake_hardware' with build type 'ament_cmake'
[0.291s] INFO:colcon.colcon_cmake.task.cmake.build:Building CMake package in '/home/admin/robotarm/ROS_WS/src/robotarm_fake_hardware'
[0.291s] DEBUG:colcon.colcon_core.shell:Skip shell extension 'dsv' for command environment
[0.304s] DEBUG:colcon.colcon_core.event_handler.log_command:Invoking command in '/home/admin/robotarm/build/robotarm_hardware': CMAKE_PREFIX_PATH=${CMAKE_PREFIX_PATH}:/home/admin/robotarm/ROS_WS/install/vision_tracker:/opt/ros/jazzy /usr/bin/cmake /home/admin/robotarm/ROS_WS/src/robotarm_hardware -DCMAKE_INSTALL_PREFIX=/home/admin/robotarm/install/robotarm_hardware
[0.310s] DEBUG:colcon.colcon_core.event_handler.log_command:Invoking command in '/home/admin/robotarm/build/robotarm_fake_hardware': CMAKE_PREFIX_PATH=${CMAKE_PREFIX_PATH}:/home/admin/robotarm/ROS_WS/install/vision_tracker:/opt/ros/jazzy /usr/bin/cmake /home/admin/robotarm/ROS_WS/src/robotarm_fake_hardware -DCMAKE_INSTALL_PREFIX=/home/admin/robotarm/install/robotarm_fake_hardware
[1.618s] DEBUG:colcon.colcon_core.event_handler.log_command:Invoked command in '/home/admin/robotarm/build/robotarm_hardware' returned '0': CMAKE_PREFIX_PATH=${CMAKE_PREFIX_PATH}:/home/admin/robotarm/ROS_WS/install/vision_tracker:/opt/ros/jazzy /usr/bin/cmake /home/admin/robotarm/ROS_WS/src/robotarm_hardware -DCMAKE_INSTALL_PREFIX=/home/admin/robotarm/install/robotarm_hardware
[1.621s] DEBUG:colcon.colcon_core.event_handler.log_command:Invoking command in '/home/admin/robotarm/build/robotarm_hardware': CMAKE_PREFIX_PATH=${CMAKE_PREFIX_PATH}:/home/admin/robotarm/ROS_WS/install/vision_tracker:/opt/ros/jazzy /usr/bin/cmake --build /home/admin/robotarm/build/robotarm_hardware -- -j4 -l4
[1.626s] DEBUG:colcon.colcon_core.event_handler.log_command:Invoked command in '/home/admin/robotarm/build/robotarm_fake_hardware' returned '0': CMAKE_PREFIX_PATH=${CMAKE_PREFIX_PATH}:/home/admin/robotarm/ROS_WS/install/vision_tracker:/opt/ros/jazzy /usr/bin/cmake /home/admin/robotarm/ROS_WS/src/robotarm_fake_hardware -DCMAKE_INSTALL_PREFIX=/home/admin/robotarm/install/robotarm_fake_hardware
[1.628s] DEBUG:colcon.colcon_core.event_handler.log_command:Invoking command in '/home/admin/robotarm/build/robotarm_fake_hardware': CMAKE_PREFIX_PATH=${CMAKE_PREFIX_PATH}:/home/admin/robotarm/ROS_WS/install/vision_tracker:/opt/ros/jazzy /usr/bin/cmake --build /home/admin/robotarm/build/robotarm_fake_hardware -- -j4 -l4
[1.751s] DEBUG:colcon.colcon_core.event_handler.log_command:Invoked command in '/home/admin/robotarm/build/robotarm_hardware' returned '0': CMAKE_PREFIX_PATH=${CMAKE_PREFIX_PATH}:/home/admin/robotarm/ROS_WS/install/vision_tracker:/opt/ros/jazzy /usr/bin/cmake --build /home/admin/robotarm/build/robotarm_hardware -- -j4 -l4
[1.769s] DEBUG:colcon.colcon_core.event_handler.log_command:Invoking command in '/home/admin/robotarm/build/robotarm_hardware': CMAKE_PREFIX_PATH=${CMAKE_PREFIX_PATH}:/home/admin/robotarm/ROS_WS/install/vision_tracker:/opt/ros/jazzy /usr/bin/cmake --install /home/admin/robotarm/build/robotarm_hardware
[1.770s] DEBUG:colcon.colcon_core.event_handler.log_command:Invoked command in '/home/admin/robotarm/build/robotarm_fake_hardware' returned '0': CMAKE_PREFIX_PATH=${CMAKE_PREFIX_PATH}:/home/admin/robotarm/ROS_WS/install/vision_tracker:/opt/ros/jazzy /usr/bin/cmake --build /home/admin/robotarm/build/robotarm_fake_hardware -- -j4 -l4
[1.772s] DEBUG:colcon.colcon_core.event_handler.log_command:Invoking command in '/home/admin/robotarm/build/robotarm_fake_hardware': CMAKE_PREFIX_PATH=${CMAKE_PREFIX_PATH}:/home/admin/robotarm/ROS_WS/install/vision_tracker:/opt/ros/jazzy /usr/bin/cmake --install /home/admin/robotarm/build/robotarm_fake_hardware
[1.811s] Level 1:colcon.colcon_core.environment:create_environment_scripts_only(robotarm_hardware)
[1.812s] DEBUG:colcon.colcon_core.event_handler.log_command:Invoked command in '/home/admin/robotarm/build/robotarm_hardware' returned '0': CMAKE_PREFIX_PATH=${CMAKE_PREFIX_PATH}:/home/admin/robotarm/ROS_WS/install/vision_tracker:/opt/ros/jazzy /usr/bin/cmake --install /home/admin/robotarm/build/robotarm_hardware
[1.815s] Level 1:colcon.colcon_core.environment:checking '/home/admin/robotarm/install/robotarm_hardware' for CMake module files
[1.815s] Level 1:colcon.colcon_core.environment:checking '/home/admin/robotarm/install/robotarm_hardware' for CMake config files
[1.816s] Level 1:colcon.colcon_core.shell:create_environment_hook('robotarm_hardware', 'cmake_prefix_path')
[1.816s] INFO:colcon.colcon_core.shell:Creating environment descriptor '/home/admin/robotarm/install/robotarm_hardware/share/robotarm_hardware/hook/cmake_prefix_path.dsv'
[1.816s] INFO:colcon.colcon_core.shell:Creating environment hook '/home/admin/robotarm/install/robotarm_hardware/share/robotarm_hardware/hook/cmake_prefix_path.sh'
[1.818s] Level 1:colcon.colcon_core.environment:checking '/home/admin/robotarm/install/robotarm_hardware/lib'
[1.818s] Level 1:colcon.colcon_core.shell:create_environment_hook('robotarm_hardware', 'ld_library_path_lib')
[1.819s] INFO:colcon.colcon_core.shell:Creating environment descriptor '/home/admin/robotarm/install/robotarm_hardware/share/robotarm_hardware/hook/ld_library_path_lib.dsv'
[1.819s] INFO:colcon.colcon_core.shell:Creating environment hook '/home/admin/robotarm/install/robotarm_hardware/share/robotarm_hardware/hook/ld_library_path_lib.sh'
[1.820s] Level 1:colcon.colcon_core.environment:checking '/home/admin/robotarm/install/robotarm_hardware/bin'
[1.820s] Level 1:colcon.colcon_core.environment:checking '/home/admin/robotarm/install/robotarm_hardware/lib/pkgconfig/robotarm_hardware.pc'
[1.823s] Level 1:colcon.colcon_core.environment:checking '/home/admin/robotarm/install/robotarm_hardware/lib/python3.12/site-packages'
[1.824s] Level 1:colcon.colcon_core.environment:checking '/home/admin/robotarm/install/robotarm_hardware/bin'
[1.824s] INFO:colcon.colcon_core.shell:Creating package descriptor '/home/admin/robotarm/install/robotarm_hardware/share/robotarm_hardware/package.dsv'
[1.825s] INFO:colcon.colcon_core.shell:Creating package script '/home/admin/robotarm/install/robotarm_hardware/share/robotarm_hardware/package.sh'
[1.826s] INFO:colcon.colcon_core.shell:Creating package script '/home/admin/robotarm/install/robotarm_hardware/share/robotarm_hardware/package.bash'
[1.827s] INFO:colcon.colcon_core.shell:Creating package script '/home/admin/robotarm/install/robotarm_hardware/share/robotarm_hardware/package.zsh'
[1.828s] Level 1:colcon.colcon_core.environment:create_file_with_runtime_dependencies(/home/admin/robotarm/install/robotarm_hardware/share/colcon-core/packages/robotarm_hardware)
[1.829s] Level 1:colcon.colcon_core.environment:create_environment_scripts_only(robotarm_hardware)
[1.829s] Level 1:colcon.colcon_core.environment:checking '/home/admin/robotarm/install/robotarm_hardware' for CMake module files
[1.830s] Level 1:colcon.colcon_core.environment:checking '/home/admin/robotarm/install/robotarm_hardware' for CMake config files
[1.830s] Level 1:colcon.colcon_core.shell:create_environment_hook('robotarm_hardware', 'cmake_prefix_path')
[1.830s] INFO:colcon.colcon_core.shell:Creating environment descriptor '/home/admin/robotarm/install/robotarm_hardware/share/robotarm_hardware/hook/cmake_prefix_path.dsv'
[1.831s] INFO:colcon.colcon_core.shell:Creating environment hook '/home/admin/robotarm/install/robotarm_hardware/share/robotarm_hardware/hook/cmake_prefix_path.sh'
[1.832s] Level 1:colcon.colcon_core.environment:checking '/home/admin/robotarm/install/robotarm_hardware/lib'
[1.832s] Level 1:colcon.colcon_core.shell:create_environment_hook('robotarm_hardware', 'ld_library_path_lib')
[1.833s] INFO:colcon.colcon_core.shell:Creating environment descriptor '/home/admin/robotarm/install/robotarm_hardware/share/robotarm_hardware/hook/ld_library_path_lib.dsv'
[1.834s] INFO:colcon.colcon_core.shell:Creating environment hook '/home/admin/robotarm/install/robotarm_hardware/share/robotarm_hardware/hook/ld_library_path_lib.sh'
[1.835s] Level 1:colcon.colcon_core.environment:checking '/home/admin/robotarm/install/robotarm_hardware/bin'
[1.835s] Level 1:colcon.colcon_core.environment:checking '/home/admin/robotarm/install/robotarm_hardware/lib/pkgconfig/robotarm_hardware.pc'
[1.835s] Level 1:colcon.colcon_core.environment:checking '/home/admin/robotarm/install/robotarm_hardware/lib/python3.12/site-packages'
[1.836s] Level 1:colcon.colcon_core.environment:checking '/home/admin/robotarm/install/robotarm_hardware/bin'
[1.836s] INFO:colcon.colcon_core.shell:Creating package descriptor '/home/admin/robotarm/install/robotarm_hardware/share/robotarm_hardware/package.dsv'
[1.837s] INFO:colcon.colcon_core.shell:Creating package script '/home/admin/robotarm/install/robotarm_hardware/share/robotarm_hardware/package.sh'
[1.838s] INFO:colcon.colcon_core.shell:Creating package script '/home/admin/robotarm/install/robotarm_hardware/share/robotarm_hardware/package.bash'
[1.839s] INFO:colcon.colcon_core.shell:Creating package script '/home/admin/robotarm/install/robotarm_hardware/share/robotarm_hardware/package.zsh'
[1.841s] Level 1:colcon.colcon_core.environment:create_file_with_runtime_dependencies(/home/admin/robotarm/install/robotarm_hardware/share/colcon-core/packages/robotarm_hardware)
[1.843s] INFO:colcon.colcon_ros.task.ament_cmake.build:Building ROS package in '/home/admin/robotarm/ROS_WS/src/robotarm_software' with build type 'ament_cmake'
[1.843s] INFO:colcon.colcon_cmake.task.cmake.build:Building CMake package in '/home/admin/robotarm/ROS_WS/src/robotarm_software'
[1.843s] DEBUG:colcon.colcon_core.shell:Skip shell extension 'dsv' for command environment
[1.851s] Level 1:colcon.colcon_core.environment:create_environment_scripts_only(robotarm_fake_hardware)
[1.851s] Level 1:colcon.colcon_core.environment:checking '/home/admin/robotarm/install/robotarm_fake_hardware' for CMake module files
[1.852s] DEBUG:colcon.colcon_core.event_handler.log_command:Invoked command in '/home/admin/robotarm/build/robotarm_fake_hardware' returned '0': CMAKE_PREFIX_PATH=${CMAKE_PREFIX_PATH}:/home/admin/robotarm/ROS_WS/install/vision_tracker:/opt/ros/jazzy /usr/bin/cmake --install /home/admin/robotarm/build/robotarm_fake_hardware
[1.853s] Level 1:colcon.colcon_core.environment:checking '/home/admin/robotarm/install/robotarm_fake_hardware' for CMake config files
[1.853s] Level 1:colcon.colcon_core.shell:create_environment_hook('robotarm_fake_hardware', 'cmake_prefix_path')
[1.854s] INFO:colcon.colcon_core.shell:Creating environment descriptor '/home/admin/robotarm/install/robotarm_fake_hardware/share/robotarm_fake_hardware/hook/cmake_prefix_path.dsv'
[1.854s] INFO:colcon.colcon_core.shell:Creating environment hook '/home/admin/robotarm/install/robotarm_fake_hardware/share/robotarm_fake_hardware/hook/cmake_prefix_path.sh'
[1.855s] Level 1:colcon.colcon_core.environment:checking '/home/admin/robotarm/install/robotarm_fake_hardware/lib'
[1.855s] Level 1:colcon.colcon_core.shell:create_environment_hook('robotarm_fake_hardware', 'ld_library_path_lib')
[1.856s] INFO:colcon.colcon_core.shell:Creating environment descriptor '/home/admin/robotarm/install/robotarm_fake_hardware/share/robotarm_fake_hardware/hook/ld_library_path_lib.dsv'
[1.856s] INFO:colcon.colcon_core.shell:Creating environment hook '/home/admin/robotarm/install/robotarm_fake_hardware/share/robotarm_fake_hardware/hook/ld_library_path_lib.sh'
[1.857s] Level 1:colcon.colcon_core.environment:checking '/home/admin/robotarm/install/robotarm_fake_hardware/bin'
[1.857s] Level 1:colcon.colcon_core.environment:checking '/home/admin/robotarm/install/robotarm_fake_hardware/lib/pkgconfig/robotarm_fake_hardware.pc'
[1.857s] Level 1:colcon.colcon_core.environment:checking '/home/admin/robotarm/install/robotarm_fake_hardware/lib/python3.12/site-packages'
[1.858s] Level 1:colcon.colcon_core.environment:checking '/home/admin/robotarm/install/robotarm_fake_hardware/bin'
[1.858s] INFO:colcon.colcon_core.shell:Creating package descriptor '/home/admin/robotarm/install/robotarm_fake_hardware/share/robotarm_fake_hardware/package.dsv'
[1.859s] INFO:colcon.colcon_core.shell:Creating package script '/home/admin/robotarm/install/robotarm_fake_hardware/share/robotarm_fake_hardware/package.sh'
[1.859s] INFO:colcon.colcon_core.shell:Creating package script '/home/admin/robotarm/install/robotarm_fake_hardware/share/robotarm_fake_hardware/package.bash'
[1.860s] INFO:colcon.colcon_core.shell:Creating package script '/home/admin/robotarm/install/robotarm_fake_hardware/share/robotarm_fake_hardware/package.zsh'
[1.862s] Level 1:colcon.colcon_core.environment:create_file_with_runtime_dependencies(/home/admin/robotarm/install/robotarm_fake_hardware/share/colcon-core/packages/robotarm_fake_hardware)
[1.863s] Level 1:colcon.colcon_core.environment:create_environment_scripts_only(robotarm_fake_hardware)
[1.864s] Level 1:colcon.colcon_core.environment:checking '/home/admin/robotarm/install/robotarm_fake_hardware' for CMake module files
[1.864s] Level 1:colcon.colcon_core.environment:checking '/home/admin/robotarm/install/robotarm_fake_hardware' for CMake config files
[1.865s] Level 1:colcon.colcon_core.shell:create_environment_hook('robotarm_fake_hardware', 'cmake_prefix_path')
[1.865s] INFO:colcon.colcon_core.shell:Creating environment descriptor '/home/admin/robotarm/install/robotarm_fake_hardware/share/robotarm_fake_hardware/hook/cmake_prefix_path.dsv'
[1.865s] INFO:colcon.colcon_core.shell:Creating environment hook '/home/admin/robotarm/install/robotarm_fake_hardware/share/robotarm_fake_hardware/hook/cmake_prefix_path.sh'
[1.867s] Level 1:colcon.colcon_core.environment:checking '/home/admin/robotarm/install/robotarm_fake_hardware/lib'
[1.867s] Level 1:colcon.colcon_core.shell:create_environment_hook('robotarm_fake_hardware', 'ld_library_path_lib')
[1.867s] INFO:colcon.colcon_core.shell:Creating environment descriptor '/home/admin/robotarm/install/robotarm_fake_hardware/share/robotarm_fake_hardware/hook/ld_library_path_lib.dsv'
[1.868s] INFO:colcon.colcon_core.shell:Creating environment hook '/home/admin/robotarm/install/robotarm_fake_hardware/share/robotarm_fake_hardware/hook/ld_library_path_lib.sh'
[1.869s] Level 1:colcon.colcon_core.environment:checking '/home/admin/robotarm/install/robotarm_fake_hardware/bin'
[1.869s] Level 1:colcon.colcon_core.environment:checking '/home/admin/robotarm/install/robotarm_fake_hardware/lib/pkgconfig/robotarm_fake_hardware.pc'
[1.870s] Level 1:colcon.colcon_core.environment:checking '/home/admin/robotarm/install/robotarm_fake_hardware/lib/python3.12/site-packages'
[1.870s] Level 1:colcon.colcon_core.environment:checking '/home/admin/robotarm/install/robotarm_fake_hardware/bin'
[1.870s] INFO:colcon.colcon_core.shell:Creating package descriptor '/home/admin/robotarm/install/robotarm_fake_hardware/share/robotarm_fake_hardware/package.dsv'
[1.871s] INFO:colcon.colcon_core.shell:Creating package script '/home/admin/robotarm/install/robotarm_fake_hardware/share/robotarm_fake_hardware/package.sh'
[1.873s] INFO:colcon.colcon_core.shell:Creating package script '/home/admin/robotarm/install/robotarm_fake_hardware/share/robotarm_fake_hardware/package.bash'
[1.874s] INFO:colcon.colcon_core.shell:Creating package script '/home/admin/robotarm/install/robotarm_fake_hardware/share/robotarm_fake_hardware/package.zsh'
[1.875s] Level 1:colcon.colcon_core.environment:create_file_with_runtime_dependencies(/home/admin/robotarm/install/robotarm_fake_hardware/share/colcon-core/packages/robotarm_fake_hardware)
[1.882s] DEBUG:colcon.colcon_core.event_handler.log_command:Invoking command in '/home/admin/robotarm/build/robotarm_software': CMAKE_PREFIX_PATH=/home/admin/robotarm/install/robotarm_hardware:/home/admin/robotarm/install/robotarm_moveit_config:/home/admin/robotarm/install/robotarm_software:/home/admin/robotarm/install/robotarm_fake_hardware:/home/admin/robotarm/ROS_WS/install/robotarm_path_planning:/home/admin/robotarm/ROS_WS/install/robotarm_moveit_config:/home/admin/robotarm/ROS_WS/install/robotarm_software:/home/admin/robotarm/ROS_WS/install/robotarm_hardware:/home/admin/robotarm/ROS_WS/install/robotarm_fake_hardware:/home/admin/robotarm/ROS_WS/install/robot_moveit_config:/home/admin/robotarm/ROS_WS/install/point_motion:/home/admin/robotarm/ROS_WS/install/moveit_3dof:/home/admin/robotarm/ROS_WS/install/adi_tmcm_bb4:/home/admin/robotarm/ROS_WS/install/adi_robotarm_moveit_config:/home/admin/robotarm/ROS_WS/install/adi_robotarm:/home/admin/robotarm/ROS_WS/install/adi_4dof_ik:/home/admin/robotarm/ROS_WS/install/adi_4dof_ik_kinematics_plugin:/home/admin/robotarm/ROS_WS/install/adi_4dof_endeffector_xyz:/opt/ros/jazzy/opt/sdformat_vendor:/opt/ros/jazzy/opt/gz_math_vendor:/opt/ros/jazzy/opt/gz_utils_vendor:/opt/ros/jazzy/opt/gz_tools_vendor:/opt/ros/jazzy/opt/gz_cmake_vendor:/home/admin/robotarm/ROS_WS/install/vision_tracker:/opt/ros/jazzy /usr/bin/cmake /home/admin/robotarm/ROS_WS/src/robotarm_software -DCMAKE_INSTALL_PREFIX=/home/admin/robotarm/install/robotarm_software
[3.896s] DEBUG:colcon.colcon_core.event_handler.log_command:Invoked command in '/home/admin/robotarm/build/robotarm_software' returned '0': CMAKE_PREFIX_PATH=/home/admin/robotarm/install/robotarm_hardware:/home/admin/robotarm/install/robotarm_moveit_config:/home/admin/robotarm/install/robotarm_software:/home/admin/robotarm/install/robotarm_fake_hardware:/home/admin/robotarm/ROS_WS/install/robotarm_path_planning:/home/admin/robotarm/ROS_WS/install/robotarm_moveit_config:/home/admin/robotarm/ROS_WS/install/robotarm_software:/home/admin/robotarm/ROS_WS/install/robotarm_hardware:/home/admin/robotarm/ROS_WS/install/robotarm_fake_hardware:/home/admin/robotarm/ROS_WS/install/robot_moveit_config:/home/admin/robotarm/ROS_WS/install/point_motion:/home/admin/robotarm/ROS_WS/install/moveit_3dof:/home/admin/robotarm/ROS_WS/install/adi_tmcm_bb4:/home/admin/robotarm/ROS_WS/install/adi_robotarm_moveit_config:/home/admin/robotarm/ROS_WS/install/adi_robotarm:/home/admin/robotarm/ROS_WS/install/adi_4dof_ik:/home/admin/robotarm/ROS_WS/install/adi_4dof_ik_kinematics_plugin:/home/admin/robotarm/ROS_WS/install/adi_4dof_endeffector_xyz:/opt/ros/jazzy/opt/sdformat_vendor:/opt/ros/jazzy/opt/gz_math_vendor:/opt/ros/jazzy/opt/gz_utils_vendor:/opt/ros/jazzy/opt/gz_tools_vendor:/opt/ros/jazzy/opt/gz_cmake_vendor:/home/admin/robotarm/ROS_WS/install/vision_tracker:/opt/ros/jazzy /usr/bin/cmake /home/admin/robotarm/ROS_WS/src/robotarm_software -DCMAKE_INSTALL_PREFIX=/home/admin/robotarm/install/robotarm_software
[3.898s] DEBUG:colcon.colcon_core.event_handler.log_command:Invoking command in '/home/admin/robotarm/build/robotarm_software': CMAKE_PREFIX_PATH=/home/admin/robotarm/install/robotarm_hardware:/home/admin/robotarm/install/robotarm_moveit_config:/home/admin/robotarm/install/robotarm_software:/home/admin/robotarm/install/robotarm_fake_hardware:/home/admin/robotarm/ROS_WS/install/robotarm_path_planning:/home/admin/robotarm/ROS_WS/install/robotarm_moveit_config:/home/admin/robotarm/ROS_WS/install/robotarm_software:/home/admin/robotarm/ROS_WS/install/robotarm_hardware:/home/admin/robotarm/ROS_WS/install/robotarm_fake_hardware:/home/admin/robotarm/ROS_WS/install/robot_moveit_config:/home/admin/robotarm/ROS_WS/install/point_motion:/home/admin/robotarm/ROS_WS/install/moveit_3dof:/home/admin/robotarm/ROS_WS/install/adi_tmcm_bb4:/home/admin/robotarm/ROS_WS/install/adi_robotarm_moveit_config:/home/admin/robotarm/ROS_WS/install/adi_robotarm:/home/admin/robotarm/ROS_WS/install/adi_4dof_ik:/home/admin/robotarm/ROS_WS/install/adi_4dof_ik_kinematics_plugin:/home/admin/robotarm/ROS_WS/install/adi_4dof_endeffector_xyz:/opt/ros/jazzy/opt/sdformat_vendor:/opt/ros/jazzy/opt/gz_math_vendor:/opt/ros/jazzy/opt/gz_utils_vendor:/opt/ros/jazzy/opt/gz_tools_vendor:/opt/ros/jazzy/opt/gz_cmake_vendor:/home/admin/robotarm/ROS_WS/install/vision_tracker:/opt/ros/jazzy /usr/bin/cmake --build /home/admin/robotarm/build/robotarm_software -- -j4 -l4
[4.019s] DEBUG:colcon.colcon_core.event_handler.log_command:Invoked command in '/home/admin/robotarm/build/robotarm_software' returned '2': CMAKE_PREFIX_PATH=/home/admin/robotarm/install/robotarm_hardware:/home/admin/robotarm/install/robotarm_moveit_config:/home/admin/robotarm/install/robotarm_software:/home/admin/robotarm/install/robotarm_fake_hardware:/home/admin/robotarm/ROS_WS/install/robotarm_path_planning:/home/admin/robotarm/ROS_WS/install/robotarm_moveit_config:/home/admin/robotarm/ROS_WS/install/robotarm_software:/home/admin/robotarm/ROS_WS/install/robotarm_hardware:/home/admin/robotarm/ROS_WS/install/robotarm_fake_hardware:/home/admin/robotarm/ROS_WS/install/robot_moveit_config:/home/admin/robotarm/ROS_WS/install/point_motion:/home/admin/robotarm/ROS_WS/install/moveit_3dof:/home/admin/robotarm/ROS_WS/install/adi_tmcm_bb4:/home/admin/robotarm/ROS_WS/install/adi_robotarm_moveit_config:/home/admin/robotarm/ROS_WS/install/adi_robotarm:/home/admin/robotarm/ROS_WS/install/adi_4dof_ik:/home/admin/robotarm/ROS_WS/install/adi_4dof_ik_kinematics_plugin:/home/admin/robotarm/ROS_WS/install/adi_4dof_endeffector_xyz:/opt/ros/jazzy/opt/sdformat_vendor:/opt/ros/jazzy/opt/gz_math_vendor:/opt/ros/jazzy/opt/gz_utils_vendor:/opt/ros/jazzy/opt/gz_tools_vendor:/opt/ros/jazzy/opt/gz_cmake_vendor:/home/admin/robotarm/ROS_WS/install/vision_tracker:/opt/ros/jazzy /usr/bin/cmake --build /home/admin/robotarm/build/robotarm_software -- -j4 -l4
[4.020s] Level 1:colcon.colcon_core.environment:create_environment_scripts_only(robotarm_software)
[4.020s] Level 1:colcon.colcon_core.environment:checking '/home/admin/robotarm/install/robotarm_software' for CMake module files
[4.021s] Level 1:colcon.colcon_core.environment:checking '/home/admin/robotarm/install/robotarm_software' for CMake config files
[4.021s] Level 1:colcon.colcon_core.shell:create_environment_hook('robotarm_software', 'cmake_prefix_path')
[4.021s] INFO:colcon.colcon_core.shell:Creating environment descriptor '/home/admin/robotarm/install/robotarm_software/share/robotarm_software/hook/cmake_prefix_path.dsv'
[4.022s] INFO:colcon.colcon_core.shell:Creating environment hook '/home/admin/robotarm/install/robotarm_software/share/robotarm_software/hook/cmake_prefix_path.sh'
[4.023s] Level 1:colcon.colcon_core.environment:checking '/home/admin/robotarm/install/robotarm_software/lib'
[4.023s] Level 1:colcon.colcon_core.environment:checking '/home/admin/robotarm/install/robotarm_software/bin'
[4.023s] Level 1:colcon.colcon_core.environment:checking '/home/admin/robotarm/install/robotarm_software/lib/pkgconfig/robotarm_software.pc'
[4.024s] Level 1:colcon.colcon_core.environment:checking '/home/admin/robotarm/install/robotarm_software/lib/python3.12/site-packages'
[4.024s] Level 1:colcon.colcon_core.shell:create_environment_hook('robotarm_software', 'pythonpath')
[4.024s] INFO:colcon.colcon_core.shell:Creating environment descriptor '/home/admin/robotarm/install/robotarm_software/share/robotarm_software/hook/pythonpath.dsv'
[4.024s] INFO:colcon.colcon_core.shell:Creating environment hook '/home/admin/robotarm/install/robotarm_software/share/robotarm_software/hook/pythonpath.sh'
[4.026s] Level 1:colcon.colcon_core.environment:checking '/home/admin/robotarm/install/robotarm_software/bin'
[4.026s] INFO:colcon.colcon_core.shell:Creating package descriptor '/home/admin/robotarm/install/robotarm_software/share/robotarm_software/package.dsv'
[4.026s] INFO:colcon.colcon_core.shell:Creating package script '/home/admin/robotarm/install/robotarm_software/share/robotarm_software/package.sh'
[4.027s] INFO:colcon.colcon_core.shell:Creating package script '/home/admin/robotarm/install/robotarm_software/share/robotarm_software/package.bash'
[4.028s] INFO:colcon.colcon_core.shell:Creating package script '/home/admin/robotarm/install/robotarm_software/share/robotarm_software/package.zsh'
[4.029s] Level 1:colcon.colcon_core.environment:create_file_with_runtime_dependencies(/home/admin/robotarm/install/robotarm_software/share/colcon-core/packages/robotarm_software)
[4.040s] DEBUG:colcon.colcon_parallel_executor.executor.parallel:closing loop
[4.040s] DEBUG:colcon.colcon_parallel_executor.executor.parallel:loop closed
[4.040s] DEBUG:colcon.colcon_parallel_executor.executor.parallel:run_until_complete finished with '2'
[4.040s] DEBUG:colcon.colcon_core.event_reactor:joining thread
[4.041s] DEBUG:colcon.colcon_core.event_reactor:joined thread
[4.041s] INFO:colcon.colcon_core.shell:Creating prefix script '/home/admin/robotarm/install/local_setup.sh'
[4.042s] INFO:colcon.colcon_core.shell:Creating prefix util module '/home/admin/robotarm/install/_local_setup_util_sh.py'
[4.044s] INFO:colcon.colcon_core.shell:Creating prefix chain script '/home/admin/robotarm/install/setup.sh'
[4.047s] INFO:colcon.colcon_core.shell:Creating prefix script '/home/admin/robotarm/install/local_setup.bash'
[4.048s] INFO:colcon.colcon_core.shell:Creating prefix chain script '/home/admin/robotarm/install/setup.bash'
[4.051s] INFO:colcon.colcon_core.shell:Creating prefix script '/home/admin/robotarm/install/local_setup.zsh'
[4.052s] INFO:colcon.colcon_core.shell:Creating prefix chain script '/home/admin/robotarm/install/setup.zsh'
