-- Found ament_cmake: 2.5.6 (/opt/ros/jazzy/share/ament_cmake/cmake)
-- Override CMake install command with custom implementation using symlinks instead of copying resources
-- Found hardware_interface: 4.44.0 (/opt/ros/jazzy/share/hardware_interface/cmake)
-- Found rosidl_generator_c: 4.6.7 (/opt/ros/jazzy/share/rosidl_generator_c/cmake)
-- Found rosidl_generator_cpp: 4.6.7 (/opt/ros/jazzy/share/rosidl_generator_cpp/cmake)
-- Using all available rosidl_typesupport_c: rosidl_typesupport_fastrtps_c;rosidl_typesupport_introspection_c
-- Using all available rosidl_typesupport_cpp: rosidl_typesupport_fastrtps_cpp;rosidl_typesupport_introspection_cpp
-- Found TinyXML2 via Config file: /usr/lib/aarch64-linux-gnu/cmake/tinyxml2
-- Found rmw_implementation_cmake: 7.3.3 (/opt/ros/jazzy/share/rmw_implementation_cmake/cmake)
-- Found rmw_fastrtps_cpp: 8.4.3 (/opt/ros/jazzy/share/rmw_fastrtps_cpp/cmake)
-- Found TinyXML2 via Config file: /usr/lib/aarch64-linux-gnu/cmake/tinyxml2
-- Found TinyXML2 via Config file: /usr/lib/aarch64-linux-gnu/cmake/tinyxml2
-- Found TinyXML2 via Config file: /usr/lib/aarch64-linux-gnu/cmake/tinyxml2
-- Found TinyXML2 via Config file: /usr/lib/aarch64-linux-gnu/cmake/tinyxml2
-- Using RMW implementation 'rmw_fastrtps_cpp' as default
-- Configuring done (1.2s)
-- Generating done (0.0s)
-- Build files have been written to: /home/admin/robotarm/build/robotarm_hardware
[ 50%] [32m[1mLinking CXX shared library librobotarm_hardware.so[0m
[100%] Built target robotarm_hardware
-- Install configuration: ""
-- Execute custom install script
-- Symlinking: /home/admin/robotarm/install/robotarm_hardware/share/robotarm_hardware//robotarm_hardware.xml
-- Symlinking: /home/admin/robotarm/install/robotarm_hardware/lib/librobotarm_hardware.so
-- Symlinking: /home/admin/robotarm/install/robotarm_hardware/include/robotarm_hardware/robotarm_system.hpp
-- Up-to-date symlink: /home/admin/robotarm/install/robotarm_hardware/share/robotarm_hardware/robotarm_hardware.xml
-- Symlinking: /home/admin/robotarm/install/robotarm_hardware/share/ament_index/resource_index/package_run_dependencies/robotarm_hardware
-- Symlinking: /home/admin/robotarm/install/robotarm_hardware/share/ament_index/resource_index/parent_prefix_path/robotarm_hardware
-- Symlinking: /home/admin/robotarm/install/robotarm_hardware/share/robotarm_hardware/environment/ament_prefix_path.sh
-- Symlinking: /home/admin/robotarm/install/robotarm_hardware/share/robotarm_hardware/environment/ament_prefix_path.dsv
-- Symlinking: /home/admin/robotarm/install/robotarm_hardware/share/robotarm_hardware/environment/path.sh
-- Symlinking: /home/admin/robotarm/install/robotarm_hardware/share/robotarm_hardware/environment/path.dsv
-- Symlinking: /home/admin/robotarm/install/robotarm_hardware/share/robotarm_hardware/local_setup.bash
-- Symlinking: /home/admin/robotarm/install/robotarm_hardware/share/robotarm_hardware/local_setup.sh
-- Symlinking: /home/admin/robotarm/install/robotarm_hardware/share/robotarm_hardware/local_setup.zsh
-- Symlinking: /home/admin/robotarm/install/robotarm_hardware/share/robotarm_hardware/local_setup.dsv
-- Symlinking: /home/admin/robotarm/install/robotarm_hardware/share/robotarm_hardware/package.dsv
-- Symlinking: /home/admin/robotarm/install/robotarm_hardware/share/ament_index/resource_index/packages/robotarm_hardware
-- Symlinking: /home/admin/robotarm/install/robotarm_hardware/share/ament_index/resource_index/hardware_interface__pluginlib__plugin/robotarm_hardware
-- Symlinking: /home/admin/robotarm/install/robotarm_hardware/share/robotarm_hardware/cmake/robotarm_hardwareConfig.cmake
-- Symlinking: /home/admin/robotarm/install/robotarm_hardware/share/robotarm_hardware/cmake/robotarm_hardwareConfig-version.cmake
-- Symlinking: /home/admin/robotarm/install/robotarm_hardware/share/robotarm_hardware/package.xml
