[0.135s] DEBUG:colcon:Command line arguments: ['/usr/bin/colcon', 'build']
[0.135s] DEBUG:colcon:Parsed command line arguments: Namespace(log_base=None, log_level=None, verb_name='build', build_base='build', install_base='install', merge_install=False, symlink_install=False, test_result_base=None, continue_on_error=False, executor='parallel', parallel_workers=4, event_handlers=None, ignore_user_meta=False, metas=['./colcon.meta'], base_paths=['.'], packages_ignore=None, packages_ignore_regex=None, paths=None, packages_up_to=None, packages_up_to_regex=None, packages_above=None, packages_above_and_dependencies=None, packages_above_depth=None, packages_select_by_dep=None, packages_skip_by_dep=None, packages_skip_up_to=None, packages_select_build_failed=False, packages_skip_build_finished=False, packages_select_test_failures=False, packages_skip_test_passed=False, packages_select=None, packages_skip=None, packages_select_regex=None, packages_skip_regex=None, packages_start=None, packages_end=None, cmake_args=None, cmake_target=None, cmake_target_skip_unavailable=False, cmake_clean_cache=False, cmake_clean_first=False, cmake_force_configure=False, ament_cmake_args=None, catkin_cmake_args=None, catkin_skip_building_tests=False, verb_parser=<colcon_defaults.argument_parser.defaults.DefaultArgumentsDecorator object at 0xffffad657080>, verb_extension=<colcon_core.verb.build.BuildVerb object at 0xffffad577290>, main=<bound method BuildVerb.main of <colcon_core.verb.build.BuildVerb object at 0xffffad577290>>)
[0.190s] Level 1:colcon.colcon_core.package_discovery:discover_packages(colcon_meta) check parameters
[0.190s] Level 1:colcon.colcon_core.package_discovery:discover_packages(recursive) check parameters
[0.190s] Level 1:colcon.colcon_core.package_discovery:discover_packages(ignore) check parameters
[0.190s] Level 1:colcon.colcon_core.package_discovery:discover_packages(path) check parameters
[0.191s] Level 1:colcon.colcon_core.package_discovery:discover_packages(colcon_meta) discover
[0.191s] Level 1:colcon.colcon_core.package_discovery:discover_packages(recursive) discover
[0.191s] INFO:colcon.colcon_core.package_discovery:Crawling recursively for packages in '/home/admin/robotarm'
[0.191s] Level 1:colcon.colcon_core.package_identification:_identify(.) by extensions ['ignore', 'ignore_ament_install']
[0.191s] Level 1:colcon.colcon_core.package_identification:_identify(.) by extension 'ignore'
[0.191s] Level 1:colcon.colcon_core.package_identification:_identify(.) by extension 'ignore_ament_install'
[0.191s] Level 1:colcon.colcon_core.package_identification:_identify(.) by extensions ['colcon_pkg']
[0.191s] Level 1:colcon.colcon_core.package_identification:_identify(.) by extension 'colcon_pkg'
[0.191s] Level 1:colcon.colcon_core.package_identification:_identify(.) by extensions ['colcon_meta']
[0.191s] Level 1:colcon.colcon_core.package_identification:_identify(.) by extension 'colcon_meta'
[0.191s] Level 1:colcon.colcon_core.package_identification:_identify(.) by extensions ['ros']
[0.191s] Level 1:colcon.colcon_core.package_identification:_identify(.) by extension 'ros'
[0.227s] Level 1:colcon.colcon_core.package_identification:_identify(.) by extensions ['cmake', 'python']
[0.228s] Level 1:colcon.colcon_core.package_identification:_identify(.) by extension 'cmake'
[0.228s] Level 1:colcon.colcon_core.package_identification:_identify(.) by extension 'python'
[0.228s] Level 1:colcon.colcon_core.package_identification:_identify(.) by extensions ['python_setup_py']
[0.228s] Level 1:colcon.colcon_core.package_identification:_identify(.) by extension 'python_setup_py'
[0.228s] Level 1:colcon.colcon_core.package_identification:_identify(LICENSES) by extensions ['ignore', 'ignore_ament_install']
[0.228s] Level 1:colcon.colcon_core.package_identification:_identify(LICENSES) by extension 'ignore'
[0.228s] Level 1:colcon.colcon_core.package_identification:_identify(LICENSES) by extension 'ignore_ament_install'
[0.228s] Level 1:colcon.colcon_core.package_identification:_identify(LICENSES) by extensions ['colcon_pkg']
[0.228s] Level 1:colcon.colcon_core.package_identification:_identify(LICENSES) by extension 'colcon_pkg'
[0.228s] Level 1:colcon.colcon_core.package_identification:_identify(LICENSES) by extensions ['colcon_meta']
[0.228s] Level 1:colcon.colcon_core.package_identification:_identify(LICENSES) by extension 'colcon_meta'
[0.228s] Level 1:colcon.colcon_core.package_identification:_identify(LICENSES) by extensions ['ros']
[0.228s] Level 1:colcon.colcon_core.package_identification:_identify(LICENSES) by extension 'ros'
[0.229s] Level 1:colcon.colcon_core.package_identification:_identify(LICENSES) by extensions ['cmake', 'python']
[0.229s] Level 1:colcon.colcon_core.package_identification:_identify(LICENSES) by extension 'cmake'
[0.229s] Level 1:colcon.colcon_core.package_identification:_identify(LICENSES) by extension 'python'
[0.229s] Level 1:colcon.colcon_core.package_identification:_identify(LICENSES) by extensions ['python_setup_py']
[0.229s] Level 1:colcon.colcon_core.package_identification:_identify(LICENSES) by extension 'python_setup_py'
[0.229s] Level 1:colcon.colcon_core.package_identification:_identify(LICENSES/preferred) by extensions ['ignore', 'ignore_ament_install']
[0.229s] Level 1:colcon.colcon_core.package_identification:_identify(LICENSES/preferred) by extension 'ignore'
[0.229s] Level 1:colcon.colcon_core.package_identification:_identify(LICENSES/preferred) by extension 'ignore_ament_install'
[0.229s] Level 1:colcon.colcon_core.package_identification:_identify(LICENSES/preferred) by extensions ['colcon_pkg']
[0.229s] Level 1:colcon.colcon_core.package_identification:_identify(LICENSES/preferred) by extension 'colcon_pkg'
[0.229s] Level 1:colcon.colcon_core.package_identification:_identify(LICENSES/preferred) by extensions ['colcon_meta']
[0.229s] Level 1:colcon.colcon_core.package_identification:_identify(LICENSES/preferred) by extension 'colcon_meta'
[0.229s] Level 1:colcon.colcon_core.package_identification:_identify(LICENSES/preferred) by extensions ['ros']
[0.229s] Level 1:colcon.colcon_core.package_identification:_identify(LICENSES/preferred) by extension 'ros'
[0.229s] Level 1:colcon.colcon_core.package_identification:_identify(LICENSES/preferred) by extensions ['cmake', 'python']
[0.229s] Level 1:colcon.colcon_core.package_identification:_identify(LICENSES/preferred) by extension 'cmake'
[0.229s] Level 1:colcon.colcon_core.package_identification:_identify(LICENSES/preferred) by extension 'python'
[0.229s] Level 1:colcon.colcon_core.package_identification:_identify(LICENSES/preferred) by extensions ['python_setup_py']
[0.229s] Level 1:colcon.colcon_core.package_identification:_identify(LICENSES/preferred) by extension 'python_setup_py'
[0.229s] Level 1:colcon.colcon_core.package_identification:_identify(ROS_WS) by extensions ['ignore', 'ignore_ament_install']
[0.230s] Level 1:colcon.colcon_core.package_identification:_identify(ROS_WS) by extension 'ignore'
[0.230s] Level 1:colcon.colcon_core.package_identification:_identify(ROS_WS) by extension 'ignore_ament_install'
[0.230s] Level 1:colcon.colcon_core.package_identification:_identify(ROS_WS) by extensions ['colcon_pkg']
[0.230s] Level 1:colcon.colcon_core.package_identification:_identify(ROS_WS) by extension 'colcon_pkg'
[0.230s] Level 1:colcon.colcon_core.package_identification:_identify(ROS_WS) by extensions ['colcon_meta']
[0.230s] Level 1:colcon.colcon_core.package_identification:_identify(ROS_WS) by extension 'colcon_meta'
[0.230s] Level 1:colcon.colcon_core.package_identification:_identify(ROS_WS) by extensions ['ros']
[0.230s] Level 1:colcon.colcon_core.package_identification:_identify(ROS_WS) by extension 'ros'
[0.230s] Level 1:colcon.colcon_core.package_identification:_identify(ROS_WS) by extensions ['cmake', 'python']
[0.230s] Level 1:colcon.colcon_core.package_identification:_identify(ROS_WS) by extension 'cmake'
[0.230s] Level 1:colcon.colcon_core.package_identification:_identify(ROS_WS) by extension 'python'
[0.230s] Level 1:colcon.colcon_core.package_identification:_identify(ROS_WS) by extensions ['python_setup_py']
[0.230s] Level 1:colcon.colcon_core.package_identification:_identify(ROS_WS) by extension 'python_setup_py'
[0.230s] Level 1:colcon.colcon_core.package_identification:_identify(ROS_WS/build) by extensions ['ignore', 'ignore_ament_install']
[0.230s] Level 1:colcon.colcon_core.package_identification:_identify(ROS_WS/build) by extension 'ignore'
[0.230s] Level 1:colcon.colcon_core.package_identification:_identify(ROS_WS/build) ignored
[0.230s] Level 1:colcon.colcon_core.package_identification:_identify(ROS_WS/install) by extensions ['ignore', 'ignore_ament_install']
[0.231s] Level 1:colcon.colcon_core.package_identification:_identify(ROS_WS/install) by extension 'ignore'
[0.231s] Level 1:colcon.colcon_core.package_identification:_identify(ROS_WS/install) ignored
[0.231s] Level 1:colcon.colcon_core.package_identification:_identify(ROS_WS/log) by extensions ['ignore', 'ignore_ament_install']
[0.231s] Level 1:colcon.colcon_core.package_identification:_identify(ROS_WS/log) by extension 'ignore'
[0.231s] Level 1:colcon.colcon_core.package_identification:_identify(ROS_WS/log) ignored
[0.231s] Level 1:colcon.colcon_core.package_identification:_identify(ROS_WS/src) by extensions ['ignore', 'ignore_ament_install']
[0.231s] Level 1:colcon.colcon_core.package_identification:_identify(ROS_WS/src) by extension 'ignore'
[0.231s] Level 1:colcon.colcon_core.package_identification:_identify(ROS_WS/src) by extension 'ignore_ament_install'
[0.231s] Level 1:colcon.colcon_core.package_identification:_identify(ROS_WS/src) by extensions ['colcon_pkg']
[0.231s] Level 1:colcon.colcon_core.package_identification:_identify(ROS_WS/src) by extension 'colcon_pkg'
[0.231s] Level 1:colcon.colcon_core.package_identification:_identify(ROS_WS/src) by extensions ['colcon_meta']
[0.231s] Level 1:colcon.colcon_core.package_identification:_identify(ROS_WS/src) by extension 'colcon_meta'
[0.231s] Level 1:colcon.colcon_core.package_identification:_identify(ROS_WS/src) by extensions ['ros']
[0.231s] Level 1:colcon.colcon_core.package_identification:_identify(ROS_WS/src) by extension 'ros'
[0.231s] Level 1:colcon.colcon_core.package_identification:_identify(ROS_WS/src) by extensions ['cmake', 'python']
[0.232s] Level 1:colcon.colcon_core.package_identification:_identify(ROS_WS/src) by extension 'cmake'
[0.232s] Level 1:colcon.colcon_core.package_identification:_identify(ROS_WS/src) by extension 'python'
[0.232s] Level 1:colcon.colcon_core.package_identification:_identify(ROS_WS/src) by extensions ['python_setup_py']
[0.232s] Level 1:colcon.colcon_core.package_identification:_identify(ROS_WS/src) by extension 'python_setup_py'
[0.232s] Level 1:colcon.colcon_core.package_identification:_identify(ROS_WS/src/robotarm_fake_hardware) by extensions ['ignore', 'ignore_ament_install']
[0.232s] Level 1:colcon.colcon_core.package_identification:_identify(ROS_WS/src/robotarm_fake_hardware) by extension 'ignore'
[0.232s] Level 1:colcon.colcon_core.package_identification:_identify(ROS_WS/src/robotarm_fake_hardware) by extension 'ignore_ament_install'
[0.232s] Level 1:colcon.colcon_core.package_identification:_identify(ROS_WS/src/robotarm_fake_hardware) by extensions ['colcon_pkg']
[0.232s] Level 1:colcon.colcon_core.package_identification:_identify(ROS_WS/src/robotarm_fake_hardware) by extension 'colcon_pkg'
[0.232s] Level 1:colcon.colcon_core.package_identification:_identify(ROS_WS/src/robotarm_fake_hardware) by extensions ['colcon_meta']
[0.232s] Level 1:colcon.colcon_core.package_identification:_identify(ROS_WS/src/robotarm_fake_hardware) by extension 'colcon_meta'
[0.232s] Level 1:colcon.colcon_core.package_identification:_identify(ROS_WS/src/robotarm_fake_hardware) by extensions ['ros']
[0.232s] Level 1:colcon.colcon_core.package_identification:_identify(ROS_WS/src/robotarm_fake_hardware) by extension 'ros'
[0.235s] DEBUG:colcon.colcon_core.package_identification:Package 'ROS_WS/src/robotarm_fake_hardware' with type 'ros.ament_cmake' and name 'robotarm_fake_hardware'
[0.235s] Level 1:colcon.colcon_core.package_identification:_identify(ROS_WS/src/robotarm_hardware) by extensions ['ignore', 'ignore_ament_install']
[0.236s] Level 1:colcon.colcon_core.package_identification:_identify(ROS_WS/src/robotarm_hardware) by extension 'ignore'
[0.236s] Level 1:colcon.colcon_core.package_identification:_identify(ROS_WS/src/robotarm_hardware) by extension 'ignore_ament_install'
[0.236s] Level 1:colcon.colcon_core.package_identification:_identify(ROS_WS/src/robotarm_hardware) by extensions ['colcon_pkg']
[0.236s] Level 1:colcon.colcon_core.package_identification:_identify(ROS_WS/src/robotarm_hardware) by extension 'colcon_pkg'
[0.236s] Level 1:colcon.colcon_core.package_identification:_identify(ROS_WS/src/robotarm_hardware) by extensions ['colcon_meta']
[0.236s] Level 1:colcon.colcon_core.package_identification:_identify(ROS_WS/src/robotarm_hardware) by extension 'colcon_meta'
[0.236s] Level 1:colcon.colcon_core.package_identification:_identify(ROS_WS/src/robotarm_hardware) by extensions ['ros']
[0.236s] Level 1:colcon.colcon_core.package_identification:_identify(ROS_WS/src/robotarm_hardware) by extension 'ros'
[0.237s] DEBUG:colcon.colcon_core.package_identification:Package 'ROS_WS/src/robotarm_hardware' with type 'ros.ament_cmake' and name 'robotarm_hardware'
[0.237s] Level 1:colcon.colcon_core.package_identification:_identify(ROS_WS/src/robotarm_moveit_config) by extensions ['ignore', 'ignore_ament_install']
[0.237s] Level 1:colcon.colcon_core.package_identification:_identify(ROS_WS/src/robotarm_moveit_config) by extension 'ignore'
[0.237s] Level 1:colcon.colcon_core.package_identification:_identify(ROS_WS/src/robotarm_moveit_config) by extension 'ignore_ament_install'
[0.237s] Level 1:colcon.colcon_core.package_identification:_identify(ROS_WS/src/robotarm_moveit_config) by extensions ['colcon_pkg']
[0.237s] Level 1:colcon.colcon_core.package_identification:_identify(ROS_WS/src/robotarm_moveit_config) by extension 'colcon_pkg'
[0.237s] Level 1:colcon.colcon_core.package_identification:_identify(ROS_WS/src/robotarm_moveit_config) by extensions ['colcon_meta']
[0.237s] Level 1:colcon.colcon_core.package_identification:_identify(ROS_WS/src/robotarm_moveit_config) by extension 'colcon_meta'
[0.237s] Level 1:colcon.colcon_core.package_identification:_identify(ROS_WS/src/robotarm_moveit_config) by extensions ['ros']
[0.237s] Level 1:colcon.colcon_core.package_identification:_identify(ROS_WS/src/robotarm_moveit_config) by extension 'ros'
[0.240s] DEBUG:colcon.colcon_core.package_identification:Package 'ROS_WS/src/robotarm_moveit_config' with type 'ros.ament_cmake' and name 'robotarm_moveit_config'
[0.240s] Level 1:colcon.colcon_core.package_identification:_identify(ROS_WS/src/robotarm_path_planning) by extensions ['ignore', 'ignore_ament_install']
[0.240s] Level 1:colcon.colcon_core.package_identification:_identify(ROS_WS/src/robotarm_path_planning) by extension 'ignore'
[0.240s] Level 1:colcon.colcon_core.package_identification:_identify(ROS_WS/src/robotarm_path_planning) by extension 'ignore_ament_install'
[0.240s] Level 1:colcon.colcon_core.package_identification:_identify(ROS_WS/src/robotarm_path_planning) by extensions ['colcon_pkg']
[0.240s] Level 1:colcon.colcon_core.package_identification:_identify(ROS_WS/src/robotarm_path_planning) by extension 'colcon_pkg'
[0.240s] Level 1:colcon.colcon_core.package_identification:_identify(ROS_WS/src/robotarm_path_planning) by extensions ['colcon_meta']
[0.240s] Level 1:colcon.colcon_core.package_identification:_identify(ROS_WS/src/robotarm_path_planning) by extension 'colcon_meta'
[0.241s] Level 1:colcon.colcon_core.package_identification:_identify(ROS_WS/src/robotarm_path_planning) by extensions ['ros']
[0.241s] Level 1:colcon.colcon_core.package_identification:_identify(ROS_WS/src/robotarm_path_planning) by extension 'ros'
[0.241s] Level 1:colcon.colcon_core.package_identification:_identify(ROS_WS/src/robotarm_path_planning) by extensions ['cmake', 'python']
[0.241s] Level 1:colcon.colcon_core.package_identification:_identify(ROS_WS/src/robotarm_path_planning) by extension 'cmake'
[0.241s] Level 1:colcon.colcon_core.package_identification:_identify(ROS_WS/src/robotarm_path_planning) by extension 'python'
[0.241s] Level 1:colcon.colcon_core.package_identification:_identify(ROS_WS/src/robotarm_path_planning) by extensions ['python_setup_py']
[0.241s] Level 1:colcon.colcon_core.package_identification:_identify(ROS_WS/src/robotarm_path_planning) by extension 'python_setup_py'
[0.241s] Level 1:colcon.colcon_core.package_identification:_identify(ROS_WS/src/robotarm_path_planning/include) by extensions ['ignore', 'ignore_ament_install']
[0.241s] Level 1:colcon.colcon_core.package_identification:_identify(ROS_WS/src/robotarm_path_planning/include) by extension 'ignore'
[0.241s] Level 1:colcon.colcon_core.package_identification:_identify(ROS_WS/src/robotarm_path_planning/include) by extension 'ignore_ament_install'
[0.241s] Level 1:colcon.colcon_core.package_identification:_identify(ROS_WS/src/robotarm_path_planning/include) by extensions ['colcon_pkg']
[0.241s] Level 1:colcon.colcon_core.package_identification:_identify(ROS_WS/src/robotarm_path_planning/include) by extension 'colcon_pkg'
[0.241s] Level 1:colcon.colcon_core.package_identification:_identify(ROS_WS/src/robotarm_path_planning/include) by extensions ['colcon_meta']
[0.241s] Level 1:colcon.colcon_core.package_identification:_identify(ROS_WS/src/robotarm_path_planning/include) by extension 'colcon_meta'
[0.241s] Level 1:colcon.colcon_core.package_identification:_identify(ROS_WS/src/robotarm_path_planning/include) by extensions ['ros']
[0.241s] Level 1:colcon.colcon_core.package_identification:_identify(ROS_WS/src/robotarm_path_planning/include) by extension 'ros'
[0.241s] Level 1:colcon.colcon_core.package_identification:_identify(ROS_WS/src/robotarm_path_planning/include) by extensions ['cmake', 'python']
[0.241s] Level 1:colcon.colcon_core.package_identification:_identify(ROS_WS/src/robotarm_path_planning/include) by extension 'cmake'
[0.241s] Level 1:colcon.colcon_core.package_identification:_identify(ROS_WS/src/robotarm_path_planning/include) by extension 'python'
[0.242s] Level 1:colcon.colcon_core.package_identification:_identify(ROS_WS/src/robotarm_path_planning/include) by extensions ['python_setup_py']
[0.242s] Level 1:colcon.colcon_core.package_identification:_identify(ROS_WS/src/robotarm_path_planning/include) by extension 'python_setup_py'
[0.242s] Level 1:colcon.colcon_core.package_identification:_identify(ROS_WS/src/robotarm_path_planning/include/robotarm_path_planning) by extensions ['ignore', 'ignore_ament_install']
[0.242s] Level 1:colcon.colcon_core.package_identification:_identify(ROS_WS/src/robotarm_path_planning/include/robotarm_path_planning) by extension 'ignore'
[0.242s] Level 1:colcon.colcon_core.package_identification:_identify(ROS_WS/src/robotarm_path_planning/include/robotarm_path_planning) by extension 'ignore_ament_install'
[0.242s] Level 1:colcon.colcon_core.package_identification:_identify(ROS_WS/src/robotarm_path_planning/include/robotarm_path_planning) by extensions ['colcon_pkg']
[0.242s] Level 1:colcon.colcon_core.package_identification:_identify(ROS_WS/src/robotarm_path_planning/include/robotarm_path_planning) by extension 'colcon_pkg'
[0.242s] Level 1:colcon.colcon_core.package_identification:_identify(ROS_WS/src/robotarm_path_planning/include/robotarm_path_planning) by extensions ['colcon_meta']
[0.242s] Level 1:colcon.colcon_core.package_identification:_identify(ROS_WS/src/robotarm_path_planning/include/robotarm_path_planning) by extension 'colcon_meta'
[0.242s] Level 1:colcon.colcon_core.package_identification:_identify(ROS_WS/src/robotarm_path_planning/include/robotarm_path_planning) by extensions ['ros']
[0.242s] Level 1:colcon.colcon_core.package_identification:_identify(ROS_WS/src/robotarm_path_planning/include/robotarm_path_planning) by extension 'ros'
[0.242s] Level 1:colcon.colcon_core.package_identification:_identify(ROS_WS/src/robotarm_path_planning/include/robotarm_path_planning) by extensions ['cmake', 'python']
[0.242s] Level 1:colcon.colcon_core.package_identification:_identify(ROS_WS/src/robotarm_path_planning/include/robotarm_path_planning) by extension 'cmake'
[0.242s] Level 1:colcon.colcon_core.package_identification:_identify(ROS_WS/src/robotarm_path_planning/include/robotarm_path_planning) by extension 'python'
[0.242s] Level 1:colcon.colcon_core.package_identification:_identify(ROS_WS/src/robotarm_path_planning/include/robotarm_path_planning) by extensions ['python_setup_py']
[0.242s] Level 1:colcon.colcon_core.package_identification:_identify(ROS_WS/src/robotarm_path_planning/include/robotarm_path_planning) by extension 'python_setup_py'
[0.242s] Level 1:colcon.colcon_core.package_identification:_identify(ROS_WS/src/robotarm_path_planning/launch) by extensions ['ignore', 'ignore_ament_install']
[0.242s] Level 1:colcon.colcon_core.package_identification:_identify(ROS_WS/src/robotarm_path_planning/launch) by extension 'ignore'
[0.243s] Level 1:colcon.colcon_core.package_identification:_identify(ROS_WS/src/robotarm_path_planning/launch) by extension 'ignore_ament_install'
[0.243s] Level 1:colcon.colcon_core.package_identification:_identify(ROS_WS/src/robotarm_path_planning/launch) by extensions ['colcon_pkg']
[0.243s] Level 1:colcon.colcon_core.package_identification:_identify(ROS_WS/src/robotarm_path_planning/launch) by extension 'colcon_pkg'
[0.243s] Level 1:colcon.colcon_core.package_identification:_identify(ROS_WS/src/robotarm_path_planning/launch) by extensions ['colcon_meta']
[0.243s] Level 1:colcon.colcon_core.package_identification:_identify(ROS_WS/src/robotarm_path_planning/launch) by extension 'colcon_meta'
[0.243s] Level 1:colcon.colcon_core.package_identification:_identify(ROS_WS/src/robotarm_path_planning/launch) by extensions ['ros']
[0.243s] Level 1:colcon.colcon_core.package_identification:_identify(ROS_WS/src/robotarm_path_planning/launch) by extension 'ros'
[0.243s] Level 1:colcon.colcon_core.package_identification:_identify(ROS_WS/src/robotarm_path_planning/launch) by extensions ['cmake', 'python']
[0.243s] Level 1:colcon.colcon_core.package_identification:_identify(ROS_WS/src/robotarm_path_planning/launch) by extension 'cmake'
[0.243s] Level 1:colcon.colcon_core.package_identification:_identify(ROS_WS/src/robotarm_path_planning/launch) by extension 'python'
[0.243s] Level 1:colcon.colcon_core.package_identification:_identify(ROS_WS/src/robotarm_path_planning/launch) by extensions ['python_setup_py']
[0.243s] Level 1:colcon.colcon_core.package_identification:_identify(ROS_WS/src/robotarm_path_planning/launch) by extension 'python_setup_py'
[0.243s] Level 1:colcon.colcon_core.package_identification:_identify(ROS_WS/src/robotarm_path_planning/launch/__pycache__) by extensions ['ignore', 'ignore_ament_install']
[0.243s] Level 1:colcon.colcon_core.package_identification:_identify(ROS_WS/src/robotarm_path_planning/launch/__pycache__) by extension 'ignore'
[0.243s] Level 1:colcon.colcon_core.package_identification:_identify(ROS_WS/src/robotarm_path_planning/launch/__pycache__) by extension 'ignore_ament_install'
[0.243s] Level 1:colcon.colcon_core.package_identification:_identify(ROS_WS/src/robotarm_path_planning/launch/__pycache__) by extensions ['colcon_pkg']
[0.243s] Level 1:colcon.colcon_core.package_identification:_identify(ROS_WS/src/robotarm_path_planning/launch/__pycache__) by extension 'colcon_pkg'
[0.243s] Level 1:colcon.colcon_core.package_identification:_identify(ROS_WS/src/robotarm_path_planning/launch/__pycache__) by extensions ['colcon_meta']
[0.243s] Level 1:colcon.colcon_core.package_identification:_identify(ROS_WS/src/robotarm_path_planning/launch/__pycache__) by extension 'colcon_meta'
[0.243s] Level 1:colcon.colcon_core.package_identification:_identify(ROS_WS/src/robotarm_path_planning/launch/__pycache__) by extensions ['ros']
[0.243s] Level 1:colcon.colcon_core.package_identification:_identify(ROS_WS/src/robotarm_path_planning/launch/__pycache__) by extension 'ros'
[0.244s] Level 1:colcon.colcon_core.package_identification:_identify(ROS_WS/src/robotarm_path_planning/launch/__pycache__) by extensions ['cmake', 'python']
[0.244s] Level 1:colcon.colcon_core.package_identification:_identify(ROS_WS/src/robotarm_path_planning/launch/__pycache__) by extension 'cmake'
[0.244s] Level 1:colcon.colcon_core.package_identification:_identify(ROS_WS/src/robotarm_path_planning/launch/__pycache__) by extension 'python'
[0.244s] Level 1:colcon.colcon_core.package_identification:_identify(ROS_WS/src/robotarm_path_planning/launch/__pycache__) by extensions ['python_setup_py']
[0.244s] Level 1:colcon.colcon_core.package_identification:_identify(ROS_WS/src/robotarm_path_planning/launch/__pycache__) by extension 'python_setup_py'
[0.244s] Level 1:colcon.colcon_core.package_identification:_identify(ROS_WS/src/robotarm_software) by extensions ['ignore', 'ignore_ament_install']
[0.244s] Level 1:colcon.colcon_core.package_identification:_identify(ROS_WS/src/robotarm_software) by extension 'ignore'
[0.244s] Level 1:colcon.colcon_core.package_identification:_identify(ROS_WS/src/robotarm_software) by extension 'ignore_ament_install'
[0.244s] Level 1:colcon.colcon_core.package_identification:_identify(ROS_WS/src/robotarm_software) by extensions ['colcon_pkg']
[0.244s] Level 1:colcon.colcon_core.package_identification:_identify(ROS_WS/src/robotarm_software) by extension 'colcon_pkg'
[0.244s] Level 1:colcon.colcon_core.package_identification:_identify(ROS_WS/src/robotarm_software) by extensions ['colcon_meta']
[0.244s] Level 1:colcon.colcon_core.package_identification:_identify(ROS_WS/src/robotarm_software) by extension 'colcon_meta'
[0.244s] Level 1:colcon.colcon_core.package_identification:_identify(ROS_WS/src/robotarm_software) by extensions ['ros']
[0.244s] Level 1:colcon.colcon_core.package_identification:_identify(ROS_WS/src/robotarm_software) by extension 'ros'
[0.246s] DEBUG:colcon.colcon_core.package_identification:Package 'ROS_WS/src/robotarm_software' with type 'ros.ament_cmake' and name 'robotarm_software'
[0.246s] Level 1:colcon.colcon_core.package_identification:_identify(build) by extensions ['ignore', 'ignore_ament_install']
[0.246s] Level 1:colcon.colcon_core.package_identification:_identify(build) by extension 'ignore'
[0.246s] Level 1:colcon.colcon_core.package_identification:_identify(build) ignored
[0.246s] Level 1:colcon.colcon_core.package_identification:_identify(evaluation) by extensions ['ignore', 'ignore_ament_install']
[0.246s] Level 1:colcon.colcon_core.package_identification:_identify(evaluation) by extension 'ignore'
[0.246s] Level 1:colcon.colcon_core.package_identification:_identify(evaluation) by extension 'ignore_ament_install'
[0.246s] Level 1:colcon.colcon_core.package_identification:_identify(evaluation) by extensions ['colcon_pkg']
[0.246s] Level 1:colcon.colcon_core.package_identification:_identify(evaluation) by extension 'colcon_pkg'
[0.246s] Level 1:colcon.colcon_core.package_identification:_identify(evaluation) by extensions ['colcon_meta']
[0.246s] Level 1:colcon.colcon_core.package_identification:_identify(evaluation) by extension 'colcon_meta'
[0.246s] Level 1:colcon.colcon_core.package_identification:_identify(evaluation) by extensions ['ros']
[0.246s] Level 1:colcon.colcon_core.package_identification:_identify(evaluation) by extension 'ros'
[0.246s] Level 1:colcon.colcon_core.package_identification:_identify(evaluation) by extensions ['cmake', 'python']
[0.246s] Level 1:colcon.colcon_core.package_identification:_identify(evaluation) by extension 'cmake'
[0.246s] Level 1:colcon.colcon_core.package_identification:_identify(evaluation) by extension 'python'
[0.247s] Level 1:colcon.colcon_core.package_identification:_identify(evaluation) by extensions ['python_setup_py']
[0.247s] Level 1:colcon.colcon_core.package_identification:_identify(evaluation) by extension 'python_setup_py'
[0.247s] Level 1:colcon.colcon_core.package_identification:_identify(evaluation/hotspot_acceleratingLines_controller_velocity_controller_JointGroupVelocityController_20260807_141920_219391) by extensions ['ignore', 'ignore_ament_install']
[0.247s] Level 1:colcon.colcon_core.package_identification:_identify(evaluation/hotspot_acceleratingLines_controller_velocity_controller_JointGroupVelocityController_20260807_141920_219391) by extension 'ignore'
[0.247s] Level 1:colcon.colcon_core.package_identification:_identify(evaluation/hotspot_acceleratingLines_controller_velocity_controller_JointGroupVelocityController_20260807_141920_219391) by extension 'ignore_ament_install'
[0.247s] Level 1:colcon.colcon_core.package_identification:_identify(evaluation/hotspot_acceleratingLines_controller_velocity_controller_JointGroupVelocityController_20260807_141920_219391) by extensions ['colcon_pkg']
[0.247s] Level 1:colcon.colcon_core.package_identification:_identify(evaluation/hotspot_acceleratingLines_controller_velocity_controller_JointGroupVelocityController_20260807_141920_219391) by extension 'colcon_pkg'
[0.247s] Level 1:colcon.colcon_core.package_identification:_identify(evaluation/hotspot_acceleratingLines_controller_velocity_controller_JointGroupVelocityController_20260807_141920_219391) by extensions ['colcon_meta']
[0.247s] Level 1:colcon.colcon_core.package_identification:_identify(evaluation/hotspot_acceleratingLines_controller_velocity_controller_JointGroupVelocityController_20260807_141920_219391) by extension 'colcon_meta'
[0.247s] Level 1:colcon.colcon_core.package_identification:_identify(evaluation/hotspot_acceleratingLines_controller_velocity_controller_JointGroupVelocityController_20260807_141920_219391) by extensions ['ros']
[0.247s] Level 1:colcon.colcon_core.package_identification:_identify(evaluation/hotspot_acceleratingLines_controller_velocity_controller_JointGroupVelocityController_20260807_141920_219391) by extension 'ros'
[0.247s] Level 1:colcon.colcon_core.package_identification:_identify(evaluation/hotspot_acceleratingLines_controller_velocity_controller_JointGroupVelocityController_20260807_141920_219391) by extensions ['cmake', 'python']
[0.247s] Level 1:colcon.colcon_core.package_identification:_identify(evaluation/hotspot_acceleratingLines_controller_velocity_controller_JointGroupVelocityController_20260807_141920_219391) by extension 'cmake'
[0.247s] Level 1:colcon.colcon_core.package_identification:_identify(evaluation/hotspot_acceleratingLines_controller_velocity_controller_JointGroupVelocityController_20260807_141920_219391) by extension 'python'
[0.247s] Level 1:colcon.colcon_core.package_identification:_identify(evaluation/hotspot_acceleratingLines_controller_velocity_controller_JointGroupVelocityController_20260807_141920_219391) by extensions ['python_setup_py']
[0.247s] Level 1:colcon.colcon_core.package_identification:_identify(evaluation/hotspot_acceleratingLines_controller_velocity_controller_JointGroupVelocityController_20260807_141920_219391) by extension 'python_setup_py'
[0.247s] Level 1:colcon.colcon_core.package_identification:_identify(evaluation/hotspot_acceleratingLines_controller_velocity_controller_JointGroupVelocityController_20260807_142147_916001) by extensions ['ignore', 'ignore_ament_install']
[0.247s] Level 1:colcon.colcon_core.package_identification:_identify(evaluation/hotspot_acceleratingLines_controller_velocity_controller_JointGroupVelocityController_20260807_142147_916001) by extension 'ignore'
[0.248s] Level 1:colcon.colcon_core.package_identification:_identify(evaluation/hotspot_acceleratingLines_controller_velocity_controller_JointGroupVelocityController_20260807_142147_916001) by extension 'ignore_ament_install'
[0.248s] Level 1:colcon.colcon_core.package_identification:_identify(evaluation/hotspot_acceleratingLines_controller_velocity_controller_JointGroupVelocityController_20260807_142147_916001) by extensions ['colcon_pkg']
[0.248s] Level 1:colcon.colcon_core.package_identification:_identify(evaluation/hotspot_acceleratingLines_controller_velocity_controller_JointGroupVelocityController_20260807_142147_916001) by extension 'colcon_pkg'
[0.248s] Level 1:colcon.colcon_core.package_identification:_identify(evaluation/hotspot_acceleratingLines_controller_velocity_controller_JointGroupVelocityController_20260807_142147_916001) by extensions ['colcon_meta']
[0.248s] Level 1:colcon.colcon_core.package_identification:_identify(evaluation/hotspot_acceleratingLines_controller_velocity_controller_JointGroupVelocityController_20260807_142147_916001) by extension 'colcon_meta'
[0.248s] Level 1:colcon.colcon_core.package_identification:_identify(evaluation/hotspot_acceleratingLines_controller_velocity_controller_JointGroupVelocityController_20260807_142147_916001) by extensions ['ros']
[0.248s] Level 1:colcon.colcon_core.package_identification:_identify(evaluation/hotspot_acceleratingLines_controller_velocity_controller_JointGroupVelocityController_20260807_142147_916001) by extension 'ros'
[0.248s] Level 1:colcon.colcon_core.package_identification:_identify(evaluation/hotspot_acceleratingLines_controller_velocity_controller_JointGroupVelocityController_20260807_142147_916001) by extensions ['cmake', 'python']
[0.248s] Level 1:colcon.colcon_core.package_identification:_identify(evaluation/hotspot_acceleratingLines_controller_velocity_controller_JointGroupVelocityController_20260807_142147_916001) by extension 'cmake'
[0.248s] Level 1:colcon.colcon_core.package_identification:_identify(evaluation/hotspot_acceleratingLines_controller_velocity_controller_JointGroupVelocityController_20260807_142147_916001) by extension 'python'
[0.248s] Level 1:colcon.colcon_core.package_identification:_identify(evaluation/hotspot_acceleratingLines_controller_velocity_controller_JointGroupVelocityController_20260807_142147_916001) by extensions ['python_setup_py']
[0.248s] Level 1:colcon.colcon_core.package_identification:_identify(evaluation/hotspot_acceleratingLines_controller_velocity_controller_JointGroupVelocityController_20260807_142147_916001) by extension 'python_setup_py'
[0.248s] Level 1:colcon.colcon_core.package_identification:_identify(install) by extensions ['ignore', 'ignore_ament_install']
[0.248s] Level 1:colcon.colcon_core.package_identification:_identify(install) by extension 'ignore'
[0.248s] Level 1:colcon.colcon_core.package_identification:_identify(install) ignored
[0.248s] Level 1:colcon.colcon_core.package_identification:_identify(log) by extensions ['ignore', 'ignore_ament_install']
[0.248s] Level 1:colcon.colcon_core.package_identification:_identify(log) by extension 'ignore'
[0.248s] Level 1:colcon.colcon_core.package_identification:_identify(log) ignored
[0.249s] Level 1:colcon.colcon_core.package_discovery:discover_packages(recursive) using defaults
[0.249s] Level 1:colcon.colcon_core.package_discovery:discover_packages(ignore) discover
[0.249s] Level 1:colcon.colcon_core.package_discovery:discover_packages(ignore) using defaults
[0.249s] Level 1:colcon.colcon_core.package_discovery:discover_packages(path) discover
[0.249s] Level 1:colcon.colcon_core.package_discovery:discover_packages(path) using defaults
[0.273s] Level 5:colcon.colcon_core.verb:set package 'robotarm_fake_hardware' build argument 'cmake_args' from command line to 'None'
[0.273s] Level 5:colcon.colcon_core.verb:set package 'robotarm_fake_hardware' build argument 'cmake_target' from command line to 'None'
[0.273s] Level 5:colcon.colcon_core.verb:set package 'robotarm_fake_hardware' build argument 'cmake_target_skip_unavailable' from command line to 'False'
[0.273s] Level 5:colcon.colcon_core.verb:set package 'robotarm_fake_hardware' build argument 'cmake_clean_cache' from command line to 'False'
[0.273s] Level 5:colcon.colcon_core.verb:set package 'robotarm_fake_hardware' build argument 'cmake_clean_first' from command line to 'False'
[0.274s] Level 5:colcon.colcon_core.verb:set package 'robotarm_fake_hardware' build argument 'cmake_force_configure' from command line to 'False'
[0.274s] Level 5:colcon.colcon_core.verb:set package 'robotarm_fake_hardware' build argument 'ament_cmake_args' from command line to 'None'
[0.274s] Level 5:colcon.colcon_core.verb:set package 'robotarm_fake_hardware' build argument 'catkin_cmake_args' from command line to 'None'
[0.274s] Level 5:colcon.colcon_core.verb:set package 'robotarm_fake_hardware' build argument 'catkin_skip_building_tests' from command line to 'False'
[0.274s] DEBUG:colcon.colcon_core.verb:Building package 'robotarm_fake_hardware' with the following arguments: {'ament_cmake_args': None, 'build_base': '/home/admin/robotarm/build/robotarm_fake_hardware', 'catkin_cmake_args': None, 'catkin_skip_building_tests': False, 'cmake_args': None, 'cmake_clean_cache': False, 'cmake_clean_first': False, 'cmake_force_configure': False, 'cmake_target': None, 'cmake_target_skip_unavailable': False, 'install_base': '/home/admin/robotarm/install/robotarm_fake_hardware', 'merge_install': False, 'path': '/home/admin/robotarm/ROS_WS/src/robotarm_fake_hardware', 'symlink_install': False, 'test_result_base': None}
[0.274s] Level 5:colcon.colcon_core.verb:set package 'robotarm_hardware' build argument 'cmake_args' from command line to 'None'
[0.274s] Level 5:colcon.colcon_core.verb:set package 'robotarm_hardware' build argument 'cmake_target' from command line to 'None'
[0.274s] Level 5:colcon.colcon_core.verb:set package 'robotarm_hardware' build argument 'cmake_target_skip_unavailable' from command line to 'False'
[0.274s] Level 5:colcon.colcon_core.verb:set package 'robotarm_hardware' build argument 'cmake_clean_cache' from command line to 'False'
[0.274s] Level 5:colcon.colcon_core.verb:set package 'robotarm_hardware' build argument 'cmake_clean_first' from command line to 'False'
[0.274s] Level 5:colcon.colcon_core.verb:set package 'robotarm_hardware' build argument 'cmake_force_configure' from command line to 'False'
[0.274s] Level 5:colcon.colcon_core.verb:set package 'robotarm_hardware' build argument 'ament_cmake_args' from command line to 'None'
[0.274s] Level 5:colcon.colcon_core.verb:set package 'robotarm_hardware' build argument 'catkin_cmake_args' from command line to 'None'
[0.274s] Level 5:colcon.colcon_core.verb:set package 'robotarm_hardware' build argument 'catkin_skip_building_tests' from command line to 'False'
[0.274s] DEBUG:colcon.colcon_core.verb:Building package 'robotarm_hardware' with the following arguments: {'ament_cmake_args': None, 'build_base': '/home/admin/robotarm/build/robotarm_hardware', 'catkin_cmake_args': None, 'catkin_skip_building_tests': False, 'cmake_args': None, 'cmake_clean_cache': False, 'cmake_clean_first': False, 'cmake_force_configure': False, 'cmake_target': None, 'cmake_target_skip_unavailable': False, 'install_base': '/home/admin/robotarm/install/robotarm_hardware', 'merge_install': False, 'path': '/home/admin/robotarm/ROS_WS/src/robotarm_hardware', 'symlink_install': False, 'test_result_base': None}
[0.274s] Level 5:colcon.colcon_core.verb:set package 'robotarm_software' build argument 'cmake_args' from command line to 'None'
[0.275s] Level 5:colcon.colcon_core.verb:set package 'robotarm_software' build argument 'cmake_target' from command line to 'None'
[0.275s] Level 5:colcon.colcon_core.verb:set package 'robotarm_software' build argument 'cmake_target_skip_unavailable' from command line to 'False'
[0.275s] Level 5:colcon.colcon_core.verb:set package 'robotarm_software' build argument 'cmake_clean_cache' from command line to 'False'
[0.275s] Level 5:colcon.colcon_core.verb:set package 'robotarm_software' build argument 'cmake_clean_first' from command line to 'False'
[0.275s] Level 5:colcon.colcon_core.verb:set package 'robotarm_software' build argument 'cmake_force_configure' from command line to 'False'
[0.275s] Level 5:colcon.colcon_core.verb:set package 'robotarm_software' build argument 'ament_cmake_args' from command line to 'None'
[0.275s] Level 5:colcon.colcon_core.verb:set package 'robotarm_software' build argument 'catkin_cmake_args' from command line to 'None'
[0.275s] Level 5:colcon.colcon_core.verb:set package 'robotarm_software' build argument 'catkin_skip_building_tests' from command line to 'False'
[0.275s] DEBUG:colcon.colcon_core.verb:Building package 'robotarm_software' with the following arguments: {'ament_cmake_args': None, 'build_base': '/home/admin/robotarm/build/robotarm_software', 'catkin_cmake_args': None, 'catkin_skip_building_tests': False, 'cmake_args': None, 'cmake_clean_cache': False, 'cmake_clean_first': False, 'cmake_force_configure': False, 'cmake_target': None, 'cmake_target_skip_unavailable': False, 'install_base': '/home/admin/robotarm/install/robotarm_software', 'merge_install': False, 'path': '/home/admin/robotarm/ROS_WS/src/robotarm_software', 'symlink_install': False, 'test_result_base': None}
[0.275s] Level 5:colcon.colcon_core.verb:set package 'robotarm_moveit_config' build argument 'cmake_args' from command line to 'None'
[0.275s] Level 5:colcon.colcon_core.verb:set package 'robotarm_moveit_config' build argument 'cmake_target' from command line to 'None'
[0.275s] Level 5:colcon.colcon_core.verb:set package 'robotarm_moveit_config' build argument 'cmake_target_skip_unavailable' from command line to 'False'
[0.275s] Level 5:colcon.colcon_core.verb:set package 'robotarm_moveit_config' build argument 'cmake_clean_cache' from command line to 'False'
[0.275s] Level 5:colcon.colcon_core.verb:set package 'robotarm_moveit_config' build argument 'cmake_clean_first' from command line to 'False'
[0.275s] Level 5:colcon.colcon_core.verb:set package 'robotarm_moveit_config' build argument 'cmake_force_configure' from command line to 'False'
[0.275s] Level 5:colcon.colcon_core.verb:set package 'robotarm_moveit_config' build argument 'ament_cmake_args' from command line to 'None'
[0.275s] Level 5:colcon.colcon_core.verb:set package 'robotarm_moveit_config' build argument 'catkin_cmake_args' from command line to 'None'
[0.275s] Level 5:colcon.colcon_core.verb:set package 'robotarm_moveit_config' build argument 'catkin_skip_building_tests' from command line to 'False'
[0.275s] DEBUG:colcon.colcon_core.verb:Building package 'robotarm_moveit_config' with the following arguments: {'ament_cmake_args': None, 'build_base': '/home/admin/robotarm/build/robotarm_moveit_config', 'catkin_cmake_args': None, 'catkin_skip_building_tests': False, 'cmake_args': None, 'cmake_clean_cache': False, 'cmake_clean_first': False, 'cmake_force_configure': False, 'cmake_target': None, 'cmake_target_skip_unavailable': False, 'install_base': '/home/admin/robotarm/install/robotarm_moveit_config', 'merge_install': False, 'path': '/home/admin/robotarm/ROS_WS/src/robotarm_moveit_config', 'symlink_install': False, 'test_result_base': None}
[0.275s] INFO:colcon.colcon_core.executor:Executing jobs using 'parallel' executor
[0.277s] DEBUG:colcon.colcon_parallel_executor.executor.parallel:run_until_complete
[0.277s] INFO:colcon.colcon_ros.task.ament_cmake.build:Building ROS package in '/home/admin/robotarm/ROS_WS/src/robotarm_hardware' with build type 'ament_cmake'
[0.277s] INFO:colcon.colcon_cmake.task.cmake.build:Building CMake package in '/home/admin/robotarm/ROS_WS/src/robotarm_hardware'
[0.279s] INFO:colcon.colcon_core.plugin_system:Skipping extension 'colcon_core.shell.bat': Not used on non-Windows systems
[0.280s] DEBUG:colcon.colcon_core.shell:Skip shell extension 'dsv' for command environment
[0.287s] INFO:colcon.colcon_ros.task.ament_cmake.build:Building ROS package in '/home/admin/robotarm/ROS_WS/src/robotarm_fake_hardware' with build type 'ament_cmake'
[0.287s] INFO:colcon.colcon_cmake.task.cmake.build:Building CMake package in '/home/admin/robotarm/ROS_WS/src/robotarm_fake_hardware'
[0.287s] DEBUG:colcon.colcon_core.shell:Skip shell extension 'dsv' for command environment
[0.299s] DEBUG:colcon.colcon_core.event_handler.log_command:Invoking command in '/home/admin/robotarm/build/robotarm_hardware': CMAKE_PREFIX_PATH=${CMAKE_PREFIX_PATH}:/home/admin/robotarm/ROS_WS/install/vision_tracker:/opt/ros/jazzy /usr/bin/cmake --build /home/admin/robotarm/build/robotarm_hardware -- -j4 -l4
[0.305s] DEBUG:colcon.colcon_core.event_handler.log_command:Invoking command in '/home/admin/robotarm/build/robotarm_fake_hardware': CMAKE_PREFIX_PATH=${CMAKE_PREFIX_PATH}:/home/admin/robotarm/ROS_WS/install/vision_tracker:/opt/ros/jazzy /usr/bin/cmake --build /home/admin/robotarm/build/robotarm_fake_hardware -- -j4 -l4
[0.428s] DEBUG:colcon.colcon_core.event_handler.log_command:Invoked command in '/home/admin/robotarm/build/robotarm_hardware' returned '0': CMAKE_PREFIX_PATH=${CMAKE_PREFIX_PATH}:/home/admin/robotarm/ROS_WS/install/vision_tracker:/opt/ros/jazzy /usr/bin/cmake --build /home/admin/robotarm/build/robotarm_hardware -- -j4 -l4
[0.446s] DEBUG:colcon.colcon_core.event_handler.log_command:Invoking command in '/home/admin/robotarm/build/robotarm_hardware': CMAKE_PREFIX_PATH=${CMAKE_PREFIX_PATH}:/home/admin/robotarm/ROS_WS/install/vision_tracker:/opt/ros/jazzy /usr/bin/cmake --install /home/admin/robotarm/build/robotarm_hardware
[0.447s] DEBUG:colcon.colcon_core.event_handler.log_command:Invoked command in '/home/admin/robotarm/build/robotarm_fake_hardware' returned '0': CMAKE_PREFIX_PATH=${CMAKE_PREFIX_PATH}:/home/admin/robotarm/ROS_WS/install/vision_tracker:/opt/ros/jazzy /usr/bin/cmake --build /home/admin/robotarm/build/robotarm_fake_hardware -- -j4 -l4
[0.449s] DEBUG:colcon.colcon_core.event_handler.log_command:Invoking command in '/home/admin/robotarm/build/robotarm_fake_hardware': CMAKE_PREFIX_PATH=${CMAKE_PREFIX_PATH}:/home/admin/robotarm/ROS_WS/install/vision_tracker:/opt/ros/jazzy /usr/bin/cmake --install /home/admin/robotarm/build/robotarm_fake_hardware
[0.467s] Level 1:colcon.colcon_core.environment:create_environment_scripts_only(robotarm_hardware)
[0.468s] DEBUG:colcon.colcon_core.event_handler.log_command:Invoked command in '/home/admin/robotarm/build/robotarm_hardware' returned '0': CMAKE_PREFIX_PATH=${CMAKE_PREFIX_PATH}:/home/admin/robotarm/ROS_WS/install/vision_tracker:/opt/ros/jazzy /usr/bin/cmake --install /home/admin/robotarm/build/robotarm_hardware
[0.470s] Level 1:colcon.colcon_core.environment:checking '/home/admin/robotarm/install/robotarm_hardware' for CMake module files
[0.471s] Level 1:colcon.colcon_core.environment:checking '/home/admin/robotarm/install/robotarm_hardware' for CMake config files
[0.471s] Level 1:colcon.colcon_core.shell:create_environment_hook('robotarm_hardware', 'cmake_prefix_path')
[0.471s] INFO:colcon.colcon_core.shell:Creating environment descriptor '/home/admin/robotarm/install/robotarm_hardware/share/robotarm_hardware/hook/cmake_prefix_path.dsv'
[0.472s] INFO:colcon.colcon_core.shell:Creating environment hook '/home/admin/robotarm/install/robotarm_hardware/share/robotarm_hardware/hook/cmake_prefix_path.sh'
[0.474s] Level 1:colcon.colcon_core.environment:checking '/home/admin/robotarm/install/robotarm_hardware/lib'
[0.474s] Level 1:colcon.colcon_core.shell:create_environment_hook('robotarm_hardware', 'ld_library_path_lib')
[0.474s] INFO:colcon.colcon_core.shell:Creating environment descriptor '/home/admin/robotarm/install/robotarm_hardware/share/robotarm_hardware/hook/ld_library_path_lib.dsv'
[0.475s] INFO:colcon.colcon_core.shell:Creating environment hook '/home/admin/robotarm/install/robotarm_hardware/share/robotarm_hardware/hook/ld_library_path_lib.sh'
[0.476s] Level 1:colcon.colcon_core.environment:checking '/home/admin/robotarm/install/robotarm_hardware/bin'
[0.476s] Level 1:colcon.colcon_core.environment:checking '/home/admin/robotarm/install/robotarm_hardware/lib/pkgconfig/robotarm_hardware.pc'
[0.479s] Level 1:colcon.colcon_core.environment:checking '/home/admin/robotarm/install/robotarm_hardware/lib/python3.12/site-packages'
[0.480s] Level 1:colcon.colcon_core.environment:checking '/home/admin/robotarm/install/robotarm_hardware/bin'
[0.480s] INFO:colcon.colcon_core.shell:Creating package descriptor '/home/admin/robotarm/install/robotarm_hardware/share/robotarm_hardware/package.dsv'
[0.481s] INFO:colcon.colcon_core.shell:Creating package script '/home/admin/robotarm/install/robotarm_hardware/share/robotarm_hardware/package.sh'
[0.482s] INFO:colcon.colcon_core.shell:Creating package script '/home/admin/robotarm/install/robotarm_hardware/share/robotarm_hardware/package.bash'
[0.483s] INFO:colcon.colcon_core.shell:Creating package script '/home/admin/robotarm/install/robotarm_hardware/share/robotarm_hardware/package.zsh'
[0.484s] Level 1:colcon.colcon_core.environment:create_file_with_runtime_dependencies(/home/admin/robotarm/install/robotarm_hardware/share/colcon-core/packages/robotarm_hardware)
[0.486s] Level 1:colcon.colcon_core.environment:create_environment_scripts_only(robotarm_hardware)
[0.486s] Level 1:colcon.colcon_core.environment:checking '/home/admin/robotarm/install/robotarm_hardware' for CMake module files
[0.487s] Level 1:colcon.colcon_core.environment:checking '/home/admin/robotarm/install/robotarm_hardware' for CMake config files
[0.487s] Level 1:colcon.colcon_core.shell:create_environment_hook('robotarm_hardware', 'cmake_prefix_path')
[0.487s] INFO:colcon.colcon_core.shell:Creating environment descriptor '/home/admin/robotarm/install/robotarm_hardware/share/robotarm_hardware/hook/cmake_prefix_path.dsv'
[0.488s] INFO:colcon.colcon_core.shell:Creating environment hook '/home/admin/robotarm/install/robotarm_hardware/share/robotarm_hardware/hook/cmake_prefix_path.sh'
[0.489s] Level 1:colcon.colcon_core.environment:checking '/home/admin/robotarm/install/robotarm_hardware/lib'
[0.489s] Level 1:colcon.colcon_core.shell:create_environment_hook('robotarm_hardware', 'ld_library_path_lib')
[0.489s] INFO:colcon.colcon_core.shell:Creating environment descriptor '/home/admin/robotarm/install/robotarm_hardware/share/robotarm_hardware/hook/ld_library_path_lib.dsv'
[0.490s] INFO:colcon.colcon_core.shell:Creating environment hook '/home/admin/robotarm/install/robotarm_hardware/share/robotarm_hardware/hook/ld_library_path_lib.sh'
[0.491s] Level 1:colcon.colcon_core.environment:checking '/home/admin/robotarm/install/robotarm_hardware/bin'
[0.492s] Level 1:colcon.colcon_core.environment:checking '/home/admin/robotarm/install/robotarm_hardware/lib/pkgconfig/robotarm_hardware.pc'
[0.492s] Level 1:colcon.colcon_core.environment:checking '/home/admin/robotarm/install/robotarm_hardware/lib/python3.12/site-packages'
[0.492s] Level 1:colcon.colcon_core.environment:checking '/home/admin/robotarm/install/robotarm_hardware/bin'
[0.493s] INFO:colcon.colcon_core.shell:Creating package descriptor '/home/admin/robotarm/install/robotarm_hardware/share/robotarm_hardware/package.dsv'
[0.493s] INFO:colcon.colcon_core.shell:Creating package script '/home/admin/robotarm/install/robotarm_hardware/share/robotarm_hardware/package.sh'
[0.494s] INFO:colcon.colcon_core.shell:Creating package script '/home/admin/robotarm/install/robotarm_hardware/share/robotarm_hardware/package.bash'
[0.496s] INFO:colcon.colcon_core.shell:Creating package script '/home/admin/robotarm/install/robotarm_hardware/share/robotarm_hardware/package.zsh'
[0.497s] Level 1:colcon.colcon_core.environment:create_file_with_runtime_dependencies(/home/admin/robotarm/install/robotarm_hardware/share/colcon-core/packages/robotarm_hardware)
[0.499s] INFO:colcon.colcon_ros.task.ament_cmake.build:Building ROS package in '/home/admin/robotarm/ROS_WS/src/robotarm_software' with build type 'ament_cmake'
[0.499s] INFO:colcon.colcon_cmake.task.cmake.build:Building CMake package in '/home/admin/robotarm/ROS_WS/src/robotarm_software'
[0.499s] DEBUG:colcon.colcon_core.shell:Skip shell extension 'dsv' for command environment
[0.506s] Level 1:colcon.colcon_core.environment:create_environment_scripts_only(robotarm_fake_hardware)
[0.507s] Level 1:colcon.colcon_core.environment:checking '/home/admin/robotarm/install/robotarm_fake_hardware' for CMake module files
[0.507s] DEBUG:colcon.colcon_core.event_handler.log_command:Invoked command in '/home/admin/robotarm/build/robotarm_fake_hardware' returned '0': CMAKE_PREFIX_PATH=${CMAKE_PREFIX_PATH}:/home/admin/robotarm/ROS_WS/install/vision_tracker:/opt/ros/jazzy /usr/bin/cmake --install /home/admin/robotarm/build/robotarm_fake_hardware
[0.508s] Level 1:colcon.colcon_core.environment:checking '/home/admin/robotarm/install/robotarm_fake_hardware' for CMake config files
[0.508s] Level 1:colcon.colcon_core.shell:create_environment_hook('robotarm_fake_hardware', 'cmake_prefix_path')
[0.509s] INFO:colcon.colcon_core.shell:Creating environment descriptor '/home/admin/robotarm/install/robotarm_fake_hardware/share/robotarm_fake_hardware/hook/cmake_prefix_path.dsv'
[0.509s] INFO:colcon.colcon_core.shell:Creating environment hook '/home/admin/robotarm/install/robotarm_fake_hardware/share/robotarm_fake_hardware/hook/cmake_prefix_path.sh'
[0.511s] Level 1:colcon.colcon_core.environment:checking '/home/admin/robotarm/install/robotarm_fake_hardware/lib'
[0.511s] Level 1:colcon.colcon_core.shell:create_environment_hook('robotarm_fake_hardware', 'ld_library_path_lib')
[0.512s] INFO:colcon.colcon_core.shell:Creating environment descriptor '/home/admin/robotarm/install/robotarm_fake_hardware/share/robotarm_fake_hardware/hook/ld_library_path_lib.dsv'
[0.513s] INFO:colcon.colcon_core.shell:Creating environment hook '/home/admin/robotarm/install/robotarm_fake_hardware/share/robotarm_fake_hardware/hook/ld_library_path_lib.sh'
[0.514s] Level 1:colcon.colcon_core.environment:checking '/home/admin/robotarm/install/robotarm_fake_hardware/bin'
[0.514s] Level 1:colcon.colcon_core.environment:checking '/home/admin/robotarm/install/robotarm_fake_hardware/lib/pkgconfig/robotarm_fake_hardware.pc'
[0.515s] Level 1:colcon.colcon_core.environment:checking '/home/admin/robotarm/install/robotarm_fake_hardware/lib/python3.12/site-packages'
[0.515s] Level 1:colcon.colcon_core.environment:checking '/home/admin/robotarm/install/robotarm_fake_hardware/bin'
[0.515s] INFO:colcon.colcon_core.shell:Creating package descriptor '/home/admin/robotarm/install/robotarm_fake_hardware/share/robotarm_fake_hardware/package.dsv'
[0.516s] INFO:colcon.colcon_core.shell:Creating package script '/home/admin/robotarm/install/robotarm_fake_hardware/share/robotarm_fake_hardware/package.sh'
[0.517s] INFO:colcon.colcon_core.shell:Creating package script '/home/admin/robotarm/install/robotarm_fake_hardware/share/robotarm_fake_hardware/package.bash'
[0.519s] INFO:colcon.colcon_core.shell:Creating package script '/home/admin/robotarm/install/robotarm_fake_hardware/share/robotarm_fake_hardware/package.zsh'
[0.520s] Level 1:colcon.colcon_core.environment:create_file_with_runtime_dependencies(/home/admin/robotarm/install/robotarm_fake_hardware/share/colcon-core/packages/robotarm_fake_hardware)
[0.522s] Level 1:colcon.colcon_core.environment:create_environment_scripts_only(robotarm_fake_hardware)
[0.522s] Level 1:colcon.colcon_core.environment:checking '/home/admin/robotarm/install/robotarm_fake_hardware' for CMake module files
[0.523s] Level 1:colcon.colcon_core.environment:checking '/home/admin/robotarm/install/robotarm_fake_hardware' for CMake config files
[0.523s] Level 1:colcon.colcon_core.shell:create_environment_hook('robotarm_fake_hardware', 'cmake_prefix_path')
[0.523s] INFO:colcon.colcon_core.shell:Creating environment descriptor '/home/admin/robotarm/install/robotarm_fake_hardware/share/robotarm_fake_hardware/hook/cmake_prefix_path.dsv'
[0.524s] INFO:colcon.colcon_core.shell:Creating environment hook '/home/admin/robotarm/install/robotarm_fake_hardware/share/robotarm_fake_hardware/hook/cmake_prefix_path.sh'
[0.525s] Level 1:colcon.colcon_core.environment:checking '/home/admin/robotarm/install/robotarm_fake_hardware/lib'
[0.526s] Level 1:colcon.colcon_core.shell:create_environment_hook('robotarm_fake_hardware', 'ld_library_path_lib')
[0.526s] INFO:colcon.colcon_core.shell:Creating environment descriptor '/home/admin/robotarm/install/robotarm_fake_hardware/share/robotarm_fake_hardware/hook/ld_library_path_lib.dsv'
[0.526s] INFO:colcon.colcon_core.shell:Creating environment hook '/home/admin/robotarm/install/robotarm_fake_hardware/share/robotarm_fake_hardware/hook/ld_library_path_lib.sh'
[0.528s] Level 1:colcon.colcon_core.environment:checking '/home/admin/robotarm/install/robotarm_fake_hardware/bin'
[0.528s] Level 1:colcon.colcon_core.environment:checking '/home/admin/robotarm/install/robotarm_fake_hardware/lib/pkgconfig/robotarm_fake_hardware.pc'
[0.528s] Level 1:colcon.colcon_core.environment:checking '/home/admin/robotarm/install/robotarm_fake_hardware/lib/python3.12/site-packages'
[0.529s] Level 1:colcon.colcon_core.environment:checking '/home/admin/robotarm/install/robotarm_fake_hardware/bin'
[0.529s] INFO:colcon.colcon_core.shell:Creating package descriptor '/home/admin/robotarm/install/robotarm_fake_hardware/share/robotarm_fake_hardware/package.dsv'
[0.530s] INFO:colcon.colcon_core.shell:Creating package script '/home/admin/robotarm/install/robotarm_fake_hardware/share/robotarm_fake_hardware/package.sh'
[0.531s] INFO:colcon.colcon_core.shell:Creating package script '/home/admin/robotarm/install/robotarm_fake_hardware/share/robotarm_fake_hardware/package.bash'
[0.532s] INFO:colcon.colcon_core.shell:Creating package script '/home/admin/robotarm/install/robotarm_fake_hardware/share/robotarm_fake_hardware/package.zsh'
[0.534s] Level 1:colcon.colcon_core.environment:create_file_with_runtime_dependencies(/home/admin/robotarm/install/robotarm_fake_hardware/share/colcon-core/packages/robotarm_fake_hardware)
[0.541s] DEBUG:colcon.colcon_core.event_handler.log_command:Invoking command in '/home/admin/robotarm/build/robotarm_software': AMENT_PREFIX_PATH=/home/admin/robotarm/install/robotarm_hardware:${AMENT_PREFIX_PATH} CMAKE_PREFIX_PATH=/home/admin/robotarm/install/robotarm_hardware:/home/admin/robotarm/ROS_WS/install/robotarm_path_planning:/home/admin/robotarm/ROS_WS/install/robotarm_moveit_config:/home/admin/robotarm/ROS_WS/install/robotarm_software:/home/admin/robotarm/ROS_WS/install/robotarm_hardware:/home/admin/robotarm/ROS_WS/install/robotarm_fake_hardware:/home/admin/robotarm/ROS_WS/install/robot_moveit_config:/home/admin/robotarm/ROS_WS/install/point_motion:/home/admin/robotarm/ROS_WS/install/moveit_3dof:/home/admin/robotarm/ROS_WS/install/adi_tmcm_bb4:/home/admin/robotarm/ROS_WS/install/adi_robotarm_moveit_config:/home/admin/robotarm/ROS_WS/install/adi_robotarm:/home/admin/robotarm/ROS_WS/install/adi_4dof_ik:/home/admin/robotarm/ROS_WS/install/adi_4dof_ik_kinematics_plugin:/home/admin/robotarm/ROS_WS/install/adi_4dof_endeffector_xyz:/opt/ros/jazzy/opt/sdformat_vendor:/opt/ros/jazzy/opt/gz_math_vendor:/opt/ros/jazzy/opt/gz_utils_vendor:/opt/ros/jazzy/opt/gz_tools_vendor:/opt/ros/jazzy/opt/gz_cmake_vendor:/home/admin/robotarm/ROS_WS/install/vision_tracker:/opt/ros/jazzy LD_LIBRARY_PATH=/home/admin/robotarm/install/robotarm_hardware/lib:${LD_LIBRARY_PATH} /usr/bin/cmake --build /home/admin/robotarm/build/robotarm_software -- -j4 -l4
[1.115s] DEBUG:colcon.colcon_core.event_handler.log_command:Invoked command in '/home/admin/robotarm/build/robotarm_software' returned '0': AMENT_PREFIX_PATH=/home/admin/robotarm/install/robotarm_hardware:${AMENT_PREFIX_PATH} CMAKE_PREFIX_PATH=/home/admin/robotarm/install/robotarm_hardware:/home/admin/robotarm/ROS_WS/install/robotarm_path_planning:/home/admin/robotarm/ROS_WS/install/robotarm_moveit_config:/home/admin/robotarm/ROS_WS/install/robotarm_software:/home/admin/robotarm/ROS_WS/install/robotarm_hardware:/home/admin/robotarm/ROS_WS/install/robotarm_fake_hardware:/home/admin/robotarm/ROS_WS/install/robot_moveit_config:/home/admin/robotarm/ROS_WS/install/point_motion:/home/admin/robotarm/ROS_WS/install/moveit_3dof:/home/admin/robotarm/ROS_WS/install/adi_tmcm_bb4:/home/admin/robotarm/ROS_WS/install/adi_robotarm_moveit_config:/home/admin/robotarm/ROS_WS/install/adi_robotarm:/home/admin/robotarm/ROS_WS/install/adi_4dof_ik:/home/admin/robotarm/ROS_WS/install/adi_4dof_ik_kinematics_plugin:/home/admin/robotarm/ROS_WS/install/adi_4dof_endeffector_xyz:/opt/ros/jazzy/opt/sdformat_vendor:/opt/ros/jazzy/opt/gz_math_vendor:/opt/ros/jazzy/opt/gz_utils_vendor:/opt/ros/jazzy/opt/gz_tools_vendor:/opt/ros/jazzy/opt/gz_cmake_vendor:/home/admin/robotarm/ROS_WS/install/vision_tracker:/opt/ros/jazzy LD_LIBRARY_PATH=/home/admin/robotarm/install/robotarm_hardware/lib:${LD_LIBRARY_PATH} /usr/bin/cmake --build /home/admin/robotarm/build/robotarm_software -- -j4 -l4
[1.117s] DEBUG:colcon.colcon_core.event_handler.log_command:Invoking command in '/home/admin/robotarm/build/robotarm_software': AMENT_PREFIX_PATH=/home/admin/robotarm/install/robotarm_hardware:${AMENT_PREFIX_PATH} CMAKE_PREFIX_PATH=/home/admin/robotarm/install/robotarm_hardware:/home/admin/robotarm/ROS_WS/install/robotarm_path_planning:/home/admin/robotarm/ROS_WS/install/robotarm_moveit_config:/home/admin/robotarm/ROS_WS/install/robotarm_software:/home/admin/robotarm/ROS_WS/install/robotarm_hardware:/home/admin/robotarm/ROS_WS/install/robotarm_fake_hardware:/home/admin/robotarm/ROS_WS/install/robot_moveit_config:/home/admin/robotarm/ROS_WS/install/point_motion:/home/admin/robotarm/ROS_WS/install/moveit_3dof:/home/admin/robotarm/ROS_WS/install/adi_tmcm_bb4:/home/admin/robotarm/ROS_WS/install/adi_robotarm_moveit_config:/home/admin/robotarm/ROS_WS/install/adi_robotarm:/home/admin/robotarm/ROS_WS/install/adi_4dof_ik:/home/admin/robotarm/ROS_WS/install/adi_4dof_ik_kinematics_plugin:/home/admin/robotarm/ROS_WS/install/adi_4dof_endeffector_xyz:/opt/ros/jazzy/opt/sdformat_vendor:/opt/ros/jazzy/opt/gz_math_vendor:/opt/ros/jazzy/opt/gz_utils_vendor:/opt/ros/jazzy/opt/gz_tools_vendor:/opt/ros/jazzy/opt/gz_cmake_vendor:/home/admin/robotarm/ROS_WS/install/vision_tracker:/opt/ros/jazzy LD_LIBRARY_PATH=/home/admin/robotarm/install/robotarm_hardware/lib:${LD_LIBRARY_PATH} /usr/bin/cmake --install /home/admin/robotarm/build/robotarm_software
[1.207s] Level 1:colcon.colcon_core.environment:create_environment_scripts_only(robotarm_software)
[1.208s] Level 1:colcon.colcon_core.environment:checking '/home/admin/robotarm/install/robotarm_software' for CMake module files
[1.208s] DEBUG:colcon.colcon_core.event_handler.log_command:Invoked command in '/home/admin/robotarm/build/robotarm_software' returned '0': AMENT_PREFIX_PATH=/home/admin/robotarm/install/robotarm_hardware:${AMENT_PREFIX_PATH} CMAKE_PREFIX_PATH=/home/admin/robotarm/install/robotarm_hardware:/home/admin/robotarm/ROS_WS/install/robotarm_path_planning:/home/admin/robotarm/ROS_WS/install/robotarm_moveit_config:/home/admin/robotarm/ROS_WS/install/robotarm_software:/home/admin/robotarm/ROS_WS/install/robotarm_hardware:/home/admin/robotarm/ROS_WS/install/robotarm_fake_hardware:/home/admin/robotarm/ROS_WS/install/robot_moveit_config:/home/admin/robotarm/ROS_WS/install/point_motion:/home/admin/robotarm/ROS_WS/install/moveit_3dof:/home/admin/robotarm/ROS_WS/install/adi_tmcm_bb4:/home/admin/robotarm/ROS_WS/install/adi_robotarm_moveit_config:/home/admin/robotarm/ROS_WS/install/adi_robotarm:/home/admin/robotarm/ROS_WS/install/adi_4dof_ik:/home/admin/robotarm/ROS_WS/install/adi_4dof_ik_kinematics_plugin:/home/admin/robotarm/ROS_WS/install/adi_4dof_endeffector_xyz:/opt/ros/jazzy/opt/sdformat_vendor:/opt/ros/jazzy/opt/gz_math_vendor:/opt/ros/jazzy/opt/gz_utils_vendor:/opt/ros/jazzy/opt/gz_tools_vendor:/opt/ros/jazzy/opt/gz_cmake_vendor:/home/admin/robotarm/ROS_WS/install/vision_tracker:/opt/ros/jazzy LD_LIBRARY_PATH=/home/admin/robotarm/install/robotarm_hardware/lib:${LD_LIBRARY_PATH} /usr/bin/cmake --install /home/admin/robotarm/build/robotarm_software
[1.209s] Level 1:colcon.colcon_core.environment:checking '/home/admin/robotarm/install/robotarm_software' for CMake config files
[1.210s] Level 1:colcon.colcon_core.shell:create_environment_hook('robotarm_software', 'cmake_prefix_path')
[1.210s] INFO:colcon.colcon_core.shell:Creating environment descriptor '/home/admin/robotarm/install/robotarm_software/share/robotarm_software/hook/cmake_prefix_path.dsv'
[1.210s] INFO:colcon.colcon_core.shell:Creating environment hook '/home/admin/robotarm/install/robotarm_software/share/robotarm_software/hook/cmake_prefix_path.sh'
[1.211s] Level 1:colcon.colcon_core.environment:checking '/home/admin/robotarm/install/robotarm_software/lib'
[1.212s] Level 1:colcon.colcon_core.environment:checking '/home/admin/robotarm/install/robotarm_software/bin'
[1.212s] Level 1:colcon.colcon_core.environment:checking '/home/admin/robotarm/install/robotarm_software/lib/pkgconfig/robotarm_software.pc'
[1.212s] Level 1:colcon.colcon_core.environment:checking '/home/admin/robotarm/install/robotarm_software/lib/python3.12/site-packages'
[1.212s] Level 1:colcon.colcon_core.shell:create_environment_hook('robotarm_software', 'pythonpath')
[1.212s] INFO:colcon.colcon_core.shell:Creating environment descriptor '/home/admin/robotarm/install/robotarm_software/share/robotarm_software/hook/pythonpath.dsv'
[1.213s] INFO:colcon.colcon_core.shell:Creating environment hook '/home/admin/robotarm/install/robotarm_software/share/robotarm_software/hook/pythonpath.sh'
[1.214s] Level 1:colcon.colcon_core.environment:checking '/home/admin/robotarm/install/robotarm_software/bin'
[1.214s] INFO:colcon.colcon_core.shell:Creating package descriptor '/home/admin/robotarm/install/robotarm_software/share/robotarm_software/package.dsv'
[1.215s] INFO:colcon.colcon_core.shell:Creating package script '/home/admin/robotarm/install/robotarm_software/share/robotarm_software/package.sh'
[1.216s] INFO:colcon.colcon_core.shell:Creating package script '/home/admin/robotarm/install/robotarm_software/share/robotarm_software/package.bash'
[1.217s] INFO:colcon.colcon_core.shell:Creating package script '/home/admin/robotarm/install/robotarm_software/share/robotarm_software/package.zsh'
[1.218s] Level 1:colcon.colcon_core.environment:create_file_with_runtime_dependencies(/home/admin/robotarm/install/robotarm_software/share/colcon-core/packages/robotarm_software)
[1.220s] Level 1:colcon.colcon_core.environment:create_environment_scripts_only(robotarm_software)
[1.220s] Level 1:colcon.colcon_core.environment:checking '/home/admin/robotarm/install/robotarm_software' for CMake module files
[1.221s] Level 1:colcon.colcon_core.environment:checking '/home/admin/robotarm/install/robotarm_software' for CMake config files
[1.222s] Level 1:colcon.colcon_core.shell:create_environment_hook('robotarm_software', 'cmake_prefix_path')
[1.222s] INFO:colcon.colcon_core.shell:Creating environment descriptor '/home/admin/robotarm/install/robotarm_software/share/robotarm_software/hook/cmake_prefix_path.dsv'
[1.222s] INFO:colcon.colcon_core.shell:Creating environment hook '/home/admin/robotarm/install/robotarm_software/share/robotarm_software/hook/cmake_prefix_path.sh'
[1.224s] Level 1:colcon.colcon_core.environment:checking '/home/admin/robotarm/install/robotarm_software/lib'
[1.224s] Level 1:colcon.colcon_core.environment:checking '/home/admin/robotarm/install/robotarm_software/bin'
[1.224s] Level 1:colcon.colcon_core.environment:checking '/home/admin/robotarm/install/robotarm_software/lib/pkgconfig/robotarm_software.pc'
[1.225s] Level 1:colcon.colcon_core.environment:checking '/home/admin/robotarm/install/robotarm_software/lib/python3.12/site-packages'
[1.225s] Level 1:colcon.colcon_core.shell:create_environment_hook('robotarm_software', 'pythonpath')
[1.225s] INFO:colcon.colcon_core.shell:Creating environment descriptor '/home/admin/robotarm/install/robotarm_software/share/robotarm_software/hook/pythonpath.dsv'
[1.225s] INFO:colcon.colcon_core.shell:Creating environment hook '/home/admin/robotarm/install/robotarm_software/share/robotarm_software/hook/pythonpath.sh'
[1.227s] Level 1:colcon.colcon_core.environment:checking '/home/admin/robotarm/install/robotarm_software/bin'
[1.228s] INFO:colcon.colcon_core.shell:Creating package descriptor '/home/admin/robotarm/install/robotarm_software/share/robotarm_software/package.dsv'
[1.228s] INFO:colcon.colcon_core.shell:Creating package script '/home/admin/robotarm/install/robotarm_software/share/robotarm_software/package.sh'
[1.231s] INFO:colcon.colcon_core.shell:Creating package script '/home/admin/robotarm/install/robotarm_software/share/robotarm_software/package.bash'
[1.232s] INFO:colcon.colcon_core.shell:Creating package script '/home/admin/robotarm/install/robotarm_software/share/robotarm_software/package.zsh'
[1.234s] Level 1:colcon.colcon_core.environment:create_file_with_runtime_dependencies(/home/admin/robotarm/install/robotarm_software/share/colcon-core/packages/robotarm_software)
[1.235s] INFO:colcon.colcon_ros.task.ament_cmake.build:Building ROS package in '/home/admin/robotarm/ROS_WS/src/robotarm_moveit_config' with build type 'ament_cmake'
[1.236s] INFO:colcon.colcon_cmake.task.cmake.build:Building CMake package in '/home/admin/robotarm/ROS_WS/src/robotarm_moveit_config'
[1.236s] DEBUG:colcon.colcon_core.shell:Skip shell extension 'dsv' for command environment
[1.254s] DEBUG:colcon.colcon_core.event_handler.log_command:Invoking command in '/home/admin/robotarm/build/robotarm_moveit_config': AMENT_PREFIX_PATH=/home/admin/robotarm/install/robotarm_software:/home/admin/robotarm/install/robotarm_hardware:${AMENT_PREFIX_PATH} CMAKE_PREFIX_PATH=/home/admin/robotarm/install/robotarm_software:/home/admin/robotarm/install/robotarm_hardware:/home/admin/robotarm/ROS_WS/install/robotarm_path_planning:/home/admin/robotarm/ROS_WS/install/robotarm_moveit_config:/home/admin/robotarm/ROS_WS/install/robotarm_software:/home/admin/robotarm/ROS_WS/install/robotarm_hardware:/home/admin/robotarm/ROS_WS/install/robotarm_fake_hardware:/home/admin/robotarm/ROS_WS/install/robot_moveit_config:/home/admin/robotarm/ROS_WS/install/point_motion:/home/admin/robotarm/ROS_WS/install/moveit_3dof:/home/admin/robotarm/ROS_WS/install/adi_tmcm_bb4:/home/admin/robotarm/ROS_WS/install/adi_robotarm_moveit_config:/home/admin/robotarm/ROS_WS/install/adi_robotarm:/home/admin/robotarm/ROS_WS/install/adi_4dof_ik:/home/admin/robotarm/ROS_WS/install/adi_4dof_ik_kinematics_plugin:/home/admin/robotarm/ROS_WS/install/adi_4dof_endeffector_xyz:/opt/ros/jazzy/opt/sdformat_vendor:/opt/ros/jazzy/opt/gz_math_vendor:/opt/ros/jazzy/opt/gz_utils_vendor:/opt/ros/jazzy/opt/gz_tools_vendor:/opt/ros/jazzy/opt/gz_cmake_vendor:/home/admin/robotarm/ROS_WS/install/vision_tracker:/opt/ros/jazzy LD_LIBRARY_PATH=/home/admin/robotarm/install/robotarm_hardware/lib:${LD_LIBRARY_PATH} PYTHONPATH=/home/admin/robotarm/install/robotarm_software/lib/python3.12/site-packages:${PYTHONPATH} /usr/bin/cmake --build /home/admin/robotarm/build/robotarm_moveit_config -- -j4 -l4
[1.323s] DEBUG:colcon.colcon_core.event_handler.log_command:Invoked command in '/home/admin/robotarm/build/robotarm_moveit_config' returned '0': AMENT_PREFIX_PATH=/home/admin/robotarm/install/robotarm_software:/home/admin/robotarm/install/robotarm_hardware:${AMENT_PREFIX_PATH} CMAKE_PREFIX_PATH=/home/admin/robotarm/install/robotarm_software:/home/admin/robotarm/install/robotarm_hardware:/home/admin/robotarm/ROS_WS/install/robotarm_path_planning:/home/admin/robotarm/ROS_WS/install/robotarm_moveit_config:/home/admin/robotarm/ROS_WS/install/robotarm_software:/home/admin/robotarm/ROS_WS/install/robotarm_hardware:/home/admin/robotarm/ROS_WS/install/robotarm_fake_hardware:/home/admin/robotarm/ROS_WS/install/robot_moveit_config:/home/admin/robotarm/ROS_WS/install/point_motion:/home/admin/robotarm/ROS_WS/install/moveit_3dof:/home/admin/robotarm/ROS_WS/install/adi_tmcm_bb4:/home/admin/robotarm/ROS_WS/install/adi_robotarm_moveit_config:/home/admin/robotarm/ROS_WS/install/adi_robotarm:/home/admin/robotarm/ROS_WS/install/adi_4dof_ik:/home/admin/robotarm/ROS_WS/install/adi_4dof_ik_kinematics_plugin:/home/admin/robotarm/ROS_WS/install/adi_4dof_endeffector_xyz:/opt/ros/jazzy/opt/sdformat_vendor:/opt/ros/jazzy/opt/gz_math_vendor:/opt/ros/jazzy/opt/gz_utils_vendor:/opt/ros/jazzy/opt/gz_tools_vendor:/opt/ros/jazzy/opt/gz_cmake_vendor:/home/admin/robotarm/ROS_WS/install/vision_tracker:/opt/ros/jazzy LD_LIBRARY_PATH=/home/admin/robotarm/install/robotarm_hardware/lib:${LD_LIBRARY_PATH} PYTHONPATH=/home/admin/robotarm/install/robotarm_software/lib/python3.12/site-packages:${PYTHONPATH} /usr/bin/cmake --build /home/admin/robotarm/build/robotarm_moveit_config -- -j4 -l4
[1.325s] DEBUG:colcon.colcon_core.event_handler.log_command:Invoking command in '/home/admin/robotarm/build/robotarm_moveit_config': AMENT_PREFIX_PATH=/home/admin/robotarm/install/robotarm_software:/home/admin/robotarm/install/robotarm_hardware:${AMENT_PREFIX_PATH} CMAKE_PREFIX_PATH=/home/admin/robotarm/install/robotarm_software:/home/admin/robotarm/install/robotarm_hardware:/home/admin/robotarm/ROS_WS/install/robotarm_path_planning:/home/admin/robotarm/ROS_WS/install/robotarm_moveit_config:/home/admin/robotarm/ROS_WS/install/robotarm_software:/home/admin/robotarm/ROS_WS/install/robotarm_hardware:/home/admin/robotarm/ROS_WS/install/robotarm_fake_hardware:/home/admin/robotarm/ROS_WS/install/robot_moveit_config:/home/admin/robotarm/ROS_WS/install/point_motion:/home/admin/robotarm/ROS_WS/install/moveit_3dof:/home/admin/robotarm/ROS_WS/install/adi_tmcm_bb4:/home/admin/robotarm/ROS_WS/install/adi_robotarm_moveit_config:/home/admin/robotarm/ROS_WS/install/adi_robotarm:/home/admin/robotarm/ROS_WS/install/adi_4dof_ik:/home/admin/robotarm/ROS_WS/install/adi_4dof_ik_kinematics_plugin:/home/admin/robotarm/ROS_WS/install/adi_4dof_endeffector_xyz:/opt/ros/jazzy/opt/sdformat_vendor:/opt/ros/jazzy/opt/gz_math_vendor:/opt/ros/jazzy/opt/gz_utils_vendor:/opt/ros/jazzy/opt/gz_tools_vendor:/opt/ros/jazzy/opt/gz_cmake_vendor:/home/admin/robotarm/ROS_WS/install/vision_tracker:/opt/ros/jazzy LD_LIBRARY_PATH=/home/admin/robotarm/install/robotarm_hardware/lib:${LD_LIBRARY_PATH} PYTHONPATH=/home/admin/robotarm/install/robotarm_software/lib/python3.12/site-packages:${PYTHONPATH} /usr/bin/cmake --install /home/admin/robotarm/build/robotarm_moveit_config
[1.343s] Level 1:colcon.colcon_core.environment:create_environment_scripts_only(robotarm_moveit_config)
[1.344s] Level 1:colcon.colcon_core.environment:checking '/home/admin/robotarm/install/robotarm_moveit_config' for CMake module files
[1.344s] DEBUG:colcon.colcon_core.event_handler.log_command:Invoked command in '/home/admin/robotarm/build/robotarm_moveit_config' returned '0': AMENT_PREFIX_PATH=/home/admin/robotarm/install/robotarm_software:/home/admin/robotarm/install/robotarm_hardware:${AMENT_PREFIX_PATH} CMAKE_PREFIX_PATH=/home/admin/robotarm/install/robotarm_software:/home/admin/robotarm/install/robotarm_hardware:/home/admin/robotarm/ROS_WS/install/robotarm_path_planning:/home/admin/robotarm/ROS_WS/install/robotarm_moveit_config:/home/admin/robotarm/ROS_WS/install/robotarm_software:/home/admin/robotarm/ROS_WS/install/robotarm_hardware:/home/admin/robotarm/ROS_WS/install/robotarm_fake_hardware:/home/admin/robotarm/ROS_WS/install/robot_moveit_config:/home/admin/robotarm/ROS_WS/install/point_motion:/home/admin/robotarm/ROS_WS/install/moveit_3dof:/home/admin/robotarm/ROS_WS/install/adi_tmcm_bb4:/home/admin/robotarm/ROS_WS/install/adi_robotarm_moveit_config:/home/admin/robotarm/ROS_WS/install/adi_robotarm:/home/admin/robotarm/ROS_WS/install/adi_4dof_ik:/home/admin/robotarm/ROS_WS/install/adi_4dof_ik_kinematics_plugin:/home/admin/robotarm/ROS_WS/install/adi_4dof_endeffector_xyz:/opt/ros/jazzy/opt/sdformat_vendor:/opt/ros/jazzy/opt/gz_math_vendor:/opt/ros/jazzy/opt/gz_utils_vendor:/opt/ros/jazzy/opt/gz_tools_vendor:/opt/ros/jazzy/opt/gz_cmake_vendor:/home/admin/robotarm/ROS_WS/install/vision_tracker:/opt/ros/jazzy LD_LIBRARY_PATH=/home/admin/robotarm/install/robotarm_hardware/lib:${LD_LIBRARY_PATH} PYTHONPATH=/home/admin/robotarm/install/robotarm_software/lib/python3.12/site-packages:${PYTHONPATH} /usr/bin/cmake --install /home/admin/robotarm/build/robotarm_moveit_config
[1.344s] Level 1:colcon.colcon_core.environment:checking '/home/admin/robotarm/install/robotarm_moveit_config' for CMake config files
[1.345s] Level 1:colcon.colcon_core.shell:create_environment_hook('robotarm_moveit_config', 'cmake_prefix_path')
[1.345s] INFO:colcon.colcon_core.shell:Creating environment descriptor '/home/admin/robotarm/install/robotarm_moveit_config/share/robotarm_moveit_config/hook/cmake_prefix_path.dsv'
[1.346s] INFO:colcon.colcon_core.shell:Creating environment hook '/home/admin/robotarm/install/robotarm_moveit_config/share/robotarm_moveit_config/hook/cmake_prefix_path.sh'
[1.347s] Level 1:colcon.colcon_core.environment:checking '/home/admin/robotarm/install/robotarm_moveit_config/bin'
[1.347s] Level 1:colcon.colcon_core.environment:checking '/home/admin/robotarm/install/robotarm_moveit_config/lib/pkgconfig/robotarm_moveit_config.pc'
[1.347s] Level 1:colcon.colcon_core.environment:checking '/home/admin/robotarm/install/robotarm_moveit_config/lib/python3.12/site-packages'
[1.347s] Level 1:colcon.colcon_core.environment:checking '/home/admin/robotarm/install/robotarm_moveit_config/bin'
[1.348s] INFO:colcon.colcon_core.shell:Creating package descriptor '/home/admin/robotarm/install/robotarm_moveit_config/share/robotarm_moveit_config/package.dsv'
[1.348s] INFO:colcon.colcon_core.shell:Creating package script '/home/admin/robotarm/install/robotarm_moveit_config/share/robotarm_moveit_config/package.sh'
[1.349s] INFO:colcon.colcon_core.shell:Creating package script '/home/admin/robotarm/install/robotarm_moveit_config/share/robotarm_moveit_config/package.bash'
[1.350s] INFO:colcon.colcon_core.shell:Creating package script '/home/admin/robotarm/install/robotarm_moveit_config/share/robotarm_moveit_config/package.zsh'
[1.351s] Level 1:colcon.colcon_core.environment:create_file_with_runtime_dependencies(/home/admin/robotarm/install/robotarm_moveit_config/share/colcon-core/packages/robotarm_moveit_config)
[1.352s] Level 1:colcon.colcon_core.environment:create_environment_scripts_only(robotarm_moveit_config)
[1.352s] Level 1:colcon.colcon_core.environment:checking '/home/admin/robotarm/install/robotarm_moveit_config' for CMake module files
[1.353s] Level 1:colcon.colcon_core.environment:checking '/home/admin/robotarm/install/robotarm_moveit_config' for CMake config files
[1.353s] Level 1:colcon.colcon_core.shell:create_environment_hook('robotarm_moveit_config', 'cmake_prefix_path')
[1.353s] INFO:colcon.colcon_core.shell:Creating environment descriptor '/home/admin/robotarm/install/robotarm_moveit_config/share/robotarm_moveit_config/hook/cmake_prefix_path.dsv'
[1.354s] INFO:colcon.colcon_core.shell:Creating environment hook '/home/admin/robotarm/install/robotarm_moveit_config/share/robotarm_moveit_config/hook/cmake_prefix_path.sh'
[1.355s] Level 1:colcon.colcon_core.environment:checking '/home/admin/robotarm/install/robotarm_moveit_config/bin'
[1.355s] Level 1:colcon.colcon_core.environment:checking '/home/admin/robotarm/install/robotarm_moveit_config/lib/pkgconfig/robotarm_moveit_config.pc'
[1.355s] Level 1:colcon.colcon_core.environment:checking '/home/admin/robotarm/install/robotarm_moveit_config/lib/python3.12/site-packages'
[1.356s] Level 1:colcon.colcon_core.environment:checking '/home/admin/robotarm/install/robotarm_moveit_config/bin'
[1.356s] INFO:colcon.colcon_core.shell:Creating package descriptor '/home/admin/robotarm/install/robotarm_moveit_config/share/robotarm_moveit_config/package.dsv'
[1.357s] INFO:colcon.colcon_core.shell:Creating package script '/home/admin/robotarm/install/robotarm_moveit_config/share/robotarm_moveit_config/package.sh'
[1.358s] INFO:colcon.colcon_core.shell:Creating package script '/home/admin/robotarm/install/robotarm_moveit_config/share/robotarm_moveit_config/package.bash'
[1.360s] INFO:colcon.colcon_core.shell:Creating package script '/home/admin/robotarm/install/robotarm_moveit_config/share/robotarm_moveit_config/package.zsh'
[1.362s] Level 1:colcon.colcon_core.environment:create_file_with_runtime_dependencies(/home/admin/robotarm/install/robotarm_moveit_config/share/colcon-core/packages/robotarm_moveit_config)
[1.363s] DEBUG:colcon.colcon_parallel_executor.executor.parallel:closing loop
[1.364s] DEBUG:colcon.colcon_parallel_executor.executor.parallel:loop closed
[1.364s] DEBUG:colcon.colcon_parallel_executor.executor.parallel:run_until_complete finished with '0'
[1.364s] DEBUG:colcon.colcon_core.event_reactor:joining thread
[1.365s] DEBUG:colcon.colcon_core.event_reactor:joined thread
[1.365s] INFO:colcon.colcon_core.shell:Creating prefix script '/home/admin/robotarm/install/local_setup.sh'
[1.366s] INFO:colcon.colcon_core.shell:Creating prefix util module '/home/admin/robotarm/install/_local_setup_util_sh.py'
[1.368s] INFO:colcon.colcon_core.shell:Creating prefix chain script '/home/admin/robotarm/install/setup.sh'
[1.370s] INFO:colcon.colcon_core.shell:Creating prefix script '/home/admin/robotarm/install/local_setup.bash'
[1.371s] INFO:colcon.colcon_core.shell:Creating prefix chain script '/home/admin/robotarm/install/setup.bash'
[1.373s] INFO:colcon.colcon_core.shell:Creating prefix script '/home/admin/robotarm/install/local_setup.zsh'
[1.374s] INFO:colcon.colcon_core.shell:Creating prefix chain script '/home/admin/robotarm/install/setup.zsh'
