[0.039s] Invoking command in '/home/admin/robotarm/build/robotarm_hardware': CMAKE_PREFIX_PATH=${CMAKE_PREFIX_PATH}:/home/admin/robotarm/ROS_WS/install/vision_tracker:/opt/ros/jazzy /usr/bin/cmake /home/admin/robotarm/ROS_WS/src/robotarm_hardware -DCMAKE_INSTALL_PREFIX=/home/admin/robotarm/install/robotarm_hardware
[0.988s] -- The C compiler identification is GNU 13.3.0
[1.503s] -- The CXX compiler identification is GNU 13.3.0
[1.552s] -- Detecting C compiler ABI info
[1.803s] -- Detecting C compiler ABI info - done
[1.818s] -- Check for working C compiler: /usr/bin/cc - skipped
[1.819s] -- Detecting C compile features
[1.820s] -- Detecting C compile features - done
[1.839s] -- Detecting CXX compiler ABI info
[2.059s] -- Detecting CXX compiler ABI info - done
[2.075s] -- Check for working CXX compiler: /usr/bin/c++ - skipped
[2.075s] -- Detecting CXX compile features
[2.076s] -- Detecting CXX compile features - done
[2.101s] -- Found ament_cmake: 2.5.6 (/opt/ros/jazzy/share/ament_cmake/cmake)
[2.427s] -- Found Python3: /usr/bin/python3 (found version "3.12.3") found components: Interpreter 
[2.748s] -- Found hardware_interface: 4.44.0 (/opt/ros/jazzy/share/hardware_interface/cmake)
[2.917s] -- Found rosidl_generator_c: 4.6.7 (/opt/ros/jazzy/share/rosidl_generator_c/cmake)
[2.961s] -- Found rosidl_generator_cpp: 4.6.7 (/opt/ros/jazzy/share/rosidl_generator_cpp/cmake)
[3.037s] -- Using all available rosidl_typesupport_c: rosidl_typesupport_fastrtps_c;rosidl_typesupport_introspection_c
[3.099s] -- Using all available rosidl_typesupport_cpp: rosidl_typesupport_fastrtps_cpp;rosidl_typesupport_introspection_cpp
[3.689s] -- Found TinyXML2 via Config file: /usr/lib/aarch64-linux-gnu/cmake/tinyxml2
[3.827s] -- Found rmw_implementation_cmake: 7.3.3 (/opt/ros/jazzy/share/rmw_implementation_cmake/cmake)
[3.840s] -- Found rmw_fastrtps_cpp: 8.4.3 (/opt/ros/jazzy/share/rmw_fastrtps_cpp/cmake)
[3.924s] -- Found TinyXML2 via Config file: /usr/lib/aarch64-linux-gnu/cmake/tinyxml2
[4.084s] -- Found OpenSSL: /usr/lib/aarch64-linux-gnu/libcrypto.so (found version "3.0.13")  
[4.093s] -- Found TinyXML2 via Config file: /usr/lib/aarch64-linux-gnu/cmake/tinyxml2
[4.119s] -- Found FastRTPS: /opt/ros/jazzy/include (Required is at least version "2.13") 
[4.124s] -- Found TinyXML2 via Config file: /usr/lib/aarch64-linux-gnu/cmake/tinyxml2
[4.139s] -- Found TinyXML2 via Config file: /usr/lib/aarch64-linux-gnu/cmake/tinyxml2
[4.159s] -- Using RMW implementation 'rmw_fastrtps_cpp' as default
[5.152s] -- Configuring done (4.8s)
[5.242s] -- Generating done (0.1s)
[5.251s] -- Build files have been written to: /home/admin/robotarm/build/robotarm_hardware
[5.293s] Invoked command in '/home/admin/robotarm/build/robotarm_hardware' returned '0': CMAKE_PREFIX_PATH=${CMAKE_PREFIX_PATH}:/home/admin/robotarm/ROS_WS/install/vision_tracker:/opt/ros/jazzy /usr/bin/cmake /home/admin/robotarm/ROS_WS/src/robotarm_hardware -DCMAKE_INSTALL_PREFIX=/home/admin/robotarm/install/robotarm_hardware
[5.295s] Invoking command in '/home/admin/robotarm/build/robotarm_hardware': CMAKE_PREFIX_PATH=${CMAKE_PREFIX_PATH}:/home/admin/robotarm/ROS_WS/install/vision_tracker:/opt/ros/jazzy /usr/bin/cmake --build /home/admin/robotarm/build/robotarm_hardware -- -j4 -l4
[5.395s] [ 50%] [32mBuilding CXX object CMakeFiles/robotarm_hardware.dir/src/robotarm_system.cpp.o[0m
[10.636s] [01m[K/home/admin/robotarm/ROS_WS/src/robotarm_hardware/src/robotarm_system.cpp:[m[K In member function ‘[01m[Kvirtual hardware_interface::CallbackReturn robotarm_hardware::RobotArmSystem::[01;32m[Kon_init[m[K(const hardware_interface::HardwareInfo&)[m[K’:
[10.636s] [01m[K/home/admin/robotarm/ROS_WS/src/robotarm_hardware/src/robotarm_system.cpp:112:51:[m[K [01;35m[Kwarning: [m[K‘[01m[Kvirtual rclcpp_lifecycle::node_interfaces::LifecycleNodeInterface::CallbackReturn hardware_interface::HardwareComponentInterface::[01;32m[Kon_init[m[K(const hardware_interface::HardwareInfo&)[m[K’ is deprecated: Use on_init(const HardwareComponentInterfaceParams & params) instead. [[01;35m[K]8;;https://gcc.gnu.org/onlinedocs/gcc/Warning-Options.html#index-Wdeprecated-declarations-Wdeprecated-declarations]8;;[m[K]
[10.636s]   112 |   if ([01;35m[Khardware_interface::SystemInterface::on_init(info)[m[K !=
[10.636s]       |       [01;35m[K~~~~~~~~~~~~~~~~~~~~~~~~~~~~~~~~~~~~~~~~~~~~^~~~~~[m[K
[10.636s] In file included from [01m[K/opt/ros/jazzy/include/hardware_interface/hardware_interface/system_interface.hpp:18[m[K,
[10.636s]                  from [01m[K/home/admin/robotarm/ROS_WS/src/robotarm_hardware/include/robotarm_hardware/robotarm_system.hpp:6[m[K,
[10.636s]                  from [01m[K/home/admin/robotarm/ROS_WS/src/robotarm_hardware/src/robotarm_system.cpp:42[m[K:
[10.637s] [01m[K/opt/ros/jazzy/include/hardware_interface/hardware_interface/hardware_component_interface.hpp:140:26:[m[K [01;36m[Knote: [m[Kdeclared here
[10.637s]   140 |   virtual CallbackReturn [01;36m[Kon_init[m[K(const HardwareInfo & hardware_info);
[10.637s]       |                          [01;36m[K^~~~~~~[m[K
[14.302s] [100%] [32m[1mLinking CXX shared library librobotarm_hardware.so[0m
[14.749s] [100%] Built target robotarm_hardware
[14.770s] Invoked command in '/home/admin/robotarm/build/robotarm_hardware' returned '0': CMAKE_PREFIX_PATH=${CMAKE_PREFIX_PATH}:/home/admin/robotarm/ROS_WS/install/vision_tracker:/opt/ros/jazzy /usr/bin/cmake --build /home/admin/robotarm/build/robotarm_hardware -- -j4 -l4
[14.772s] Invoking command in '/home/admin/robotarm/build/robotarm_hardware': CMAKE_PREFIX_PATH=${CMAKE_PREFIX_PATH}:/home/admin/robotarm/ROS_WS/install/vision_tracker:/opt/ros/jazzy /usr/bin/cmake --install /home/admin/robotarm/build/robotarm_hardware
[14.787s] -- Install configuration: ""
[14.787s] -- Installing: /home/admin/robotarm/install/robotarm_hardware/share/robotarm_hardware/robotarm_hardware.xml
[14.788s] -- Installing: /home/admin/robotarm/install/robotarm_hardware/lib/librobotarm_hardware.so
[14.790s] -- Set non-toolchain portion of runtime path of "/home/admin/robotarm/install/robotarm_hardware/lib/librobotarm_hardware.so" to ""
[14.790s] -- Installing: /home/admin/robotarm/install/robotarm_hardware/include
[14.790s] -- Installing: /home/admin/robotarm/install/robotarm_hardware/include/robotarm_hardware
[14.790s] -- Installing: /home/admin/robotarm/install/robotarm_hardware/include/robotarm_hardware/robotarm_system.hpp
[14.790s] -- Up-to-date: /home/admin/robotarm/install/robotarm_hardware/share/robotarm_hardware/robotarm_hardware.xml
[14.790s] -- Installing: /home/admin/robotarm/install/robotarm_hardware/share/ament_index/resource_index/package_run_dependencies/robotarm_hardware
[14.791s] -- Installing: /home/admin/robotarm/install/robotarm_hardware/share/ament_index/resource_index/parent_prefix_path/robotarm_hardware
[14.791s] -- Installing: /home/admin/robotarm/install/robotarm_hardware/share/robotarm_hardware/environment/ament_prefix_path.sh
[14.791s] -- Installing: /home/admin/robotarm/install/robotarm_hardware/share/robotarm_hardware/environment/ament_prefix_path.dsv
[14.791s] -- Installing: /home/admin/robotarm/install/robotarm_hardware/share/robotarm_hardware/environment/path.sh
[14.791s] -- Installing: /home/admin/robotarm/install/robotarm_hardware/share/robotarm_hardware/environment/path.dsv
[14.792s] -- Installing: /home/admin/robotarm/install/robotarm_hardware/share/robotarm_hardware/local_setup.bash
[14.792s] -- Installing: /home/admin/robotarm/install/robotarm_hardware/share/robotarm_hardware/local_setup.sh
[14.792s] -- Installing: /home/admin/robotarm/install/robotarm_hardware/share/robotarm_hardware/local_setup.zsh
[14.792s] -- Installing: /home/admin/robotarm/install/robotarm_hardware/share/robotarm_hardware/local_setup.dsv
[14.792s] -- Installing: /home/admin/robotarm/install/robotarm_hardware/share/robotarm_hardware/package.dsv
[14.792s] -- Installing: /home/admin/robotarm/install/robotarm_hardware/share/ament_index/resource_index/packages/robotarm_hardware
[14.793s] -- Installing: /home/admin/robotarm/install/robotarm_hardware/share/ament_index/resource_index/hardware_interface__pluginlib__plugin/robotarm_hardware
[14.793s] -- Installing: /home/admin/robotarm/install/robotarm_hardware/share/robotarm_hardware/cmake/robotarm_hardwareConfig.cmake
[14.793s] -- Installing: /home/admin/robotarm/install/robotarm_hardware/share/robotarm_hardware/cmake/robotarm_hardwareConfig-version.cmake
[14.793s] -- Installing: /home/admin/robotarm/install/robotarm_hardware/share/robotarm_hardware/package.xml
[14.797s] Invoked command in '/home/admin/robotarm/build/robotarm_hardware' returned '0': CMAKE_PREFIX_PATH=${CMAKE_PREFIX_PATH}:/home/admin/robotarm/ROS_WS/install/vision_tracker:/opt/ros/jazzy /usr/bin/cmake --install /home/admin/robotarm/build/robotarm_hardware
