[0.021s] Invoking command in '/home/admin/robotarm/build/robotarm_software': AMENT_PREFIX_PATH=/home/admin/robotarm/install/robotarm_hardware:${AMENT_PREFIX_PATH} CMAKE_PREFIX_PATH=/home/admin/robotarm/install/robotarm_hardware:/home/admin/robotarm/ROS_WS/install/robotarm_path_planning:/home/admin/robotarm/ROS_WS/install/robotarm_moveit_config:/home/admin/robotarm/ROS_WS/install/robotarm_software:/home/admin/robotarm/ROS_WS/install/robotarm_hardware:/home/admin/robotarm/ROS_WS/install/robotarm_fake_hardware:/home/admin/robotarm/ROS_WS/install/robot_moveit_config:/home/admin/robotarm/ROS_WS/install/point_motion:/home/admin/robotarm/ROS_WS/install/moveit_3dof:/home/admin/robotarm/ROS_WS/install/adi_tmcm_bb4:/home/admin/robotarm/ROS_WS/install/adi_robotarm_moveit_config:/home/admin/robotarm/ROS_WS/install/adi_robotarm:/home/admin/robotarm/ROS_WS/install/adi_4dof_ik:/home/admin/robotarm/ROS_WS/install/adi_4dof_ik_kinematics_plugin:/home/admin/robotarm/ROS_WS/install/adi_4dof_endeffector_xyz:/opt/ros/jazzy/opt/sdformat_vendor:/opt/ros/jazzy/opt/gz_math_vendor:/opt/ros/jazzy/opt/gz_utils_vendor:/opt/ros/jazzy/opt/gz_tools_vendor:/opt/ros/jazzy/opt/gz_cmake_vendor:/home/admin/robotarm/ROS_WS/install/vision_tracker:/opt/ros/jazzy LD_LIBRARY_PATH=/home/admin/robotarm/install/robotarm_hardware/lib:${LD_LIBRARY_PATH} /usr/bin/cmake /home/admin/robotarm/ROS_WS/src/robotarm_software -DCMAKE_INSTALL_PREFIX=/home/admin/robotarm/install/robotarm_software
[0.124s] -- The C compiler identification is GNU 13.3.0
[0.220s] -- The CXX compiler identification is GNU 13.3.0
[0.249s] -- Detecting C compiler ABI info
[0.409s] -- Detecting C compiler ABI info - done
[0.425s] -- Check for working C compiler: /usr/bin/cc - skipped
[0.425s] -- Detecting C compile features
[0.426s] -- Detecting C compile features - done
[0.440s] -- Detecting CXX compiler ABI info
[0.617s] -- Detecting CXX compiler ABI info - done
[0.633s] -- Check for working CXX compiler: /usr/bin/c++ - skipped
[0.633s] -- Detecting CXX compile features
[0.634s] -- Detecting CXX compile features - done
[0.640s] -- Found ament_cmake: 2.5.6 (/opt/ros/jazzy/share/ament_cmake/cmake)
[0.882s] -- Found Python3: /usr/bin/python3 (found version "3.12.3") found components: Interpreter 
[1.079s] -- Found rclcpp: 28.1.18 (/opt/ros/jazzy/share/rclcpp/cmake)
[1.151s] -- Found rosidl_generator_c: 4.6.7 (/opt/ros/jazzy/share/rosidl_generator_c/cmake)
[1.178s] -- Found rosidl_generator_cpp: 4.6.7 (/opt/ros/jazzy/share/rosidl_generator_cpp/cmake)
[1.208s] -- Using all available rosidl_typesupport_c: rosidl_typesupport_fastrtps_c;rosidl_typesupport_introspection_c
[1.241s] -- Using all available rosidl_typesupport_cpp: rosidl_typesupport_fastrtps_cpp;rosidl_typesupport_introspection_cpp
[1.368s] -- Found rmw_implementation_cmake: 7.3.3 (/opt/ros/jazzy/share/rmw_implementation_cmake/cmake)
[1.375s] -- Found rmw_fastrtps_cpp: 8.4.3 (/opt/ros/jazzy/share/rmw_fastrtps_cpp/cmake)
[1.518s] -- Found OpenSSL: /usr/lib/aarch64-linux-gnu/libcrypto.so (found version "3.0.13")  
[1.544s] -- Found FastRTPS: /opt/ros/jazzy/include (Required is at least version "2.13") 
[1.580s] -- Using RMW implementation 'rmw_fastrtps_cpp' as default
[1.693s] -- Found rclpy: 7.1.11 (/opt/ros/jazzy/share/rclpy/cmake)
[1.698s] -- Found std_msgs: 5.3.7 (/opt/ros/jazzy/share/std_msgs/cmake)
[1.720s] -- Found sensor_msgs: 5.3.7 (/opt/ros/jazzy/share/sensor_msgs/cmake)
[1.778s] -- Found control_msgs: 5.9.0 (/opt/ros/jazzy/share/control_msgs/cmake)
[1.909s] -- Found moveit_ros_planning_interface: 2.12.4 (/opt/ros/jazzy/share/moveit_ros_planning_interface/cmake)
[2.136s] -- Found Boost: /usr/lib/aarch64-linux-gnu/cmake/Boost-1.83.0/BoostConfig.cmake (found version "1.83.0") found components: date_time filesystem program_options system thread 
[2.446s] -- Found Boost: /usr/lib/aarch64-linux-gnu/cmake/Boost-1.83.0/BoostConfig.cmake (found version "1.83.0") found components: chrono date_time filesystem iostreams program_options regex serialization system thread 
[2.583s] -- Found parameter_traits: 0.7.1 (/opt/ros/jazzy/share/parameter_traits/cmake)
[2.629s] -- Found rclcpp_lifecycle: 28.1.18 (/opt/ros/jazzy/share/rclcpp_lifecycle/cmake)
[2.689s] -- Found Boost: /usr/lib/aarch64-linux-gnu/cmake/Boost-1.83.0/BoostConfig.cmake (found version "1.83.0") found components: filesystem 
[2.815s] -- Found Eigen3: TRUE (found version "3.4.0") 
[2.816s] -- Ensuring Eigen3 include directory is part of orocos-kdl CMake target
[3.150s] -- Found Boost: /usr/lib/aarch64-linux-gnu/cmake/Boost-1.83.0/BoostConfig.cmake (found version "1.83.0") found components: system filesystem date_time program_options thread chrono 
[3.228s] -- Found Boost: /usr/lib/aarch64-linux-gnu/cmake/Boost-1.83.0/BoostConfig.cmake (found version "1.83.0") found components: thread system filesystem regex date_time program_options 
[3.277s] -- Found Boost: /usr/lib/aarch64-linux-gnu/cmake/Boost-1.83.0/BoostConfig.cmake (found version "1.83.0") found components: system filesystem date_time program_options thread 
[3.557s] -- Found ament_lint_auto: 0.17.5 (/opt/ros/jazzy/share/ament_lint_auto/cmake)
[3.794s] -- Added test 'copyright' to check source files copyright and LICENSE
[3.805s] -- Added test 'cppcheck' to perform static code analysis on C / C++ code
[3.805s] -- Configured cppcheck include dirs: 
[3.805s] -- Configured cppcheck exclude dirs and/or files: 
[3.809s] -- Added test 'cpplint' to check C / C++ code against the Google style
[3.810s] -- Configured cpplint exclude dirs and/or files: 
[3.812s] -- Added test 'flake8' to check Python code syntax and style conventions
[3.812s] -- Configured 'flake8' exclude dirs and/or files: 
[3.814s] -- Added test 'lint_cmake' to check CMake code style
[3.816s] -- Added test 'pep257' to check Python code against some of the docstring style conventions in PEP 257
[3.820s] -- Added test 'uncrustify' to check C / C++ code style
[3.820s] -- Configured uncrustify additional arguments: 
[3.822s] -- Added test 'xmllint' to check XML markup files
[3.825s] -- Configuring done (3.8s)
[3.906s] -- Generating done (0.1s)
[3.919s] -- Build files have been written to: /home/admin/robotarm/build/robotarm_software
[3.950s] Invoked command in '/home/admin/robotarm/build/robotarm_software' returned '0': AMENT_PREFIX_PATH=/home/admin/robotarm/install/robotarm_hardware:${AMENT_PREFIX_PATH} CMAKE_PREFIX_PATH=/home/admin/robotarm/install/robotarm_hardware:/home/admin/robotarm/ROS_WS/install/robotarm_path_planning:/home/admin/robotarm/ROS_WS/install/robotarm_moveit_config:/home/admin/robotarm/ROS_WS/install/robotarm_software:/home/admin/robotarm/ROS_WS/install/robotarm_hardware:/home/admin/robotarm/ROS_WS/install/robotarm_fake_hardware:/home/admin/robotarm/ROS_WS/install/robot_moveit_config:/home/admin/robotarm/ROS_WS/install/point_motion:/home/admin/robotarm/ROS_WS/install/moveit_3dof:/home/admin/robotarm/ROS_WS/install/adi_tmcm_bb4:/home/admin/robotarm/ROS_WS/install/adi_robotarm_moveit_config:/home/admin/robotarm/ROS_WS/install/adi_robotarm:/home/admin/robotarm/ROS_WS/install/adi_4dof_ik:/home/admin/robotarm/ROS_WS/install/adi_4dof_ik_kinematics_plugin:/home/admin/robotarm/ROS_WS/install/adi_4dof_endeffector_xyz:/opt/ros/jazzy/opt/sdformat_vendor:/opt/ros/jazzy/opt/gz_math_vendor:/opt/ros/jazzy/opt/gz_utils_vendor:/opt/ros/jazzy/opt/gz_tools_vendor:/opt/ros/jazzy/opt/gz_cmake_vendor:/home/admin/robotarm/ROS_WS/install/vision_tracker:/opt/ros/jazzy LD_LIBRARY_PATH=/home/admin/robotarm/install/robotarm_hardware/lib:${LD_LIBRARY_PATH} /usr/bin/cmake /home/admin/robotarm/ROS_WS/src/robotarm_software -DCMAKE_INSTALL_PREFIX=/home/admin/robotarm/install/robotarm_software
[3.952s] Invoking command in '/home/admin/robotarm/build/robotarm_software': AMENT_PREFIX_PATH=/home/admin/robotarm/install/robotarm_hardware:${AMENT_PREFIX_PATH} CMAKE_PREFIX_PATH=/home/admin/robotarm/install/robotarm_hardware:/home/admin/robotarm/ROS_WS/install/robotarm_path_planning:/home/admin/robotarm/ROS_WS/install/robotarm_moveit_config:/home/admin/robotarm/ROS_WS/install/robotarm_software:/home/admin/robotarm/ROS_WS/install/robotarm_hardware:/home/admin/robotarm/ROS_WS/install/robotarm_fake_hardware:/home/admin/robotarm/ROS_WS/install/robot_moveit_config:/home/admin/robotarm/ROS_WS/install/point_motion:/home/admin/robotarm/ROS_WS/install/moveit_3dof:/home/admin/robotarm/ROS_WS/install/adi_tmcm_bb4:/home/admin/robotarm/ROS_WS/install/adi_robotarm_moveit_config:/home/admin/robotarm/ROS_WS/install/adi_robotarm:/home/admin/robotarm/ROS_WS/install/adi_4dof_ik:/home/admin/robotarm/ROS_WS/install/adi_4dof_ik_kinematics_plugin:/home/admin/robotarm/ROS_WS/install/adi_4dof_endeffector_xyz:/opt/ros/jazzy/opt/sdformat_vendor:/opt/ros/jazzy/opt/gz_math_vendor:/opt/ros/jazzy/opt/gz_utils_vendor:/opt/ros/jazzy/opt/gz_tools_vendor:/opt/ros/jazzy/opt/gz_cmake_vendor:/home/admin/robotarm/ROS_WS/install/vision_tracker:/opt/ros/jazzy LD_LIBRARY_PATH=/home/admin/robotarm/install/robotarm_hardware/lib:${LD_LIBRARY_PATH} /usr/bin/cmake --build /home/admin/robotarm/build/robotarm_software -- -j4 -l4
[4.048s] [ 50%] [32mBuilding CXX object CMakeFiles/hotspot_path_planner.dir/src/hotspot_path_planner.cpp.o[0m
[4.079s] [ 50%] Built target ament_cmake_python_copy_robotarm_software
[4.385s] running egg_info
[4.386s] creating robotarm_software.egg-info
[4.412s] writing robotarm_software.egg-info/PKG-INFO
[4.413s] writing dependency_links to robotarm_software.egg-info/dependency_links.txt
[4.413s] writing top-level names to robotarm_software.egg-info/top_level.txt
[4.413s] writing manifest file 'robotarm_software.egg-info/SOURCES.txt'
[4.485s] reading manifest file 'robotarm_software.egg-info/SOURCES.txt'
[4.486s] writing manifest file 'robotarm_software.egg-info/SOURCES.txt'
[4.568s] [ 50%] Built target ament_cmake_python_build_robotarm_software_egg
[22.687s] [100%] [32m[1mLinking CXX executable hotspot_path_planner[0m
[24.608s] [100%] Built target hotspot_path_planner
[24.629s] Invoked command in '/home/admin/robotarm/build/robotarm_software' returned '0': AMENT_PREFIX_PATH=/home/admin/robotarm/install/robotarm_hardware:${AMENT_PREFIX_PATH} CMAKE_PREFIX_PATH=/home/admin/robotarm/install/robotarm_hardware:/home/admin/robotarm/ROS_WS/install/robotarm_path_planning:/home/admin/robotarm/ROS_WS/install/robotarm_moveit_config:/home/admin/robotarm/ROS_WS/install/robotarm_software:/home/admin/robotarm/ROS_WS/install/robotarm_hardware:/home/admin/robotarm/ROS_WS/install/robotarm_fake_hardware:/home/admin/robotarm/ROS_WS/install/robot_moveit_config:/home/admin/robotarm/ROS_WS/install/point_motion:/home/admin/robotarm/ROS_WS/install/moveit_3dof:/home/admin/robotarm/ROS_WS/install/adi_tmcm_bb4:/home/admin/robotarm/ROS_WS/install/adi_robotarm_moveit_config:/home/admin/robotarm/ROS_WS/install/adi_robotarm:/home/admin/robotarm/ROS_WS/install/adi_4dof_ik:/home/admin/robotarm/ROS_WS/install/adi_4dof_ik_kinematics_plugin:/home/admin/robotarm/ROS_WS/install/adi_4dof_endeffector_xyz:/opt/ros/jazzy/opt/sdformat_vendor:/opt/ros/jazzy/opt/gz_math_vendor:/opt/ros/jazzy/opt/gz_utils_vendor:/opt/ros/jazzy/opt/gz_tools_vendor:/opt/ros/jazzy/opt/gz_cmake_vendor:/home/admin/robotarm/ROS_WS/install/vision_tracker:/opt/ros/jazzy LD_LIBRARY_PATH=/home/admin/robotarm/install/robotarm_hardware/lib:${LD_LIBRARY_PATH} /usr/bin/cmake --build /home/admin/robotarm/build/robotarm_software -- -j4 -l4
[24.631s] Invoking command in '/home/admin/robotarm/build/robotarm_software': AMENT_PREFIX_PATH=/home/admin/robotarm/install/robotarm_hardware:${AMENT_PREFIX_PATH} CMAKE_PREFIX_PATH=/home/admin/robotarm/install/robotarm_hardware:/home/admin/robotarm/ROS_WS/install/robotarm_path_planning:/home/admin/robotarm/ROS_WS/install/robotarm_moveit_config:/home/admin/robotarm/ROS_WS/install/robotarm_software:/home/admin/robotarm/ROS_WS/install/robotarm_hardware:/home/admin/robotarm/ROS_WS/install/robotarm_fake_hardware:/home/admin/robotarm/ROS_WS/install/robot_moveit_config:/home/admin/robotarm/ROS_WS/install/point_motion:/home/admin/robotarm/ROS_WS/install/moveit_3dof:/home/admin/robotarm/ROS_WS/install/adi_tmcm_bb4:/home/admin/robotarm/ROS_WS/install/adi_robotarm_moveit_config:/home/admin/robotarm/ROS_WS/install/adi_robotarm:/home/admin/robotarm/ROS_WS/install/adi_4dof_ik:/home/admin/robotarm/ROS_WS/install/adi_4dof_ik_kinematics_plugin:/home/admin/robotarm/ROS_WS/install/adi_4dof_endeffector_xyz:/opt/ros/jazzy/opt/sdformat_vendor:/opt/ros/jazzy/opt/gz_math_vendor:/opt/ros/jazzy/opt/gz_utils_vendor:/opt/ros/jazzy/opt/gz_tools_vendor:/opt/ros/jazzy/opt/gz_cmake_vendor:/home/admin/robotarm/ROS_WS/install/vision_tracker:/opt/ros/jazzy LD_LIBRARY_PATH=/home/admin/robotarm/install/robotarm_hardware/lib:${LD_LIBRARY_PATH} /usr/bin/cmake --install /home/admin/robotarm/build/robotarm_software
[24.647s] -- Install configuration: ""
[24.647s] -- Installing: /home/admin/robotarm/install/robotarm_software/share/robotarm_software/environment/pythonpath.sh
[24.647s] -- Installing: /home/admin/robotarm/install/robotarm_software/share/robotarm_software/environment/pythonpath.dsv
[24.647s] -- Installing: /home/admin/robotarm/install/robotarm_software/lib/python3.12/site-packages/robotarm_software-0.0.0-py3.12.egg-info
[24.648s] -- Installing: /home/admin/robotarm/install/robotarm_software/lib/python3.12/site-packages/robotarm_software-0.0.0-py3.12.egg-info/dependency_links.txt
[24.648s] -- Installing: /home/admin/robotarm/install/robotarm_software/lib/python3.12/site-packages/robotarm_software-0.0.0-py3.12.egg-info/SOURCES.txt
[24.648s] -- Installing: /home/admin/robotarm/install/robotarm_software/lib/python3.12/site-packages/robotarm_software-0.0.0-py3.12.egg-info/top_level.txt
[24.648s] -- Installing: /home/admin/robotarm/install/robotarm_software/lib/python3.12/site-packages/robotarm_software-0.0.0-py3.12.egg-info/PKG-INFO
[24.648s] -- Installing: /home/admin/robotarm/install/robotarm_software/lib/python3.12/site-packages/robotarm_software
[24.649s] -- Installing: /home/admin/robotarm/install/robotarm_software/lib/python3.12/site-packages/robotarm_software/safety_node.py
[24.649s] -- Installing: /home/admin/robotarm/install/robotarm_software/lib/python3.12/site-packages/robotarm_software/velocity_test.py
[24.649s] -- Installing: /home/admin/robotarm/install/robotarm_software/lib/python3.12/site-packages/robotarm_software/start_position_path.py
[24.649s] -- Installing: /home/admin/robotarm/install/robotarm_software/lib/python3.12/site-packages/robotarm_software/joint_states_relay.py
[24.649s] -- Installing: /home/admin/robotarm/install/robotarm_software/lib/python3.12/site-packages/robotarm_software/__init__.py
[24.649s] -- Installing: /home/admin/robotarm/install/robotarm_software/lib/python3.12/site-packages/robotarm_software/hotspot_web_stream.py
[24.649s] -- Installing: /home/admin/robotarm/install/robotarm_software/lib/python3.12/site-packages/robotarm_software/start_position_velocity.py
[24.650s] -- Installing: /home/admin/robotarm/install/robotarm_software/lib/python3.12/site-packages/robotarm_software/hotspot_velocity.py
[24.650s] -- Installing: /home/admin/robotarm/install/robotarm_software/lib/python3.12/site-packages/robotarm_software/safety_supervisor.py
[24.650s] -- Installing: /home/admin/robotarm/install/robotarm_software/lib/python3.12/site-packages/robotarm_software/tool_position_velocity_control.py
[24.650s] -- Installing: /home/admin/robotarm/install/robotarm_software/lib/python3.12/site-packages/robotarm_software/hotspot_detector.py
[24.650s] -- Installing: /home/admin/robotarm/install/robotarm_software/lib/python3.12/site-packages/robotarm_software/evaluation.py
[24.650s] -- Installing: /home/admin/robotarm/install/robotarm_software/lib/python3.12/site-packages/robotarm_software/joint_angle_calibration.py
[24.743s] Listing '/home/admin/robotarm/install/robotarm_software/lib/python3.12/site-packages/robotarm_software'...
[24.743s] Compiling '/home/admin/robotarm/install/robotarm_software/lib/python3.12/site-packages/robotarm_software/__init__.py'...
[24.744s] Compiling '/home/admin/robotarm/install/robotarm_software/lib/python3.12/site-packages/robotarm_software/evaluation.py'...
[24.744s] Compiling '/home/admin/robotarm/install/robotarm_software/lib/python3.12/site-packages/robotarm_software/hotspot_detector.py'...
[24.744s] Compiling '/home/admin/robotarm/install/robotarm_software/lib/python3.12/site-packages/robotarm_software/hotspot_velocity.py'...
[24.744s] Compiling '/home/admin/robotarm/install/robotarm_software/lib/python3.12/site-packages/robotarm_software/hotspot_web_stream.py'...
[24.744s] Compiling '/home/admin/robotarm/install/robotarm_software/lib/python3.12/site-packages/robotarm_software/joint_angle_calibration.py'...
[24.744s] Compiling '/home/admin/robotarm/install/robotarm_software/lib/python3.12/site-packages/robotarm_software/joint_states_relay.py'...
[24.744s] Compiling '/home/admin/robotarm/install/robotarm_software/lib/python3.12/site-packages/robotarm_software/safety_node.py'...
[24.744s] Compiling '/home/admin/robotarm/install/robotarm_software/lib/python3.12/site-packages/robotarm_software/safety_supervisor.py'...
[24.744s] Compiling '/home/admin/robotarm/install/robotarm_software/lib/python3.12/site-packages/robotarm_software/start_position_path.py'...
[24.744s] Compiling '/home/admin/robotarm/install/robotarm_software/lib/python3.12/site-packages/robotarm_software/start_position_velocity.py'...
[24.744s] Compiling '/home/admin/robotarm/install/robotarm_software/lib/python3.12/site-packages/robotarm_software/tool_position_velocity_control.py'...
[24.744s] Compiling '/home/admin/robotarm/install/robotarm_software/lib/python3.12/site-packages/robotarm_software/velocity_test.py'...
[24.756s] -- Installing: /home/admin/robotarm/install/robotarm_software/lib/robotarm_software/hotspot_path_planner
[24.764s] -- Set non-toolchain portion of runtime path of "/home/admin/robotarm/install/robotarm_software/lib/robotarm_software/hotspot_path_planner" to ""
[24.764s] -- Installing: /home/admin/robotarm/install/robotarm_software/lib/robotarm_software/safety_node.py
[24.765s] -- Installing: /home/admin/robotarm/install/robotarm_software/lib/robotarm_software/safety_supervisor.py
[24.765s] -- Installing: /home/admin/robotarm/install/robotarm_software/lib/robotarm_software/tool_position_velocity_control.py
[24.765s] -- Installing: /home/admin/robotarm/install/robotarm_software/lib/robotarm_software/hotspot_detector.py
[24.765s] -- Installing: /home/admin/robotarm/install/robotarm_software/lib/robotarm_software/hotspot_web_stream.py
[24.765s] -- Installing: /home/admin/robotarm/install/robotarm_software/lib/robotarm_software/start_position_velocity.py
[24.765s] -- Installing: /home/admin/robotarm/install/robotarm_software/lib/robotarm_software/start_position_path.py
[24.766s] -- Installing: /home/admin/robotarm/install/robotarm_software/lib/robotarm_software/hotspot_velocity.py
[24.766s] -- Installing: /home/admin/robotarm/install/robotarm_software/lib/robotarm_software/joint_states_relay.py
[24.766s] -- Installing: /home/admin/robotarm/install/robotarm_software/share/robotarm_software/launch
[24.766s] -- Installing: /home/admin/robotarm/install/robotarm_software/share/robotarm_software/launch/hotspot_path_planning.launch.py
[24.767s] -- Installing: /home/admin/robotarm/install/robotarm_software/share/robotarm_software/launch/robotarm_path_controller.launch.py
[24.768s] -- Installing: /home/admin/robotarm/install/robotarm_software/share/robotarm_software/launch/hotspot_velocity.launch.py
[24.768s] -- Installing: /home/admin/robotarm/install/robotarm_software/share/robotarm_software/launch/robotarm_velocity_controller.launch.py
[24.768s] -- Installing: /home/admin/robotarm/install/robotarm_software/share/robotarm_software/launch/__pycache__
[24.769s] -- Installing: /home/admin/robotarm/install/robotarm_software/share/robotarm_software/launch/__pycache__/robotarm_path_controller.launch.cpython-312.pyc
[24.769s] -- Installing: /home/admin/robotarm/install/robotarm_software/share/robotarm_software/config
[24.769s] -- Installing: /home/admin/robotarm/install/robotarm_software/share/robotarm_software/config/ros2_controllers.yaml
[24.770s] -- Installing: /home/admin/robotarm/install/robotarm_software/share/robotarm_software/urdf
[24.770s] -- Installing: /home/admin/robotarm/install/robotarm_software/share/robotarm_software/urdf/robotarm.urdf
[24.771s] -- Installing: /home/admin/robotarm/install/robotarm_software/share/ament_index/resource_index/package_run_dependencies/robotarm_software
[24.771s] -- Installing: /home/admin/robotarm/install/robotarm_software/share/ament_index/resource_index/parent_prefix_path/robotarm_software
[24.771s] -- Installing: /home/admin/robotarm/install/robotarm_software/share/robotarm_software/environment/ament_prefix_path.sh
[24.771s] -- Installing: /home/admin/robotarm/install/robotarm_software/share/robotarm_software/environment/ament_prefix_path.dsv
[24.771s] -- Installing: /home/admin/robotarm/install/robotarm_software/share/robotarm_software/environment/path.sh
[24.772s] -- Installing: /home/admin/robotarm/install/robotarm_software/share/robotarm_software/environment/path.dsv
[24.772s] -- Installing: /home/admin/robotarm/install/robotarm_software/share/robotarm_software/local_setup.bash
[24.772s] -- Installing: /home/admin/robotarm/install/robotarm_software/share/robotarm_software/local_setup.sh
[24.772s] -- Installing: /home/admin/robotarm/install/robotarm_software/share/robotarm_software/local_setup.zsh
[24.772s] -- Installing: /home/admin/robotarm/install/robotarm_software/share/robotarm_software/local_setup.dsv
[24.773s] -- Installing: /home/admin/robotarm/install/robotarm_software/share/robotarm_software/package.dsv
[24.773s] -- Installing: /home/admin/robotarm/install/robotarm_software/share/ament_index/resource_index/packages/robotarm_software
[24.773s] -- Installing: /home/admin/robotarm/install/robotarm_software/share/robotarm_software/cmake/robotarm_softwareConfig.cmake
[24.773s] -- Installing: /home/admin/robotarm/install/robotarm_software/share/robotarm_software/cmake/robotarm_softwareConfig-version.cmake
[24.773s] -- Installing: /home/admin/robotarm/install/robotarm_software/share/robotarm_software/package.xml
[24.777s] Invoked command in '/home/admin/robotarm/build/robotarm_software' returned '0': AMENT_PREFIX_PATH=/home/admin/robotarm/install/robotarm_hardware:${AMENT_PREFIX_PATH} CMAKE_PREFIX_PATH=/home/admin/robotarm/install/robotarm_hardware:/home/admin/robotarm/ROS_WS/install/robotarm_path_planning:/home/admin/robotarm/ROS_WS/install/robotarm_moveit_config:/home/admin/robotarm/ROS_WS/install/robotarm_software:/home/admin/robotarm/ROS_WS/install/robotarm_hardware:/home/admin/robotarm/ROS_WS/install/robotarm_fake_hardware:/home/admin/robotarm/ROS_WS/install/robot_moveit_config:/home/admin/robotarm/ROS_WS/install/point_motion:/home/admin/robotarm/ROS_WS/install/moveit_3dof:/home/admin/robotarm/ROS_WS/install/adi_tmcm_bb4:/home/admin/robotarm/ROS_WS/install/adi_robotarm_moveit_config:/home/admin/robotarm/ROS_WS/install/adi_robotarm:/home/admin/robotarm/ROS_WS/install/adi_4dof_ik:/home/admin/robotarm/ROS_WS/install/adi_4dof_ik_kinematics_plugin:/home/admin/robotarm/ROS_WS/install/adi_4dof_endeffector_xyz:/opt/ros/jazzy/opt/sdformat_vendor:/opt/ros/jazzy/opt/gz_math_vendor:/opt/ros/jazzy/opt/gz_utils_vendor:/opt/ros/jazzy/opt/gz_tools_vendor:/opt/ros/jazzy/opt/gz_cmake_vendor:/home/admin/robotarm/ROS_WS/install/vision_tracker:/opt/ros/jazzy LD_LIBRARY_PATH=/home/admin/robotarm/install/robotarm_hardware/lib:${LD_LIBRARY_PATH} /usr/bin/cmake --install /home/admin/robotarm/build/robotarm_software
