[0.014s] Invoking command in '/home/admin/robotarm/build/robotarm_moveit_config': AMENT_PREFIX_PATH=/home/admin/robotarm/install/robotarm_software:/home/admin/robotarm/install/robotarm_hardware:${AMENT_PREFIX_PATH} CMAKE_PREFIX_PATH=/home/admin/robotarm/install/robotarm_software:/home/admin/robotarm/install/robotarm_hardware:/home/admin/robotarm/ROS_WS/install/robotarm_path_planning:/home/admin/robotarm/ROS_WS/install/robotarm_moveit_config:/home/admin/robotarm/ROS_WS/install/robotarm_software:/home/admin/robotarm/ROS_WS/install/robotarm_hardware:/home/admin/robotarm/ROS_WS/install/robotarm_fake_hardware:/home/admin/robotarm/ROS_WS/install/robot_moveit_config:/home/admin/robotarm/ROS_WS/install/point_motion:/home/admin/robotarm/ROS_WS/install/moveit_3dof:/home/admin/robotarm/ROS_WS/install/adi_tmcm_bb4:/home/admin/robotarm/ROS_WS/install/adi_robotarm_moveit_config:/home/admin/robotarm/ROS_WS/install/adi_robotarm:/home/admin/robotarm/ROS_WS/install/adi_4dof_ik:/home/admin/robotarm/ROS_WS/install/adi_4dof_ik_kinematics_plugin:/home/admin/robotarm/ROS_WS/install/adi_4dof_endeffector_xyz:/opt/ros/jazzy/opt/sdformat_vendor:/opt/ros/jazzy/opt/gz_math_vendor:/opt/ros/jazzy/opt/gz_utils_vendor:/opt/ros/jazzy/opt/gz_tools_vendor:/opt/ros/jazzy/opt/gz_cmake_vendor:/home/admin/robotarm/ROS_WS/install/vision_tracker:/opt/ros/jazzy LD_LIBRARY_PATH=/home/admin/robotarm/install/robotarm_hardware/lib:${LD_LIBRARY_PATH} PYTHONPATH=/home/admin/robotarm/install/robotarm_software/lib/python3.12/site-packages:${PYTHONPATH} /usr/bin/cmake /home/admin/robotarm/ROS_WS/src/robotarm_moveit_config -DCMAKE_INSTALL_PREFIX=/home/admin/robotarm/install/robotarm_moveit_config
[0.116s] -- The C compiler identification is GNU 13.3.0
[0.215s] -- The CXX compiler identification is GNU 13.3.0
[0.243s] -- Detecting C compiler ABI info
[0.402s] -- Detecting C compiler ABI info - done
[0.418s] -- Check for working C compiler: /usr/bin/cc - skipped
[0.418s] -- Detecting C compile features
[0.419s] -- Detecting C compile features - done
[0.433s] -- Detecting CXX compiler ABI info
[0.608s] -- Detecting CXX compiler ABI info - done
[0.624s] -- Check for working CXX compiler: /usr/bin/c++ - skipped
[0.625s] -- Detecting CXX compile features
[0.625s] -- Detecting CXX compile features - done
[0.632s] -- Found ament_cmake: 2.5.6 (/opt/ros/jazzy/share/ament_cmake/cmake)
[0.873s] -- Found Python3: /usr/bin/python3 (found version "3.12.3") found components: Interpreter 
[1.210s] -- Configuring done (1.2s)
[1.215s] -- Generating done (0.0s)
[1.218s] -- Build files have been written to: /home/admin/robotarm/build/robotarm_moveit_config
[1.227s] Invoked command in '/home/admin/robotarm/build/robotarm_moveit_config' returned '0': AMENT_PREFIX_PATH=/home/admin/robotarm/install/robotarm_software:/home/admin/robotarm/install/robotarm_hardware:${AMENT_PREFIX_PATH} CMAKE_PREFIX_PATH=/home/admin/robotarm/install/robotarm_software:/home/admin/robotarm/install/robotarm_hardware:/home/admin/robotarm/ROS_WS/install/robotarm_path_planning:/home/admin/robotarm/ROS_WS/install/robotarm_moveit_config:/home/admin/robotarm/ROS_WS/install/robotarm_software:/home/admin/robotarm/ROS_WS/install/robotarm_hardware:/home/admin/robotarm/ROS_WS/install/robotarm_fake_hardware:/home/admin/robotarm/ROS_WS/install/robot_moveit_config:/home/admin/robotarm/ROS_WS/install/point_motion:/home/admin/robotarm/ROS_WS/install/moveit_3dof:/home/admin/robotarm/ROS_WS/install/adi_tmcm_bb4:/home/admin/robotarm/ROS_WS/install/adi_robotarm_moveit_config:/home/admin/robotarm/ROS_WS/install/adi_robotarm:/home/admin/robotarm/ROS_WS/install/adi_4dof_ik:/home/admin/robotarm/ROS_WS/install/adi_4dof_ik_kinematics_plugin:/home/admin/robotarm/ROS_WS/install/adi_4dof_endeffector_xyz:/opt/ros/jazzy/opt/sdformat_vendor:/opt/ros/jazzy/opt/gz_math_vendor:/opt/ros/jazzy/opt/gz_utils_vendor:/opt/ros/jazzy/opt/gz_tools_vendor:/opt/ros/jazzy/opt/gz_cmake_vendor:/home/admin/robotarm/ROS_WS/install/vision_tracker:/opt/ros/jazzy LD_LIBRARY_PATH=/home/admin/robotarm/install/robotarm_hardware/lib:${LD_LIBRARY_PATH} PYTHONPATH=/home/admin/robotarm/install/robotarm_software/lib/python3.12/site-packages:${PYTHONPATH} /usr/bin/cmake /home/admin/robotarm/ROS_WS/src/robotarm_moveit_config -DCMAKE_INSTALL_PREFIX=/home/admin/robotarm/install/robotarm_moveit_config
[1.228s] Invoking command in '/home/admin/robotarm/build/robotarm_moveit_config': AMENT_PREFIX_PATH=/home/admin/robotarm/install/robotarm_software:/home/admin/robotarm/install/robotarm_hardware:${AMENT_PREFIX_PATH} CMAKE_PREFIX_PATH=/home/admin/robotarm/install/robotarm_software:/home/admin/robotarm/install/robotarm_hardware:/home/admin/robotarm/ROS_WS/install/robotarm_path_planning:/home/admin/robotarm/ROS_WS/install/robotarm_moveit_config:/home/admin/robotarm/ROS_WS/install/robotarm_software:/home/admin/robotarm/ROS_WS/install/robotarm_hardware:/home/admin/robotarm/ROS_WS/install/robotarm_fake_hardware:/home/admin/robotarm/ROS_WS/install/robot_moveit_config:/home/admin/robotarm/ROS_WS/install/point_motion:/home/admin/robotarm/ROS_WS/install/moveit_3dof:/home/admin/robotarm/ROS_WS/install/adi_tmcm_bb4:/home/admin/robotarm/ROS_WS/install/adi_robotarm_moveit_config:/home/admin/robotarm/ROS_WS/install/adi_robotarm:/home/admin/robotarm/ROS_WS/install/adi_4dof_ik:/home/admin/robotarm/ROS_WS/install/adi_4dof_ik_kinematics_plugin:/home/admin/robotarm/ROS_WS/install/adi_4dof_endeffector_xyz:/opt/ros/jazzy/opt/sdformat_vendor:/opt/ros/jazzy/opt/gz_math_vendor:/opt/ros/jazzy/opt/gz_utils_vendor:/opt/ros/jazzy/opt/gz_tools_vendor:/opt/ros/jazzy/opt/gz_cmake_vendor:/home/admin/robotarm/ROS_WS/install/vision_tracker:/opt/ros/jazzy LD_LIBRARY_PATH=/home/admin/robotarm/install/robotarm_hardware/lib:${LD_LIBRARY_PATH} PYTHONPATH=/home/admin/robotarm/install/robotarm_software/lib/python3.12/site-packages:${PYTHONPATH} /usr/bin/cmake --build /home/admin/robotarm/build/robotarm_moveit_config -- -j4 -l4
[1.298s] Invoked command in '/home/admin/robotarm/build/robotarm_moveit_config' returned '0': AMENT_PREFIX_PATH=/home/admin/robotarm/install/robotarm_software:/home/admin/robotarm/install/robotarm_hardware:${AMENT_PREFIX_PATH} CMAKE_PREFIX_PATH=/home/admin/robotarm/install/robotarm_software:/home/admin/robotarm/install/robotarm_hardware:/home/admin/robotarm/ROS_WS/install/robotarm_path_planning:/home/admin/robotarm/ROS_WS/install/robotarm_moveit_config:/home/admin/robotarm/ROS_WS/install/robotarm_software:/home/admin/robotarm/ROS_WS/install/robotarm_hardware:/home/admin/robotarm/ROS_WS/install/robotarm_fake_hardware:/home/admin/robotarm/ROS_WS/install/robot_moveit_config:/home/admin/robotarm/ROS_WS/install/point_motion:/home/admin/robotarm/ROS_WS/install/moveit_3dof:/home/admin/robotarm/ROS_WS/install/adi_tmcm_bb4:/home/admin/robotarm/ROS_WS/install/adi_robotarm_moveit_config:/home/admin/robotarm/ROS_WS/install/adi_robotarm:/home/admin/robotarm/ROS_WS/install/adi_4dof_ik:/home/admin/robotarm/ROS_WS/install/adi_4dof_ik_kinematics_plugin:/home/admin/robotarm/ROS_WS/install/adi_4dof_endeffector_xyz:/opt/ros/jazzy/opt/sdformat_vendor:/opt/ros/jazzy/opt/gz_math_vendor:/opt/ros/jazzy/opt/gz_utils_vendor:/opt/ros/jazzy/opt/gz_tools_vendor:/opt/ros/jazzy/opt/gz_cmake_vendor:/home/admin/robotarm/ROS_WS/install/vision_tracker:/opt/ros/jazzy LD_LIBRARY_PATH=/home/admin/robotarm/install/robotarm_hardware/lib:${LD_LIBRARY_PATH} PYTHONPATH=/home/admin/robotarm/install/robotarm_software/lib/python3.12/site-packages:${PYTHONPATH} /usr/bin/cmake --build /home/admin/robotarm/build/robotarm_moveit_config -- -j4 -l4
[1.300s] Invoking command in '/home/admin/robotarm/build/robotarm_moveit_config': AMENT_PREFIX_PATH=/home/admin/robotarm/install/robotarm_software:/home/admin/robotarm/install/robotarm_hardware:${AMENT_PREFIX_PATH} CMAKE_PREFIX_PATH=/home/admin/robotarm/install/robotarm_software:/home/admin/robotarm/install/robotarm_hardware:/home/admin/robotarm/ROS_WS/install/robotarm_path_planning:/home/admin/robotarm/ROS_WS/install/robotarm_moveit_config:/home/admin/robotarm/ROS_WS/install/robotarm_software:/home/admin/robotarm/ROS_WS/install/robotarm_hardware:/home/admin/robotarm/ROS_WS/install/robotarm_fake_hardware:/home/admin/robotarm/ROS_WS/install/robot_moveit_config:/home/admin/robotarm/ROS_WS/install/point_motion:/home/admin/robotarm/ROS_WS/install/moveit_3dof:/home/admin/robotarm/ROS_WS/install/adi_tmcm_bb4:/home/admin/robotarm/ROS_WS/install/adi_robotarm_moveit_config:/home/admin/robotarm/ROS_WS/install/adi_robotarm:/home/admin/robotarm/ROS_WS/install/adi_4dof_ik:/home/admin/robotarm/ROS_WS/install/adi_4dof_ik_kinematics_plugin:/home/admin/robotarm/ROS_WS/install/adi_4dof_endeffector_xyz:/opt/ros/jazzy/opt/sdformat_vendor:/opt/ros/jazzy/opt/gz_math_vendor:/opt/ros/jazzy/opt/gz_utils_vendor:/opt/ros/jazzy/opt/gz_tools_vendor:/opt/ros/jazzy/opt/gz_cmake_vendor:/home/admin/robotarm/ROS_WS/install/vision_tracker:/opt/ros/jazzy LD_LIBRARY_PATH=/home/admin/robotarm/install/robotarm_hardware/lib:${LD_LIBRARY_PATH} PYTHONPATH=/home/admin/robotarm/install/robotarm_software/lib/python3.12/site-packages:${PYTHONPATH} /usr/bin/cmake --install /home/admin/robotarm/build/robotarm_moveit_config
[1.314s] -- Install configuration: ""
[1.314s] -- Installing: /home/admin/robotarm/install/robotarm_moveit_config/share/ament_index/resource_index/package_run_dependencies/robotarm_moveit_config
[1.315s] -- Installing: /home/admin/robotarm/install/robotarm_moveit_config/share/ament_index/resource_index/parent_prefix_path/robotarm_moveit_config
[1.315s] -- Installing: /home/admin/robotarm/install/robotarm_moveit_config/share/robotarm_moveit_config/environment/ament_prefix_path.sh
[1.315s] -- Installing: /home/admin/robotarm/install/robotarm_moveit_config/share/robotarm_moveit_config/environment/ament_prefix_path.dsv
[1.315s] -- Installing: /home/admin/robotarm/install/robotarm_moveit_config/share/robotarm_moveit_config/environment/path.sh
[1.315s] -- Installing: /home/admin/robotarm/install/robotarm_moveit_config/share/robotarm_moveit_config/environment/path.dsv
[1.316s] -- Installing: /home/admin/robotarm/install/robotarm_moveit_config/share/robotarm_moveit_config/local_setup.bash
[1.316s] -- Installing: /home/admin/robotarm/install/robotarm_moveit_config/share/robotarm_moveit_config/local_setup.sh
[1.316s] -- Installing: /home/admin/robotarm/install/robotarm_moveit_config/share/robotarm_moveit_config/local_setup.zsh
[1.316s] -- Installing: /home/admin/robotarm/install/robotarm_moveit_config/share/robotarm_moveit_config/local_setup.dsv
[1.316s] -- Installing: /home/admin/robotarm/install/robotarm_moveit_config/share/robotarm_moveit_config/package.dsv
[1.317s] -- Installing: /home/admin/robotarm/install/robotarm_moveit_config/share/ament_index/resource_index/packages/robotarm_moveit_config
[1.317s] -- Installing: /home/admin/robotarm/install/robotarm_moveit_config/share/robotarm_moveit_config/cmake/robotarm_moveit_configConfig.cmake
[1.317s] -- Installing: /home/admin/robotarm/install/robotarm_moveit_config/share/robotarm_moveit_config/cmake/robotarm_moveit_configConfig-version.cmake
[1.317s] -- Installing: /home/admin/robotarm/install/robotarm_moveit_config/share/robotarm_moveit_config/package.xml
[1.317s] -- Installing: /home/admin/robotarm/install/robotarm_moveit_config/share/robotarm_moveit_config/launch
[1.318s] -- Installing: /home/admin/robotarm/install/robotarm_moveit_config/share/robotarm_moveit_config/launch/move_group.launch.py
[1.318s] -- Installing: /home/admin/robotarm/install/robotarm_moveit_config/share/robotarm_moveit_config/launch/spawn_controllers.launch.py
[1.319s] -- Installing: /home/admin/robotarm/install/robotarm_moveit_config/share/robotarm_moveit_config/launch/static_virtual_joint_tfs.launch.py
[1.319s] -- Installing: /home/admin/robotarm/install/robotarm_moveit_config/share/robotarm_moveit_config/launch/demo.launch.py
[1.320s] -- Installing: /home/admin/robotarm/install/robotarm_moveit_config/share/robotarm_moveit_config/launch/setup_assistant.launch.py
[1.320s] -- Installing: /home/admin/robotarm/install/robotarm_moveit_config/share/robotarm_moveit_config/launch/rsp.launch.py
[1.321s] -- Installing: /home/admin/robotarm/install/robotarm_moveit_config/share/robotarm_moveit_config/launch/warehouse_db.launch.py
[1.321s] -- Installing: /home/admin/robotarm/install/robotarm_moveit_config/share/robotarm_moveit_config/launch/moveit_rviz.launch.py
[1.321s] -- Installing: /home/admin/robotarm/install/robotarm_moveit_config/share/robotarm_moveit_config/config
[1.322s] -- Installing: /home/admin/robotarm/install/robotarm_moveit_config/share/robotarm_moveit_config/config/joint_limits.yaml
[1.322s] -- Installing: /home/admin/robotarm/install/robotarm_moveit_config/share/robotarm_moveit_config/config/initial_positions.yaml
[1.323s] -- Installing: /home/admin/robotarm/install/robotarm_moveit_config/share/robotarm_moveit_config/config/ros2_controllers.yaml
[1.323s] -- Installing: /home/admin/robotarm/install/robotarm_moveit_config/share/robotarm_moveit_config/config/robotarm.ros2_control.xacro
[1.324s] -- Installing: /home/admin/robotarm/install/robotarm_moveit_config/share/robotarm_moveit_config/config/moveit_controllers.yaml
[1.324s] -- Installing: /home/admin/robotarm/install/robotarm_moveit_config/share/robotarm_moveit_config/config/pilz_cartesian_limits.yaml
[1.325s] -- Installing: /home/admin/robotarm/install/robotarm_moveit_config/share/robotarm_moveit_config/config/moveit.rviz
[1.325s] -- Installing: /home/admin/robotarm/install/robotarm_moveit_config/share/robotarm_moveit_config/config/kinematics.yaml
[1.327s] -- Installing: /home/admin/robotarm/install/robotarm_moveit_config/share/robotarm_moveit_config/config/robotarm.srdf
[1.329s] -- Installing: /home/admin/robotarm/install/robotarm_moveit_config/share/robotarm_moveit_config/config/robotarm.urdf.xacro
[1.330s] -- Installing: /home/admin/robotarm/install/robotarm_moveit_config/share/robotarm_moveit_config/.setup_assistant
[1.334s] Invoked command in '/home/admin/robotarm/build/robotarm_moveit_config' returned '0': AMENT_PREFIX_PATH=/home/admin/robotarm/install/robotarm_software:/home/admin/robotarm/install/robotarm_hardware:${AMENT_PREFIX_PATH} CMAKE_PREFIX_PATH=/home/admin/robotarm/install/robotarm_software:/home/admin/robotarm/install/robotarm_hardware:/home/admin/robotarm/ROS_WS/install/robotarm_path_planning:/home/admin/robotarm/ROS_WS/install/robotarm_moveit_config:/home/admin/robotarm/ROS_WS/install/robotarm_software:/home/admin/robotarm/ROS_WS/install/robotarm_hardware:/home/admin/robotarm/ROS_WS/install/robotarm_fake_hardware:/home/admin/robotarm/ROS_WS/install/robot_moveit_config:/home/admin/robotarm/ROS_WS/install/point_motion:/home/admin/robotarm/ROS_WS/install/moveit_3dof:/home/admin/robotarm/ROS_WS/install/adi_tmcm_bb4:/home/admin/robotarm/ROS_WS/install/adi_robotarm_moveit_config:/home/admin/robotarm/ROS_WS/install/adi_robotarm:/home/admin/robotarm/ROS_WS/install/adi_4dof_ik:/home/admin/robotarm/ROS_WS/install/adi_4dof_ik_kinematics_plugin:/home/admin/robotarm/ROS_WS/install/adi_4dof_endeffector_xyz:/opt/ros/jazzy/opt/sdformat_vendor:/opt/ros/jazzy/opt/gz_math_vendor:/opt/ros/jazzy/opt/gz_utils_vendor:/opt/ros/jazzy/opt/gz_tools_vendor:/opt/ros/jazzy/opt/gz_cmake_vendor:/home/admin/robotarm/ROS_WS/install/vision_tracker:/opt/ros/jazzy LD_LIBRARY_PATH=/home/admin/robotarm/install/robotarm_hardware/lib:${LD_LIBRARY_PATH} PYTHONPATH=/home/admin/robotarm/install/robotarm_software/lib/python3.12/site-packages:${PYTHONPATH} /usr/bin/cmake --install /home/admin/robotarm/build/robotarm_moveit_config
