[  0%] Built target ament_cmake_python_copy_robotarm_software
[100%] Built target hotspot_path_planner
running egg_info
writing robotarm_software.egg-info/PKG-INFO
writing dependency_links to robotarm_software.egg-info/dependency_links.txt
writing top-level names to robotarm_software.egg-info/top_level.txt
reading manifest file 'robotarm_software.egg-info/SOURCES.txt'
writing manifest file 'robotarm_software.egg-info/SOURCES.txt'
[100%] Built target ament_cmake_python_build_robotarm_software_egg
-- Install configuration: ""
-- Up-to-date: /home/admin/robotarm/install/robotarm_software/share/robotarm_software/environment/pythonpath.sh
-- Up-to-date: /home/admin/robotarm/install/robotarm_software/share/robotarm_software/environment/pythonpath.dsv
-- Up-to-date: /home/admin/robotarm/install/robotarm_software/lib/python3.12/site-packages/robotarm_software-0.0.0-py3.12.egg-info
-- Installing: /home/admin/robotarm/install/robotarm_software/lib/python3.12/site-packages/robotarm_software-0.0.0-py3.12.egg-info/dependency_links.txt
-- Installing: /home/admin/robotarm/install/robotarm_software/lib/python3.12/site-packages/robotarm_software-0.0.0-py3.12.egg-info/SOURCES.txt
-- Installing: /home/admin/robotarm/install/robotarm_software/lib/python3.12/site-packages/robotarm_software-0.0.0-py3.12.egg-info/top_level.txt
-- Installing: /home/admin/robotarm/install/robotarm_software/lib/python3.12/site-packages/robotarm_software-0.0.0-py3.12.egg-info/PKG-INFO
-- Up-to-date: /home/admin/robotarm/install/robotarm_software/lib/python3.12/site-packages/robotarm_software
-- Up-to-date: /home/admin/robotarm/install/robotarm_software/lib/python3.12/site-packages/robotarm_software/safety_node.py
-- Up-to-date: /home/admin/robotarm/install/robotarm_software/lib/python3.12/site-packages/robotarm_software/velocity_test.py
-- Up-to-date: /home/admin/robotarm/install/robotarm_software/lib/python3.12/site-packages/robotarm_software/start_position_path.py
-- Up-to-date: /home/admin/robotarm/install/robotarm_software/lib/python3.12/site-packages/robotarm_software/joint_states_relay.py
-- Up-to-date: /home/admin/robotarm/install/robotarm_software/lib/python3.12/site-packages/robotarm_software/__init__.py
-- Up-to-date: /home/admin/robotarm/install/robotarm_software/lib/python3.12/site-packages/robotarm_software/hotspot_web_stream.py
-- Up-to-date: /home/admin/robotarm/install/robotarm_software/lib/python3.12/site-packages/robotarm_software/start_position_velocity.py
-- Up-to-date: /home/admin/robotarm/install/robotarm_software/lib/python3.12/site-packages/robotarm_software/hotspot_velocity.py
-- Up-to-date: /home/admin/robotarm/install/robotarm_software/lib/python3.12/site-packages/robotarm_software/safety_supervisor.py
-- Up-to-date: /home/admin/robotarm/install/robotarm_software/lib/python3.12/site-packages/robotarm_software/tool_position_velocity_control.py
-- Up-to-date: /home/admin/robotarm/install/robotarm_software/lib/python3.12/site-packages/robotarm_software/hotspot_detector.py
-- Installing: /home/admin/robotarm/install/robotarm_software/lib/python3.12/site-packages/robotarm_software/evaluation.py
-- Up-to-date: /home/admin/robotarm/install/robotarm_software/lib/python3.12/site-packages/robotarm_software/joint_angle_calibration.py
Listing '/home/admin/robotarm/install/robotarm_software/lib/python3.12/site-packages/robotarm_software'...
Compiling '/home/admin/robotarm/install/robotarm_software/lib/python3.12/site-packages/robotarm_software/evaluation.py'...
-- Up-to-date: /home/admin/robotarm/install/robotarm_software/lib/robotarm_software/hotspot_path_planner
-- Up-to-date: /home/admin/robotarm/install/robotarm_software/lib/robotarm_software/safety_node.py
-- Up-to-date: /home/admin/robotarm/install/robotarm_software/lib/robotarm_software/safety_supervisor.py
-- Up-to-date: /home/admin/robotarm/install/robotarm_software/lib/robotarm_software/tool_position_velocity_control.py
-- Up-to-date: /home/admin/robotarm/install/robotarm_software/lib/robotarm_software/hotspot_detector.py
-- Up-to-date: /home/admin/robotarm/install/robotarm_software/lib/robotarm_software/hotspot_web_stream.py
-- Up-to-date: /home/admin/robotarm/install/robotarm_software/lib/robotarm_software/start_position_velocity.py
-- Up-to-date: /home/admin/robotarm/install/robotarm_software/lib/robotarm_software/start_position_path.py
-- Up-to-date: /home/admin/robotarm/install/robotarm_software/lib/robotarm_software/hotspot_velocity.py
-- Up-to-date: /home/admin/robotarm/install/robotarm_software/lib/robotarm_software/joint_states_relay.py
-- Up-to-date: /home/admin/robotarm/install/robotarm_software/share/robotarm_software/launch
-- Up-to-date: /home/admin/robotarm/install/robotarm_software/share/robotarm_software/launch/hotspot_path_planning.launch.py
-- Up-to-date: /home/admin/robotarm/install/robotarm_software/share/robotarm_software/launch/robotarm_path_controller.launch.py
-- Up-to-date: /home/admin/robotarm/install/robotarm_software/share/robotarm_software/launch/hotspot_velocity.launch.py
-- Up-to-date: /home/admin/robotarm/install/robotarm_software/share/robotarm_software/launch/robotarm_velocity_controller.launch.py
-- Up-to-date: /home/admin/robotarm/install/robotarm_software/share/robotarm_software/launch/__pycache__
-- Up-to-date: /home/admin/robotarm/install/robotarm_software/share/robotarm_software/launch/__pycache__/robotarm_path_controller.launch.cpython-312.pyc
-- Up-to-date: /home/admin/robotarm/install/robotarm_software/share/robotarm_software/config
-- Up-to-date: /home/admin/robotarm/install/robotarm_software/share/robotarm_software/config/ros2_controllers.yaml
-- Up-to-date: /home/admin/robotarm/install/robotarm_software/share/robotarm_software/urdf
-- Up-to-date: /home/admin/robotarm/install/robotarm_software/share/robotarm_software/urdf/robotarm.urdf
-- Up-to-date: /home/admin/robotarm/install/robotarm_software/share/ament_index/resource_index/package_run_dependencies/robotarm_software
-- Up-to-date: /home/admin/robotarm/install/robotarm_software/share/ament_index/resource_index/parent_prefix_path/robotarm_software
-- Up-to-date: /home/admin/robotarm/install/robotarm_software/share/robotarm_software/environment/ament_prefix_path.sh
-- Up-to-date: /home/admin/robotarm/install/robotarm_software/share/robotarm_software/environment/ament_prefix_path.dsv
-- Up-to-date: /home/admin/robotarm/install/robotarm_software/share/robotarm_software/environment/path.sh
-- Up-to-date: /home/admin/robotarm/install/robotarm_software/share/robotarm_software/environment/path.dsv
-- Up-to-date: /home/admin/robotarm/install/robotarm_software/share/robotarm_software/local_setup.bash
-- Up-to-date: /home/admin/robotarm/install/robotarm_software/share/robotarm_software/local_setup.sh
-- Up-to-date: /home/admin/robotarm/install/robotarm_software/share/robotarm_software/local_setup.zsh
-- Up-to-date: /home/admin/robotarm/install/robotarm_software/share/robotarm_software/local_setup.dsv
-- Installing: /home/admin/robotarm/install/robotarm_software/share/robotarm_software/package.dsv
-- Up-to-date: /home/admin/robotarm/install/robotarm_software/share/ament_index/resource_index/packages/robotarm_software
-- Up-to-date: /home/admin/robotarm/install/robotarm_software/share/robotarm_software/cmake/robotarm_softwareConfig.cmake
-- Up-to-date: /home/admin/robotarm/install/robotarm_software/share/robotarm_software/cmake/robotarm_softwareConfig-version.cmake
-- Up-to-date: /home/admin/robotarm/install/robotarm_software/share/robotarm_software/package.xml
