[0.041s] Invoking command in '/home/admin/robotarm/build/robotarm_software': AMENT_PREFIX_PATH=/home/admin/robotarm/install/robotarm_hardware:${AMENT_PREFIX_PATH} CMAKE_PREFIX_PATH=/home/admin/robotarm/install/robotarm_hardware:/home/admin/robotarm/ROS_WS/install/robotarm_path_planning:/home/admin/robotarm/ROS_WS/install/robotarm_moveit_config:/home/admin/robotarm/ROS_WS/install/robotarm_software:/home/admin/robotarm/ROS_WS/install/robotarm_hardware:/home/admin/robotarm/ROS_WS/install/robotarm_fake_hardware:/home/admin/robotarm/ROS_WS/install/robot_moveit_config:/home/admin/robotarm/ROS_WS/install/point_motion:/home/admin/robotarm/ROS_WS/install/moveit_3dof:/home/admin/robotarm/ROS_WS/install/adi_tmcm_bb4:/home/admin/robotarm/ROS_WS/install/adi_robotarm_moveit_config:/home/admin/robotarm/ROS_WS/install/adi_robotarm:/home/admin/robotarm/ROS_WS/install/adi_4dof_ik:/home/admin/robotarm/ROS_WS/install/adi_4dof_ik_kinematics_plugin:/home/admin/robotarm/ROS_WS/install/adi_4dof_endeffector_xyz:/opt/ros/jazzy/opt/sdformat_vendor:/opt/ros/jazzy/opt/gz_math_vendor:/opt/ros/jazzy/opt/gz_utils_vendor:/opt/ros/jazzy/opt/gz_tools_vendor:/opt/ros/jazzy/opt/gz_cmake_vendor:/home/admin/robotarm/ROS_WS/install/vision_tracker:/opt/ros/jazzy LD_LIBRARY_PATH=/home/admin/robotarm/install/robotarm_hardware/lib:${LD_LIBRARY_PATH} /usr/bin/cmake --build /home/admin/robotarm/build/robotarm_software -- -j4 -l4
[0.154s] [  0%] Built target ament_cmake_python_copy_robotarm_software
[0.158s] [100%] Built target hotspot_path_planner
[0.436s] running egg_info
[0.460s] writing robotarm_software.egg-info/PKG-INFO
[0.460s] writing dependency_links to robotarm_software.egg-info/dependency_links.txt
[0.461s] writing top-level names to robotarm_software.egg-info/top_level.txt
[0.529s] reading manifest file 'robotarm_software.egg-info/SOURCES.txt'
[0.530s] writing manifest file 'robotarm_software.egg-info/SOURCES.txt'
[0.595s] [100%] Built target ament_cmake_python_build_robotarm_software_egg
[0.615s] Invoked command in '/home/admin/robotarm/build/robotarm_software' returned '0': AMENT_PREFIX_PATH=/home/admin/robotarm/install/robotarm_hardware:${AMENT_PREFIX_PATH} CMAKE_PREFIX_PATH=/home/admin/robotarm/install/robotarm_hardware:/home/admin/robotarm/ROS_WS/install/robotarm_path_planning:/home/admin/robotarm/ROS_WS/install/robotarm_moveit_config:/home/admin/robotarm/ROS_WS/install/robotarm_software:/home/admin/robotarm/ROS_WS/install/robotarm_hardware:/home/admin/robotarm/ROS_WS/install/robotarm_fake_hardware:/home/admin/robotarm/ROS_WS/install/robot_moveit_config:/home/admin/robotarm/ROS_WS/install/point_motion:/home/admin/robotarm/ROS_WS/install/moveit_3dof:/home/admin/robotarm/ROS_WS/install/adi_tmcm_bb4:/home/admin/robotarm/ROS_WS/install/adi_robotarm_moveit_config:/home/admin/robotarm/ROS_WS/install/adi_robotarm:/home/admin/robotarm/ROS_WS/install/adi_4dof_ik:/home/admin/robotarm/ROS_WS/install/adi_4dof_ik_kinematics_plugin:/home/admin/robotarm/ROS_WS/install/adi_4dof_endeffector_xyz:/opt/ros/jazzy/opt/sdformat_vendor:/opt/ros/jazzy/opt/gz_math_vendor:/opt/ros/jazzy/opt/gz_utils_vendor:/opt/ros/jazzy/opt/gz_tools_vendor:/opt/ros/jazzy/opt/gz_cmake_vendor:/home/admin/robotarm/ROS_WS/install/vision_tracker:/opt/ros/jazzy LD_LIBRARY_PATH=/home/admin/robotarm/install/robotarm_hardware/lib:${LD_LIBRARY_PATH} /usr/bin/cmake --build /home/admin/robotarm/build/robotarm_software -- -j4 -l4
[0.617s] Invoking command in '/home/admin/robotarm/build/robotarm_software': AMENT_PREFIX_PATH=/home/admin/robotarm/install/robotarm_hardware:${AMENT_PREFIX_PATH} CMAKE_PREFIX_PATH=/home/admin/robotarm/install/robotarm_hardware:/home/admin/robotarm/ROS_WS/install/robotarm_path_planning:/home/admin/robotarm/ROS_WS/install/robotarm_moveit_config:/home/admin/robotarm/ROS_WS/install/robotarm_software:/home/admin/robotarm/ROS_WS/install/robotarm_hardware:/home/admin/robotarm/ROS_WS/install/robotarm_fake_hardware:/home/admin/robotarm/ROS_WS/install/robot_moveit_config:/home/admin/robotarm/ROS_WS/install/point_motion:/home/admin/robotarm/ROS_WS/install/moveit_3dof:/home/admin/robotarm/ROS_WS/install/adi_tmcm_bb4:/home/admin/robotarm/ROS_WS/install/adi_robotarm_moveit_config:/home/admin/robotarm/ROS_WS/install/adi_robotarm:/home/admin/robotarm/ROS_WS/install/adi_4dof_ik:/home/admin/robotarm/ROS_WS/install/adi_4dof_ik_kinematics_plugin:/home/admin/robotarm/ROS_WS/install/adi_4dof_endeffector_xyz:/opt/ros/jazzy/opt/sdformat_vendor:/opt/ros/jazzy/opt/gz_math_vendor:/opt/ros/jazzy/opt/gz_utils_vendor:/opt/ros/jazzy/opt/gz_tools_vendor:/opt/ros/jazzy/opt/gz_cmake_vendor:/home/admin/robotarm/ROS_WS/install/vision_tracker:/opt/ros/jazzy LD_LIBRARY_PATH=/home/admin/robotarm/install/robotarm_hardware/lib:${LD_LIBRARY_PATH} /usr/bin/cmake --install /home/admin/robotarm/build/robotarm_software
[0.632s] -- Install configuration: ""
[0.632s] -- Up-to-date: /home/admin/robotarm/install/robotarm_software/share/robotarm_software/environment/pythonpath.sh
[0.632s] -- Up-to-date: /home/admin/robotarm/install/robotarm_software/share/robotarm_software/environment/pythonpath.dsv
[0.632s] -- Up-to-date: /home/admin/robotarm/install/robotarm_software/lib/python3.12/site-packages/robotarm_software-0.0.0-py3.12.egg-info
[0.632s] -- Installing: /home/admin/robotarm/install/robotarm_software/lib/python3.12/site-packages/robotarm_software-0.0.0-py3.12.egg-info/dependency_links.txt
[0.632s] -- Installing: /home/admin/robotarm/install/robotarm_software/lib/python3.12/site-packages/robotarm_software-0.0.0-py3.12.egg-info/SOURCES.txt
[0.632s] -- Installing: /home/admin/robotarm/install/robotarm_software/lib/python3.12/site-packages/robotarm_software-0.0.0-py3.12.egg-info/top_level.txt
[0.633s] -- Installing: /home/admin/robotarm/install/robotarm_software/lib/python3.12/site-packages/robotarm_software-0.0.0-py3.12.egg-info/PKG-INFO
[0.633s] -- Up-to-date: /home/admin/robotarm/install/robotarm_software/lib/python3.12/site-packages/robotarm_software
[0.633s] -- Up-to-date: /home/admin/robotarm/install/robotarm_software/lib/python3.12/site-packages/robotarm_software/safety_node.py
[0.633s] -- Up-to-date: /home/admin/robotarm/install/robotarm_software/lib/python3.12/site-packages/robotarm_software/velocity_test.py
[0.633s] -- Up-to-date: /home/admin/robotarm/install/robotarm_software/lib/python3.12/site-packages/robotarm_software/start_position_path.py
[0.633s] -- Up-to-date: /home/admin/robotarm/install/robotarm_software/lib/python3.12/site-packages/robotarm_software/joint_states_relay.py
[0.633s] -- Up-to-date: /home/admin/robotarm/install/robotarm_software/lib/python3.12/site-packages/robotarm_software/__init__.py
[0.634s] -- Up-to-date: /home/admin/robotarm/install/robotarm_software/lib/python3.12/site-packages/robotarm_software/hotspot_web_stream.py
[0.634s] -- Up-to-date: /home/admin/robotarm/install/robotarm_software/lib/python3.12/site-packages/robotarm_software/start_position_velocity.py
[0.634s] -- Up-to-date: /home/admin/robotarm/install/robotarm_software/lib/python3.12/site-packages/robotarm_software/hotspot_velocity.py
[0.634s] -- Up-to-date: /home/admin/robotarm/install/robotarm_software/lib/python3.12/site-packages/robotarm_software/safety_supervisor.py
[0.634s] -- Up-to-date: /home/admin/robotarm/install/robotarm_software/lib/python3.12/site-packages/robotarm_software/tool_position_velocity_control.py
[0.634s] -- Up-to-date: /home/admin/robotarm/install/robotarm_software/lib/python3.12/site-packages/robotarm_software/hotspot_detector.py
[0.634s] -- Installing: /home/admin/robotarm/install/robotarm_software/lib/python3.12/site-packages/robotarm_software/evaluation.py
[0.634s] -- Up-to-date: /home/admin/robotarm/install/robotarm_software/lib/python3.12/site-packages/robotarm_software/joint_angle_calibration.py
[0.690s] Listing '/home/admin/robotarm/install/robotarm_software/lib/python3.12/site-packages/robotarm_software'...
[0.690s] Compiling '/home/admin/robotarm/install/robotarm_software/lib/python3.12/site-packages/robotarm_software/evaluation.py'...
[0.703s] -- Up-to-date: /home/admin/robotarm/install/robotarm_software/lib/robotarm_software/hotspot_path_planner
[0.703s] -- Up-to-date: /home/admin/robotarm/install/robotarm_software/lib/robotarm_software/safety_node.py
[0.703s] -- Up-to-date: /home/admin/robotarm/install/robotarm_software/lib/robotarm_software/safety_supervisor.py
[0.703s] -- Up-to-date: /home/admin/robotarm/install/robotarm_software/lib/robotarm_software/tool_position_velocity_control.py
[0.703s] -- Up-to-date: /home/admin/robotarm/install/robotarm_software/lib/robotarm_software/hotspot_detector.py
[0.704s] -- Up-to-date: /home/admin/robotarm/install/robotarm_software/lib/robotarm_software/hotspot_web_stream.py
[0.704s] -- Up-to-date: /home/admin/robotarm/install/robotarm_software/lib/robotarm_software/start_position_velocity.py
[0.704s] -- Up-to-date: /home/admin/robotarm/install/robotarm_software/lib/robotarm_software/start_position_path.py
[0.704s] -- Up-to-date: /home/admin/robotarm/install/robotarm_software/lib/robotarm_software/hotspot_velocity.py
[0.704s] -- Up-to-date: /home/admin/robotarm/install/robotarm_software/lib/robotarm_software/joint_states_relay.py
[0.704s] -- Up-to-date: /home/admin/robotarm/install/robotarm_software/share/robotarm_software/launch
[0.704s] -- Up-to-date: /home/admin/robotarm/install/robotarm_software/share/robotarm_software/launch/hotspot_path_planning.launch.py
[0.704s] -- Up-to-date: /home/admin/robotarm/install/robotarm_software/share/robotarm_software/launch/robotarm_path_controller.launch.py
[0.704s] -- Up-to-date: /home/admin/robotarm/install/robotarm_software/share/robotarm_software/launch/hotspot_velocity.launch.py
[0.704s] -- Up-to-date: /home/admin/robotarm/install/robotarm_software/share/robotarm_software/launch/robotarm_velocity_controller.launch.py
[0.705s] -- Up-to-date: /home/admin/robotarm/install/robotarm_software/share/robotarm_software/launch/__pycache__
[0.705s] -- Up-to-date: /home/admin/robotarm/install/robotarm_software/share/robotarm_software/launch/__pycache__/robotarm_path_controller.launch.cpython-312.pyc
[0.705s] -- Up-to-date: /home/admin/robotarm/install/robotarm_software/share/robotarm_software/config
[0.705s] -- Up-to-date: /home/admin/robotarm/install/robotarm_software/share/robotarm_software/config/ros2_controllers.yaml
[0.705s] -- Up-to-date: /home/admin/robotarm/install/robotarm_software/share/robotarm_software/urdf
[0.705s] -- Up-to-date: /home/admin/robotarm/install/robotarm_software/share/robotarm_software/urdf/robotarm.urdf
[0.705s] -- Up-to-date: /home/admin/robotarm/install/robotarm_software/share/ament_index/resource_index/package_run_dependencies/robotarm_software
[0.705s] -- Up-to-date: /home/admin/robotarm/install/robotarm_software/share/ament_index/resource_index/parent_prefix_path/robotarm_software
[0.705s] -- Up-to-date: /home/admin/robotarm/install/robotarm_software/share/robotarm_software/environment/ament_prefix_path.sh
[0.705s] -- Up-to-date: /home/admin/robotarm/install/robotarm_software/share/robotarm_software/environment/ament_prefix_path.dsv
[0.705s] -- Up-to-date: /home/admin/robotarm/install/robotarm_software/share/robotarm_software/environment/path.sh
[0.705s] -- Up-to-date: /home/admin/robotarm/install/robotarm_software/share/robotarm_software/environment/path.dsv
[0.706s] -- Up-to-date: /home/admin/robotarm/install/robotarm_software/share/robotarm_software/local_setup.bash
[0.706s] -- Up-to-date: /home/admin/robotarm/install/robotarm_software/share/robotarm_software/local_setup.sh
[0.706s] -- Up-to-date: /home/admin/robotarm/install/robotarm_software/share/robotarm_software/local_setup.zsh
[0.706s] -- Up-to-date: /home/admin/robotarm/install/robotarm_software/share/robotarm_software/local_setup.dsv
[0.706s] -- Installing: /home/admin/robotarm/install/robotarm_software/share/robotarm_software/package.dsv
[0.706s] -- Up-to-date: /home/admin/robotarm/install/robotarm_software/share/ament_index/resource_index/packages/robotarm_software
[0.706s] -- Up-to-date: /home/admin/robotarm/install/robotarm_software/share/robotarm_software/cmake/robotarm_softwareConfig.cmake
[0.706s] -- Up-to-date: /home/admin/robotarm/install/robotarm_software/share/robotarm_software/cmake/robotarm_softwareConfig-version.cmake
[0.706s] -- Up-to-date: /home/admin/robotarm/install/robotarm_software/share/robotarm_software/package.xml
[0.708s] Invoked command in '/home/admin/robotarm/build/robotarm_software' returned '0': AMENT_PREFIX_PATH=/home/admin/robotarm/install/robotarm_hardware:${AMENT_PREFIX_PATH} CMAKE_PREFIX_PATH=/home/admin/robotarm/install/robotarm_hardware:/home/admin/robotarm/ROS_WS/install/robotarm_path_planning:/home/admin/robotarm/ROS_WS/install/robotarm_moveit_config:/home/admin/robotarm/ROS_WS/install/robotarm_software:/home/admin/robotarm/ROS_WS/install/robotarm_hardware:/home/admin/robotarm/ROS_WS/install/robotarm_fake_hardware:/home/admin/robotarm/ROS_WS/install/robot_moveit_config:/home/admin/robotarm/ROS_WS/install/point_motion:/home/admin/robotarm/ROS_WS/install/moveit_3dof:/home/admin/robotarm/ROS_WS/install/adi_tmcm_bb4:/home/admin/robotarm/ROS_WS/install/adi_robotarm_moveit_config:/home/admin/robotarm/ROS_WS/install/adi_robotarm:/home/admin/robotarm/ROS_WS/install/adi_4dof_ik:/home/admin/robotarm/ROS_WS/install/adi_4dof_ik_kinematics_plugin:/home/admin/robotarm/ROS_WS/install/adi_4dof_endeffector_xyz:/opt/ros/jazzy/opt/sdformat_vendor:/opt/ros/jazzy/opt/gz_math_vendor:/opt/ros/jazzy/opt/gz_utils_vendor:/opt/ros/jazzy/opt/gz_tools_vendor:/opt/ros/jazzy/opt/gz_cmake_vendor:/home/admin/robotarm/ROS_WS/install/vision_tracker:/opt/ros/jazzy LD_LIBRARY_PATH=/home/admin/robotarm/install/robotarm_hardware/lib:${LD_LIBRARY_PATH} /usr/bin/cmake --install /home/admin/robotarm/build/robotarm_software
