[0.135s] DEBUG:colcon:Command line arguments: ['/usr/bin/colcon', 'build', '--symlink-install']
[0.135s] DEBUG:colcon:Parsed command line arguments: Namespace(log_base=None, log_level=None, verb_name='build', build_base='build', install_base='install', merge_install=False, symlink_install=True, test_result_base=None, continue_on_error=False, executor='parallel', parallel_workers=4, event_handlers=None, ignore_user_meta=False, metas=['./colcon.meta'], base_paths=['.'], packages_ignore=None, packages_ignore_regex=None, paths=None, packages_up_to=None, packages_up_to_regex=None, packages_above=None, packages_above_and_dependencies=None, packages_above_depth=None, packages_select_by_dep=None, packages_skip_by_dep=None, packages_skip_up_to=None, packages_select_build_failed=False, packages_skip_build_finished=False, packages_select_test_failures=False, packages_skip_test_passed=False, packages_select=None, packages_skip=None, packages_select_regex=None, packages_skip_regex=None, packages_start=None, packages_end=None, cmake_args=None, cmake_target=None, cmake_target_skip_unavailable=False, cmake_clean_cache=False, cmake_clean_first=False, cmake_force_configure=False, ament_cmake_args=None, catkin_cmake_args=None, catkin_skip_building_tests=False, verb_parser=<colcon_defaults.argument_parser.defaults.DefaultArgumentsDecorator object at 0xffff9cfa7080>, verb_extension=<colcon_core.verb.build.BuildVerb object at 0xffff9cec37a0>, main=<bound method BuildVerb.main of <colcon_core.verb.build.BuildVerb object at 0xffff9cec37a0>>)
[0.189s] Level 1:colcon.colcon_core.package_discovery:discover_packages(colcon_meta) check parameters
[0.190s] Level 1:colcon.colcon_core.package_discovery:discover_packages(recursive) check parameters
[0.190s] Level 1:colcon.colcon_core.package_discovery:discover_packages(ignore) check parameters
[0.190s] Level 1:colcon.colcon_core.package_discovery:discover_packages(path) check parameters
[0.190s] Level 1:colcon.colcon_core.package_discovery:discover_packages(colcon_meta) discover
[0.190s] Level 1:colcon.colcon_core.package_discovery:discover_packages(recursive) discover
[0.190s] INFO:colcon.colcon_core.package_discovery:Crawling recursively for packages in '/home/admin/robotarm'
[0.190s] Level 1:colcon.colcon_core.package_identification:_identify(.) by extensions ['ignore', 'ignore_ament_install']
[0.190s] Level 1:colcon.colcon_core.package_identification:_identify(.) by extension 'ignore'
[0.190s] Level 1:colcon.colcon_core.package_identification:_identify(.) by extension 'ignore_ament_install'
[0.190s] Level 1:colcon.colcon_core.package_identification:_identify(.) by extensions ['colcon_pkg']
[0.190s] Level 1:colcon.colcon_core.package_identification:_identify(.) by extension 'colcon_pkg'
[0.190s] Level 1:colcon.colcon_core.package_identification:_identify(.) by extensions ['colcon_meta']
[0.190s] Level 1:colcon.colcon_core.package_identification:_identify(.) by extension 'colcon_meta'
[0.190s] Level 1:colcon.colcon_core.package_identification:_identify(.) by extensions ['ros']
[0.190s] Level 1:colcon.colcon_core.package_identification:_identify(.) by extension 'ros'
[0.226s] Level 1:colcon.colcon_core.package_identification:_identify(.) by extensions ['cmake', 'python']
[0.226s] Level 1:colcon.colcon_core.package_identification:_identify(.) by extension 'cmake'
[0.226s] Level 1:colcon.colcon_core.package_identification:_identify(.) by extension 'python'
[0.226s] Level 1:colcon.colcon_core.package_identification:_identify(.) by extensions ['python_setup_py']
[0.226s] Level 1:colcon.colcon_core.package_identification:_identify(.) by extension 'python_setup_py'
[0.226s] Level 1:colcon.colcon_core.package_identification:_identify(LICENSES) by extensions ['ignore', 'ignore_ament_install']
[0.226s] Level 1:colcon.colcon_core.package_identification:_identify(LICENSES) by extension 'ignore'
[0.226s] Level 1:colcon.colcon_core.package_identification:_identify(LICENSES) by extension 'ignore_ament_install'
[0.226s] Level 1:colcon.colcon_core.package_identification:_identify(LICENSES) by extensions ['colcon_pkg']
[0.226s] Level 1:colcon.colcon_core.package_identification:_identify(LICENSES) by extension 'colcon_pkg'
[0.226s] Level 1:colcon.colcon_core.package_identification:_identify(LICENSES) by extensions ['colcon_meta']
[0.226s] Level 1:colcon.colcon_core.package_identification:_identify(LICENSES) by extension 'colcon_meta'
[0.226s] Level 1:colcon.colcon_core.package_identification:_identify(LICENSES) by extensions ['ros']
[0.226s] Level 1:colcon.colcon_core.package_identification:_identify(LICENSES) by extension 'ros'
[0.226s] Level 1:colcon.colcon_core.package_identification:_identify(LICENSES) by extensions ['cmake', 'python']
[0.227s] Level 1:colcon.colcon_core.package_identification:_identify(LICENSES) by extension 'cmake'
[0.227s] Level 1:colcon.colcon_core.package_identification:_identify(LICENSES) by extension 'python'
[0.227s] Level 1:colcon.colcon_core.package_identification:_identify(LICENSES) by extensions ['python_setup_py']
[0.227s] Level 1:colcon.colcon_core.package_identification:_identify(LICENSES) by extension 'python_setup_py'
[0.227s] Level 1:colcon.colcon_core.package_identification:_identify(LICENSES/preferred) by extensions ['ignore', 'ignore_ament_install']
[0.227s] Level 1:colcon.colcon_core.package_identification:_identify(LICENSES/preferred) by extension 'ignore'
[0.227s] Level 1:colcon.colcon_core.package_identification:_identify(LICENSES/preferred) by extension 'ignore_ament_install'
[0.227s] Level 1:colcon.colcon_core.package_identification:_identify(LICENSES/preferred) by extensions ['colcon_pkg']
[0.227s] Level 1:colcon.colcon_core.package_identification:_identify(LICENSES/preferred) by extension 'colcon_pkg'
[0.227s] Level 1:colcon.colcon_core.package_identification:_identify(LICENSES/preferred) by extensions ['colcon_meta']
[0.227s] Level 1:colcon.colcon_core.package_identification:_identify(LICENSES/preferred) by extension 'colcon_meta'
[0.227s] Level 1:colcon.colcon_core.package_identification:_identify(LICENSES/preferred) by extensions ['ros']
[0.227s] Level 1:colcon.colcon_core.package_identification:_identify(LICENSES/preferred) by extension 'ros'
[0.227s] Level 1:colcon.colcon_core.package_identification:_identify(LICENSES/preferred) by extensions ['cmake', 'python']
[0.227s] Level 1:colcon.colcon_core.package_identification:_identify(LICENSES/preferred) by extension 'cmake'
[0.227s] Level 1:colcon.colcon_core.package_identification:_identify(LICENSES/preferred) by extension 'python'
[0.227s] Level 1:colcon.colcon_core.package_identification:_identify(LICENSES/preferred) by extensions ['python_setup_py']
[0.227s] Level 1:colcon.colcon_core.package_identification:_identify(LICENSES/preferred) by extension 'python_setup_py'
[0.227s] Level 1:colcon.colcon_core.package_identification:_identify(ROS_WS) by extensions ['ignore', 'ignore_ament_install']
[0.227s] Level 1:colcon.colcon_core.package_identification:_identify(ROS_WS) by extension 'ignore'
[0.228s] Level 1:colcon.colcon_core.package_identification:_identify(ROS_WS) by extension 'ignore_ament_install'
[0.228s] Level 1:colcon.colcon_core.package_identification:_identify(ROS_WS) by extensions ['colcon_pkg']
[0.228s] Level 1:colcon.colcon_core.package_identification:_identify(ROS_WS) by extension 'colcon_pkg'
[0.228s] Level 1:colcon.colcon_core.package_identification:_identify(ROS_WS) by extensions ['colcon_meta']
[0.228s] Level 1:colcon.colcon_core.package_identification:_identify(ROS_WS) by extension 'colcon_meta'
[0.228s] Level 1:colcon.colcon_core.package_identification:_identify(ROS_WS) by extensions ['ros']
[0.228s] Level 1:colcon.colcon_core.package_identification:_identify(ROS_WS) by extension 'ros'
[0.228s] Level 1:colcon.colcon_core.package_identification:_identify(ROS_WS) by extensions ['cmake', 'python']
[0.228s] Level 1:colcon.colcon_core.package_identification:_identify(ROS_WS) by extension 'cmake'
[0.228s] Level 1:colcon.colcon_core.package_identification:_identify(ROS_WS) by extension 'python'
[0.228s] Level 1:colcon.colcon_core.package_identification:_identify(ROS_WS) by extensions ['python_setup_py']
[0.228s] Level 1:colcon.colcon_core.package_identification:_identify(ROS_WS) by extension 'python_setup_py'
[0.228s] Level 1:colcon.colcon_core.package_identification:_identify(ROS_WS/build) by extensions ['ignore', 'ignore_ament_install']
[0.228s] Level 1:colcon.colcon_core.package_identification:_identify(ROS_WS/build) by extension 'ignore'
[0.228s] Level 1:colcon.colcon_core.package_identification:_identify(ROS_WS/build) ignored
[0.228s] Level 1:colcon.colcon_core.package_identification:_identify(ROS_WS/install) by extensions ['ignore', 'ignore_ament_install']
[0.228s] Level 1:colcon.colcon_core.package_identification:_identify(ROS_WS/install) by extension 'ignore'
[0.229s] Level 1:colcon.colcon_core.package_identification:_identify(ROS_WS/install) ignored
[0.229s] Level 1:colcon.colcon_core.package_identification:_identify(ROS_WS/log) by extensions ['ignore', 'ignore_ament_install']
[0.229s] Level 1:colcon.colcon_core.package_identification:_identify(ROS_WS/log) by extension 'ignore'
[0.229s] Level 1:colcon.colcon_core.package_identification:_identify(ROS_WS/log) ignored
[0.229s] Level 1:colcon.colcon_core.package_identification:_identify(ROS_WS/src) by extensions ['ignore', 'ignore_ament_install']
[0.229s] Level 1:colcon.colcon_core.package_identification:_identify(ROS_WS/src) by extension 'ignore'
[0.229s] Level 1:colcon.colcon_core.package_identification:_identify(ROS_WS/src) by extension 'ignore_ament_install'
[0.229s] Level 1:colcon.colcon_core.package_identification:_identify(ROS_WS/src) by extensions ['colcon_pkg']
[0.229s] Level 1:colcon.colcon_core.package_identification:_identify(ROS_WS/src) by extension 'colcon_pkg'
[0.229s] Level 1:colcon.colcon_core.package_identification:_identify(ROS_WS/src) by extensions ['colcon_meta']
[0.229s] Level 1:colcon.colcon_core.package_identification:_identify(ROS_WS/src) by extension 'colcon_meta'
[0.229s] Level 1:colcon.colcon_core.package_identification:_identify(ROS_WS/src) by extensions ['ros']
[0.229s] Level 1:colcon.colcon_core.package_identification:_identify(ROS_WS/src) by extension 'ros'
[0.229s] Level 1:colcon.colcon_core.package_identification:_identify(ROS_WS/src) by extensions ['cmake', 'python']
[0.229s] Level 1:colcon.colcon_core.package_identification:_identify(ROS_WS/src) by extension 'cmake'
[0.229s] Level 1:colcon.colcon_core.package_identification:_identify(ROS_WS/src) by extension 'python'
[0.229s] Level 1:colcon.colcon_core.package_identification:_identify(ROS_WS/src) by extensions ['python_setup_py']
[0.229s] Level 1:colcon.colcon_core.package_identification:_identify(ROS_WS/src) by extension 'python_setup_py'
[0.230s] Level 1:colcon.colcon_core.package_identification:_identify(ROS_WS/src/robotarm_fake_hardware) by extensions ['ignore', 'ignore_ament_install']
[0.230s] Level 1:colcon.colcon_core.package_identification:_identify(ROS_WS/src/robotarm_fake_hardware) by extension 'ignore'
[0.230s] Level 1:colcon.colcon_core.package_identification:_identify(ROS_WS/src/robotarm_fake_hardware) by extension 'ignore_ament_install'
[0.230s] Level 1:colcon.colcon_core.package_identification:_identify(ROS_WS/src/robotarm_fake_hardware) by extensions ['colcon_pkg']
[0.230s] Level 1:colcon.colcon_core.package_identification:_identify(ROS_WS/src/robotarm_fake_hardware) by extension 'colcon_pkg'
[0.230s] Level 1:colcon.colcon_core.package_identification:_identify(ROS_WS/src/robotarm_fake_hardware) by extensions ['colcon_meta']
[0.230s] Level 1:colcon.colcon_core.package_identification:_identify(ROS_WS/src/robotarm_fake_hardware) by extension 'colcon_meta'
[0.230s] Level 1:colcon.colcon_core.package_identification:_identify(ROS_WS/src/robotarm_fake_hardware) by extensions ['ros']
[0.230s] Level 1:colcon.colcon_core.package_identification:_identify(ROS_WS/src/robotarm_fake_hardware) by extension 'ros'
[0.233s] DEBUG:colcon.colcon_core.package_identification:Package 'ROS_WS/src/robotarm_fake_hardware' with type 'ros.ament_cmake' and name 'robotarm_fake_hardware'
[0.233s] Level 1:colcon.colcon_core.package_identification:_identify(ROS_WS/src/robotarm_hardware) by extensions ['ignore', 'ignore_ament_install']
[0.233s] Level 1:colcon.colcon_core.package_identification:_identify(ROS_WS/src/robotarm_hardware) by extension 'ignore'
[0.233s] Level 1:colcon.colcon_core.package_identification:_identify(ROS_WS/src/robotarm_hardware) by extension 'ignore_ament_install'
[0.234s] Level 1:colcon.colcon_core.package_identification:_identify(ROS_WS/src/robotarm_hardware) by extensions ['colcon_pkg']
[0.234s] Level 1:colcon.colcon_core.package_identification:_identify(ROS_WS/src/robotarm_hardware) by extension 'colcon_pkg'
[0.234s] Level 1:colcon.colcon_core.package_identification:_identify(ROS_WS/src/robotarm_hardware) by extensions ['colcon_meta']
[0.234s] Level 1:colcon.colcon_core.package_identification:_identify(ROS_WS/src/robotarm_hardware) by extension 'colcon_meta'
[0.234s] Level 1:colcon.colcon_core.package_identification:_identify(ROS_WS/src/robotarm_hardware) by extensions ['ros']
[0.234s] Level 1:colcon.colcon_core.package_identification:_identify(ROS_WS/src/robotarm_hardware) by extension 'ros'
[0.234s] DEBUG:colcon.colcon_core.package_identification:Package 'ROS_WS/src/robotarm_hardware' with type 'ros.ament_cmake' and name 'robotarm_hardware'
[0.235s] Level 1:colcon.colcon_core.package_identification:_identify(ROS_WS/src/robotarm_moveit_config) by extensions ['ignore', 'ignore_ament_install']
[0.235s] Level 1:colcon.colcon_core.package_identification:_identify(ROS_WS/src/robotarm_moveit_config) by extension 'ignore'
[0.235s] Level 1:colcon.colcon_core.package_identification:_identify(ROS_WS/src/robotarm_moveit_config) by extension 'ignore_ament_install'
[0.235s] Level 1:colcon.colcon_core.package_identification:_identify(ROS_WS/src/robotarm_moveit_config) by extensions ['colcon_pkg']
[0.235s] Level 1:colcon.colcon_core.package_identification:_identify(ROS_WS/src/robotarm_moveit_config) by extension 'colcon_pkg'
[0.235s] Level 1:colcon.colcon_core.package_identification:_identify(ROS_WS/src/robotarm_moveit_config) by extensions ['colcon_meta']
[0.235s] Level 1:colcon.colcon_core.package_identification:_identify(ROS_WS/src/robotarm_moveit_config) by extension 'colcon_meta'
[0.235s] Level 1:colcon.colcon_core.package_identification:_identify(ROS_WS/src/robotarm_moveit_config) by extensions ['ros']
[0.235s] Level 1:colcon.colcon_core.package_identification:_identify(ROS_WS/src/robotarm_moveit_config) by extension 'ros'
[0.238s] DEBUG:colcon.colcon_core.package_identification:Package 'ROS_WS/src/robotarm_moveit_config' with type 'ros.ament_cmake' and name 'robotarm_moveit_config'
[0.238s] Level 1:colcon.colcon_core.package_identification:_identify(ROS_WS/src/robotarm_path_planning) by extensions ['ignore', 'ignore_ament_install']
[0.238s] Level 1:colcon.colcon_core.package_identification:_identify(ROS_WS/src/robotarm_path_planning) by extension 'ignore'
[0.238s] Level 1:colcon.colcon_core.package_identification:_identify(ROS_WS/src/robotarm_path_planning) by extension 'ignore_ament_install'
[0.238s] Level 1:colcon.colcon_core.package_identification:_identify(ROS_WS/src/robotarm_path_planning) by extensions ['colcon_pkg']
[0.238s] Level 1:colcon.colcon_core.package_identification:_identify(ROS_WS/src/robotarm_path_planning) by extension 'colcon_pkg'
[0.238s] Level 1:colcon.colcon_core.package_identification:_identify(ROS_WS/src/robotarm_path_planning) by extensions ['colcon_meta']
[0.238s] Level 1:colcon.colcon_core.package_identification:_identify(ROS_WS/src/robotarm_path_planning) by extension 'colcon_meta'
[0.238s] Level 1:colcon.colcon_core.package_identification:_identify(ROS_WS/src/robotarm_path_planning) by extensions ['ros']
[0.238s] Level 1:colcon.colcon_core.package_identification:_identify(ROS_WS/src/robotarm_path_planning) by extension 'ros'
[0.238s] Level 1:colcon.colcon_core.package_identification:_identify(ROS_WS/src/robotarm_path_planning) by extensions ['cmake', 'python']
[0.239s] Level 1:colcon.colcon_core.package_identification:_identify(ROS_WS/src/robotarm_path_planning) by extension 'cmake'
[0.239s] Level 1:colcon.colcon_core.package_identification:_identify(ROS_WS/src/robotarm_path_planning) by extension 'python'
[0.239s] Level 1:colcon.colcon_core.package_identification:_identify(ROS_WS/src/robotarm_path_planning) by extensions ['python_setup_py']
[0.239s] Level 1:colcon.colcon_core.package_identification:_identify(ROS_WS/src/robotarm_path_planning) by extension 'python_setup_py'
[0.239s] Level 1:colcon.colcon_core.package_identification:_identify(ROS_WS/src/robotarm_path_planning/include) by extensions ['ignore', 'ignore_ament_install']
[0.239s] Level 1:colcon.colcon_core.package_identification:_identify(ROS_WS/src/robotarm_path_planning/include) by extension 'ignore'
[0.239s] Level 1:colcon.colcon_core.package_identification:_identify(ROS_WS/src/robotarm_path_planning/include) by extension 'ignore_ament_install'
[0.239s] Level 1:colcon.colcon_core.package_identification:_identify(ROS_WS/src/robotarm_path_planning/include) by extensions ['colcon_pkg']
[0.239s] Level 1:colcon.colcon_core.package_identification:_identify(ROS_WS/src/robotarm_path_planning/include) by extension 'colcon_pkg'
[0.239s] Level 1:colcon.colcon_core.package_identification:_identify(ROS_WS/src/robotarm_path_planning/include) by extensions ['colcon_meta']
[0.239s] Level 1:colcon.colcon_core.package_identification:_identify(ROS_WS/src/robotarm_path_planning/include) by extension 'colcon_meta'
[0.239s] Level 1:colcon.colcon_core.package_identification:_identify(ROS_WS/src/robotarm_path_planning/include) by extensions ['ros']
[0.239s] Level 1:colcon.colcon_core.package_identification:_identify(ROS_WS/src/robotarm_path_planning/include) by extension 'ros'
[0.239s] Level 1:colcon.colcon_core.package_identification:_identify(ROS_WS/src/robotarm_path_planning/include) by extensions ['cmake', 'python']
[0.239s] Level 1:colcon.colcon_core.package_identification:_identify(ROS_WS/src/robotarm_path_planning/include) by extension 'cmake'
[0.239s] Level 1:colcon.colcon_core.package_identification:_identify(ROS_WS/src/robotarm_path_planning/include) by extension 'python'
[0.239s] Level 1:colcon.colcon_core.package_identification:_identify(ROS_WS/src/robotarm_path_planning/include) by extensions ['python_setup_py']
[0.239s] Level 1:colcon.colcon_core.package_identification:_identify(ROS_WS/src/robotarm_path_planning/include) by extension 'python_setup_py'
[0.239s] Level 1:colcon.colcon_core.package_identification:_identify(ROS_WS/src/robotarm_path_planning/include/robotarm_path_planning) by extensions ['ignore', 'ignore_ament_install']
[0.240s] Level 1:colcon.colcon_core.package_identification:_identify(ROS_WS/src/robotarm_path_planning/include/robotarm_path_planning) by extension 'ignore'
[0.240s] Level 1:colcon.colcon_core.package_identification:_identify(ROS_WS/src/robotarm_path_planning/include/robotarm_path_planning) by extension 'ignore_ament_install'
[0.240s] Level 1:colcon.colcon_core.package_identification:_identify(ROS_WS/src/robotarm_path_planning/include/robotarm_path_planning) by extensions ['colcon_pkg']
[0.240s] Level 1:colcon.colcon_core.package_identification:_identify(ROS_WS/src/robotarm_path_planning/include/robotarm_path_planning) by extension 'colcon_pkg'
[0.240s] Level 1:colcon.colcon_core.package_identification:_identify(ROS_WS/src/robotarm_path_planning/include/robotarm_path_planning) by extensions ['colcon_meta']
[0.240s] Level 1:colcon.colcon_core.package_identification:_identify(ROS_WS/src/robotarm_path_planning/include/robotarm_path_planning) by extension 'colcon_meta'
[0.240s] Level 1:colcon.colcon_core.package_identification:_identify(ROS_WS/src/robotarm_path_planning/include/robotarm_path_planning) by extensions ['ros']
[0.240s] Level 1:colcon.colcon_core.package_identification:_identify(ROS_WS/src/robotarm_path_planning/include/robotarm_path_planning) by extension 'ros'
[0.240s] Level 1:colcon.colcon_core.package_identification:_identify(ROS_WS/src/robotarm_path_planning/include/robotarm_path_planning) by extensions ['cmake', 'python']
[0.240s] Level 1:colcon.colcon_core.package_identification:_identify(ROS_WS/src/robotarm_path_planning/include/robotarm_path_planning) by extension 'cmake'
[0.240s] Level 1:colcon.colcon_core.package_identification:_identify(ROS_WS/src/robotarm_path_planning/include/robotarm_path_planning) by extension 'python'
[0.240s] Level 1:colcon.colcon_core.package_identification:_identify(ROS_WS/src/robotarm_path_planning/include/robotarm_path_planning) by extensions ['python_setup_py']
[0.240s] Level 1:colcon.colcon_core.package_identification:_identify(ROS_WS/src/robotarm_path_planning/include/robotarm_path_planning) by extension 'python_setup_py'
[0.240s] Level 1:colcon.colcon_core.package_identification:_identify(ROS_WS/src/robotarm_path_planning/launch) by extensions ['ignore', 'ignore_ament_install']
[0.240s] Level 1:colcon.colcon_core.package_identification:_identify(ROS_WS/src/robotarm_path_planning/launch) by extension 'ignore'
[0.240s] Level 1:colcon.colcon_core.package_identification:_identify(ROS_WS/src/robotarm_path_planning/launch) by extension 'ignore_ament_install'
[0.240s] Level 1:colcon.colcon_core.package_identification:_identify(ROS_WS/src/robotarm_path_planning/launch) by extensions ['colcon_pkg']
[0.240s] Level 1:colcon.colcon_core.package_identification:_identify(ROS_WS/src/robotarm_path_planning/launch) by extension 'colcon_pkg'
[0.240s] Level 1:colcon.colcon_core.package_identification:_identify(ROS_WS/src/robotarm_path_planning/launch) by extensions ['colcon_meta']
[0.240s] Level 1:colcon.colcon_core.package_identification:_identify(ROS_WS/src/robotarm_path_planning/launch) by extension 'colcon_meta'
[0.241s] Level 1:colcon.colcon_core.package_identification:_identify(ROS_WS/src/robotarm_path_planning/launch) by extensions ['ros']
[0.241s] Level 1:colcon.colcon_core.package_identification:_identify(ROS_WS/src/robotarm_path_planning/launch) by extension 'ros'
[0.241s] Level 1:colcon.colcon_core.package_identification:_identify(ROS_WS/src/robotarm_path_planning/launch) by extensions ['cmake', 'python']
[0.241s] Level 1:colcon.colcon_core.package_identification:_identify(ROS_WS/src/robotarm_path_planning/launch) by extension 'cmake'
[0.241s] Level 1:colcon.colcon_core.package_identification:_identify(ROS_WS/src/robotarm_path_planning/launch) by extension 'python'
[0.241s] Level 1:colcon.colcon_core.package_identification:_identify(ROS_WS/src/robotarm_path_planning/launch) by extensions ['python_setup_py']
[0.241s] Level 1:colcon.colcon_core.package_identification:_identify(ROS_WS/src/robotarm_path_planning/launch) by extension 'python_setup_py'
[0.241s] Level 1:colcon.colcon_core.package_identification:_identify(ROS_WS/src/robotarm_path_planning/launch/__pycache__) by extensions ['ignore', 'ignore_ament_install']
[0.241s] Level 1:colcon.colcon_core.package_identification:_identify(ROS_WS/src/robotarm_path_planning/launch/__pycache__) by extension 'ignore'
[0.241s] Level 1:colcon.colcon_core.package_identification:_identify(ROS_WS/src/robotarm_path_planning/launch/__pycache__) by extension 'ignore_ament_install'
[0.241s] Level 1:colcon.colcon_core.package_identification:_identify(ROS_WS/src/robotarm_path_planning/launch/__pycache__) by extensions ['colcon_pkg']
[0.241s] Level 1:colcon.colcon_core.package_identification:_identify(ROS_WS/src/robotarm_path_planning/launch/__pycache__) by extension 'colcon_pkg'
[0.241s] Level 1:colcon.colcon_core.package_identification:_identify(ROS_WS/src/robotarm_path_planning/launch/__pycache__) by extensions ['colcon_meta']
[0.241s] Level 1:colcon.colcon_core.package_identification:_identify(ROS_WS/src/robotarm_path_planning/launch/__pycache__) by extension 'colcon_meta'
[0.241s] Level 1:colcon.colcon_core.package_identification:_identify(ROS_WS/src/robotarm_path_planning/launch/__pycache__) by extensions ['ros']
[0.241s] Level 1:colcon.colcon_core.package_identification:_identify(ROS_WS/src/robotarm_path_planning/launch/__pycache__) by extension 'ros'
[0.241s] Level 1:colcon.colcon_core.package_identification:_identify(ROS_WS/src/robotarm_path_planning/launch/__pycache__) by extensions ['cmake', 'python']
[0.241s] Level 1:colcon.colcon_core.package_identification:_identify(ROS_WS/src/robotarm_path_planning/launch/__pycache__) by extension 'cmake'
[0.241s] Level 1:colcon.colcon_core.package_identification:_identify(ROS_WS/src/robotarm_path_planning/launch/__pycache__) by extension 'python'
[0.241s] Level 1:colcon.colcon_core.package_identification:_identify(ROS_WS/src/robotarm_path_planning/launch/__pycache__) by extensions ['python_setup_py']
[0.242s] Level 1:colcon.colcon_core.package_identification:_identify(ROS_WS/src/robotarm_path_planning/launch/__pycache__) by extension 'python_setup_py'
[0.242s] Level 1:colcon.colcon_core.package_identification:_identify(ROS_WS/src/robotarm_software) by extensions ['ignore', 'ignore_ament_install']
[0.242s] Level 1:colcon.colcon_core.package_identification:_identify(ROS_WS/src/robotarm_software) by extension 'ignore'
[0.242s] Level 1:colcon.colcon_core.package_identification:_identify(ROS_WS/src/robotarm_software) by extension 'ignore_ament_install'
[0.242s] Level 1:colcon.colcon_core.package_identification:_identify(ROS_WS/src/robotarm_software) by extensions ['colcon_pkg']
[0.242s] Level 1:colcon.colcon_core.package_identification:_identify(ROS_WS/src/robotarm_software) by extension 'colcon_pkg'
[0.242s] Level 1:colcon.colcon_core.package_identification:_identify(ROS_WS/src/robotarm_software) by extensions ['colcon_meta']
[0.242s] Level 1:colcon.colcon_core.package_identification:_identify(ROS_WS/src/robotarm_software) by extension 'colcon_meta'
[0.242s] Level 1:colcon.colcon_core.package_identification:_identify(ROS_WS/src/robotarm_software) by extensions ['ros']
[0.242s] Level 1:colcon.colcon_core.package_identification:_identify(ROS_WS/src/robotarm_software) by extension 'ros'
[0.243s] DEBUG:colcon.colcon_core.package_identification:Package 'ROS_WS/src/robotarm_software' with type 'ros.ament_cmake' and name 'robotarm_software'
[0.244s] Level 1:colcon.colcon_core.package_identification:_identify(build) by extensions ['ignore', 'ignore_ament_install']
[0.244s] Level 1:colcon.colcon_core.package_identification:_identify(build) by extension 'ignore'
[0.244s] Level 1:colcon.colcon_core.package_identification:_identify(build) ignored
[0.244s] Level 1:colcon.colcon_core.package_identification:_identify(evaluation) by extensions ['ignore', 'ignore_ament_install']
[0.244s] Level 1:colcon.colcon_core.package_identification:_identify(evaluation) by extension 'ignore'
[0.244s] Level 1:colcon.colcon_core.package_identification:_identify(evaluation) by extension 'ignore_ament_install'
[0.244s] Level 1:colcon.colcon_core.package_identification:_identify(evaluation) by extensions ['colcon_pkg']
[0.244s] Level 1:colcon.colcon_core.package_identification:_identify(evaluation) by extension 'colcon_pkg'
[0.244s] Level 1:colcon.colcon_core.package_identification:_identify(evaluation) by extensions ['colcon_meta']
[0.244s] Level 1:colcon.colcon_core.package_identification:_identify(evaluation) by extension 'colcon_meta'
[0.244s] Level 1:colcon.colcon_core.package_identification:_identify(evaluation) by extensions ['ros']
[0.244s] Level 1:colcon.colcon_core.package_identification:_identify(evaluation) by extension 'ros'
[0.244s] Level 1:colcon.colcon_core.package_identification:_identify(evaluation) by extensions ['cmake', 'python']
[0.244s] Level 1:colcon.colcon_core.package_identification:_identify(evaluation) by extension 'cmake'
[0.244s] Level 1:colcon.colcon_core.package_identification:_identify(evaluation) by extension 'python'
[0.244s] Level 1:colcon.colcon_core.package_identification:_identify(evaluation) by extensions ['python_setup_py']
[0.244s] Level 1:colcon.colcon_core.package_identification:_identify(evaluation) by extension 'python_setup_py'
[0.244s] Level 1:colcon.colcon_core.package_identification:_identify(evaluation/hotspot_acceleratingLines_controller_velocity_controller_JointGroupVelocityController_20260807_141920_219391) by extensions ['ignore', 'ignore_ament_install']
[0.245s] Level 1:colcon.colcon_core.package_identification:_identify(evaluation/hotspot_acceleratingLines_controller_velocity_controller_JointGroupVelocityController_20260807_141920_219391) by extension 'ignore'
[0.245s] Level 1:colcon.colcon_core.package_identification:_identify(evaluation/hotspot_acceleratingLines_controller_velocity_controller_JointGroupVelocityController_20260807_141920_219391) by extension 'ignore_ament_install'
[0.245s] Level 1:colcon.colcon_core.package_identification:_identify(evaluation/hotspot_acceleratingLines_controller_velocity_controller_JointGroupVelocityController_20260807_141920_219391) by extensions ['colcon_pkg']
[0.245s] Level 1:colcon.colcon_core.package_identification:_identify(evaluation/hotspot_acceleratingLines_controller_velocity_controller_JointGroupVelocityController_20260807_141920_219391) by extension 'colcon_pkg'
[0.245s] Level 1:colcon.colcon_core.package_identification:_identify(evaluation/hotspot_acceleratingLines_controller_velocity_controller_JointGroupVelocityController_20260807_141920_219391) by extensions ['colcon_meta']
[0.245s] Level 1:colcon.colcon_core.package_identification:_identify(evaluation/hotspot_acceleratingLines_controller_velocity_controller_JointGroupVelocityController_20260807_141920_219391) by extension 'colcon_meta'
[0.245s] Level 1:colcon.colcon_core.package_identification:_identify(evaluation/hotspot_acceleratingLines_controller_velocity_controller_JointGroupVelocityController_20260807_141920_219391) by extensions ['ros']
[0.245s] Level 1:colcon.colcon_core.package_identification:_identify(evaluation/hotspot_acceleratingLines_controller_velocity_controller_JointGroupVelocityController_20260807_141920_219391) by extension 'ros'
[0.245s] Level 1:colcon.colcon_core.package_identification:_identify(evaluation/hotspot_acceleratingLines_controller_velocity_controller_JointGroupVelocityController_20260807_141920_219391) by extensions ['cmake', 'python']
[0.245s] Level 1:colcon.colcon_core.package_identification:_identify(evaluation/hotspot_acceleratingLines_controller_velocity_controller_JointGroupVelocityController_20260807_141920_219391) by extension 'cmake'
[0.245s] Level 1:colcon.colcon_core.package_identification:_identify(evaluation/hotspot_acceleratingLines_controller_velocity_controller_JointGroupVelocityController_20260807_141920_219391) by extension 'python'
[0.245s] Level 1:colcon.colcon_core.package_identification:_identify(evaluation/hotspot_acceleratingLines_controller_velocity_controller_JointGroupVelocityController_20260807_141920_219391) by extensions ['python_setup_py']
[0.245s] Level 1:colcon.colcon_core.package_identification:_identify(evaluation/hotspot_acceleratingLines_controller_velocity_controller_JointGroupVelocityController_20260807_141920_219391) by extension 'python_setup_py'
[0.245s] Level 1:colcon.colcon_core.package_identification:_identify(evaluation/hotspot_acceleratingLines_controller_velocity_controller_JointGroupVelocityController_20260807_142147_916001) by extensions ['ignore', 'ignore_ament_install']
[0.245s] Level 1:colcon.colcon_core.package_identification:_identify(evaluation/hotspot_acceleratingLines_controller_velocity_controller_JointGroupVelocityController_20260807_142147_916001) by extension 'ignore'
[0.245s] Level 1:colcon.colcon_core.package_identification:_identify(evaluation/hotspot_acceleratingLines_controller_velocity_controller_JointGroupVelocityController_20260807_142147_916001) by extension 'ignore_ament_install'
[0.245s] Level 1:colcon.colcon_core.package_identification:_identify(evaluation/hotspot_acceleratingLines_controller_velocity_controller_JointGroupVelocityController_20260807_142147_916001) by extensions ['colcon_pkg']
[0.245s] Level 1:colcon.colcon_core.package_identification:_identify(evaluation/hotspot_acceleratingLines_controller_velocity_controller_JointGroupVelocityController_20260807_142147_916001) by extension 'colcon_pkg'
[0.245s] Level 1:colcon.colcon_core.package_identification:_identify(evaluation/hotspot_acceleratingLines_controller_velocity_controller_JointGroupVelocityController_20260807_142147_916001) by extensions ['colcon_meta']
[0.245s] Level 1:colcon.colcon_core.package_identification:_identify(evaluation/hotspot_acceleratingLines_controller_velocity_controller_JointGroupVelocityController_20260807_142147_916001) by extension 'colcon_meta'
[0.245s] Level 1:colcon.colcon_core.package_identification:_identify(evaluation/hotspot_acceleratingLines_controller_velocity_controller_JointGroupVelocityController_20260807_142147_916001) by extensions ['ros']
[0.246s] Level 1:colcon.colcon_core.package_identification:_identify(evaluation/hotspot_acceleratingLines_controller_velocity_controller_JointGroupVelocityController_20260807_142147_916001) by extension 'ros'
[0.246s] Level 1:colcon.colcon_core.package_identification:_identify(evaluation/hotspot_acceleratingLines_controller_velocity_controller_JointGroupVelocityController_20260807_142147_916001) by extensions ['cmake', 'python']
[0.246s] Level 1:colcon.colcon_core.package_identification:_identify(evaluation/hotspot_acceleratingLines_controller_velocity_controller_JointGroupVelocityController_20260807_142147_916001) by extension 'cmake'
[0.246s] Level 1:colcon.colcon_core.package_identification:_identify(evaluation/hotspot_acceleratingLines_controller_velocity_controller_JointGroupVelocityController_20260807_142147_916001) by extension 'python'
[0.246s] Level 1:colcon.colcon_core.package_identification:_identify(evaluation/hotspot_acceleratingLines_controller_velocity_controller_JointGroupVelocityController_20260807_142147_916001) by extensions ['python_setup_py']
[0.246s] Level 1:colcon.colcon_core.package_identification:_identify(evaluation/hotspot_acceleratingLines_controller_velocity_controller_JointGroupVelocityController_20260807_142147_916001) by extension 'python_setup_py'
[0.246s] Level 1:colcon.colcon_core.package_identification:_identify(evaluation/hotspot_lines_controller_velocity_controller_JointGroupVelocityController_20260807_143444_166857) by extensions ['ignore', 'ignore_ament_install']
[0.246s] Level 1:colcon.colcon_core.package_identification:_identify(evaluation/hotspot_lines_controller_velocity_controller_JointGroupVelocityController_20260807_143444_166857) by extension 'ignore'
[0.246s] Level 1:colcon.colcon_core.package_identification:_identify(evaluation/hotspot_lines_controller_velocity_controller_JointGroupVelocityController_20260807_143444_166857) by extension 'ignore_ament_install'
[0.246s] Level 1:colcon.colcon_core.package_identification:_identify(evaluation/hotspot_lines_controller_velocity_controller_JointGroupVelocityController_20260807_143444_166857) by extensions ['colcon_pkg']
[0.246s] Level 1:colcon.colcon_core.package_identification:_identify(evaluation/hotspot_lines_controller_velocity_controller_JointGroupVelocityController_20260807_143444_166857) by extension 'colcon_pkg'
[0.246s] Level 1:colcon.colcon_core.package_identification:_identify(evaluation/hotspot_lines_controller_velocity_controller_JointGroupVelocityController_20260807_143444_166857) by extensions ['colcon_meta']
[0.246s] Level 1:colcon.colcon_core.package_identification:_identify(evaluation/hotspot_lines_controller_velocity_controller_JointGroupVelocityController_20260807_143444_166857) by extension 'colcon_meta'
[0.246s] Level 1:colcon.colcon_core.package_identification:_identify(evaluation/hotspot_lines_controller_velocity_controller_JointGroupVelocityController_20260807_143444_166857) by extensions ['ros']
[0.246s] Level 1:colcon.colcon_core.package_identification:_identify(evaluation/hotspot_lines_controller_velocity_controller_JointGroupVelocityController_20260807_143444_166857) by extension 'ros'
[0.246s] Level 1:colcon.colcon_core.package_identification:_identify(evaluation/hotspot_lines_controller_velocity_controller_JointGroupVelocityController_20260807_143444_166857) by extensions ['cmake', 'python']
[0.246s] Level 1:colcon.colcon_core.package_identification:_identify(evaluation/hotspot_lines_controller_velocity_controller_JointGroupVelocityController_20260807_143444_166857) by extension 'cmake'
[0.246s] Level 1:colcon.colcon_core.package_identification:_identify(evaluation/hotspot_lines_controller_velocity_controller_JointGroupVelocityController_20260807_143444_166857) by extension 'python'
[0.246s] Level 1:colcon.colcon_core.package_identification:_identify(evaluation/hotspot_lines_controller_velocity_controller_JointGroupVelocityController_20260807_143444_166857) by extensions ['python_setup_py']
[0.246s] Level 1:colcon.colcon_core.package_identification:_identify(evaluation/hotspot_lines_controller_velocity_controller_JointGroupVelocityController_20260807_143444_166857) by extension 'python_setup_py'
[0.247s] Level 1:colcon.colcon_core.package_identification:_identify(install) by extensions ['ignore', 'ignore_ament_install']
[0.247s] Level 1:colcon.colcon_core.package_identification:_identify(install) by extension 'ignore'
[0.247s] Level 1:colcon.colcon_core.package_identification:_identify(install) ignored
[0.247s] Level 1:colcon.colcon_core.package_identification:_identify(log) by extensions ['ignore', 'ignore_ament_install']
[0.247s] Level 1:colcon.colcon_core.package_identification:_identify(log) by extension 'ignore'
[0.247s] Level 1:colcon.colcon_core.package_identification:_identify(log) ignored
[0.247s] Level 1:colcon.colcon_core.package_discovery:discover_packages(recursive) using defaults
[0.247s] Level 1:colcon.colcon_core.package_discovery:discover_packages(ignore) discover
[0.247s] Level 1:colcon.colcon_core.package_discovery:discover_packages(ignore) using defaults
[0.247s] Level 1:colcon.colcon_core.package_discovery:discover_packages(path) discover
[0.247s] Level 1:colcon.colcon_core.package_discovery:discover_packages(path) using defaults
[0.272s] Level 5:colcon.colcon_core.verb:set package 'robotarm_fake_hardware' build argument 'cmake_args' from command line to 'None'
[0.272s] Level 5:colcon.colcon_core.verb:set package 'robotarm_fake_hardware' build argument 'cmake_target' from command line to 'None'
[0.272s] Level 5:colcon.colcon_core.verb:set package 'robotarm_fake_hardware' build argument 'cmake_target_skip_unavailable' from command line to 'False'
[0.272s] Level 5:colcon.colcon_core.verb:set package 'robotarm_fake_hardware' build argument 'cmake_clean_cache' from command line to 'False'
[0.272s] Level 5:colcon.colcon_core.verb:set package 'robotarm_fake_hardware' build argument 'cmake_clean_first' from command line to 'False'
[0.272s] Level 5:colcon.colcon_core.verb:set package 'robotarm_fake_hardware' build argument 'cmake_force_configure' from command line to 'False'
[0.272s] Level 5:colcon.colcon_core.verb:set package 'robotarm_fake_hardware' build argument 'ament_cmake_args' from command line to 'None'
[0.272s] Level 5:colcon.colcon_core.verb:set package 'robotarm_fake_hardware' build argument 'catkin_cmake_args' from command line to 'None'
[0.272s] Level 5:colcon.colcon_core.verb:set package 'robotarm_fake_hardware' build argument 'catkin_skip_building_tests' from command line to 'False'
[0.272s] DEBUG:colcon.colcon_core.verb:Building package 'robotarm_fake_hardware' with the following arguments: {'ament_cmake_args': None, 'build_base': '/home/admin/robotarm/build/robotarm_fake_hardware', 'catkin_cmake_args': None, 'catkin_skip_building_tests': False, 'cmake_args': None, 'cmake_clean_cache': False, 'cmake_clean_first': False, 'cmake_force_configure': False, 'cmake_target': None, 'cmake_target_skip_unavailable': False, 'install_base': '/home/admin/robotarm/install/robotarm_fake_hardware', 'merge_install': False, 'path': '/home/admin/robotarm/ROS_WS/src/robotarm_fake_hardware', 'symlink_install': True, 'test_result_base': None}
[0.272s] Level 5:colcon.colcon_core.verb:set package 'robotarm_hardware' build argument 'cmake_args' from command line to 'None'
[0.272s] Level 5:colcon.colcon_core.verb:set package 'robotarm_hardware' build argument 'cmake_target' from command line to 'None'
[0.272s] Level 5:colcon.colcon_core.verb:set package 'robotarm_hardware' build argument 'cmake_target_skip_unavailable' from command line to 'False'
[0.272s] Level 5:colcon.colcon_core.verb:set package 'robotarm_hardware' build argument 'cmake_clean_cache' from command line to 'False'
[0.273s] Level 5:colcon.colcon_core.verb:set package 'robotarm_hardware' build argument 'cmake_clean_first' from command line to 'False'
[0.273s] Level 5:colcon.colcon_core.verb:set package 'robotarm_hardware' build argument 'cmake_force_configure' from command line to 'False'
[0.273s] Level 5:colcon.colcon_core.verb:set package 'robotarm_hardware' build argument 'ament_cmake_args' from command line to 'None'
[0.273s] Level 5:colcon.colcon_core.verb:set package 'robotarm_hardware' build argument 'catkin_cmake_args' from command line to 'None'
[0.273s] Level 5:colcon.colcon_core.verb:set package 'robotarm_hardware' build argument 'catkin_skip_building_tests' from command line to 'False'
[0.273s] DEBUG:colcon.colcon_core.verb:Building package 'robotarm_hardware' with the following arguments: {'ament_cmake_args': None, 'build_base': '/home/admin/robotarm/build/robotarm_hardware', 'catkin_cmake_args': None, 'catkin_skip_building_tests': False, 'cmake_args': None, 'cmake_clean_cache': False, 'cmake_clean_first': False, 'cmake_force_configure': False, 'cmake_target': None, 'cmake_target_skip_unavailable': False, 'install_base': '/home/admin/robotarm/install/robotarm_hardware', 'merge_install': False, 'path': '/home/admin/robotarm/ROS_WS/src/robotarm_hardware', 'symlink_install': True, 'test_result_base': None}
[0.273s] Level 5:colcon.colcon_core.verb:set package 'robotarm_software' build argument 'cmake_args' from command line to 'None'
[0.273s] Level 5:colcon.colcon_core.verb:set package 'robotarm_software' build argument 'cmake_target' from command line to 'None'
[0.273s] Level 5:colcon.colcon_core.verb:set package 'robotarm_software' build argument 'cmake_target_skip_unavailable' from command line to 'False'
[0.273s] Level 5:colcon.colcon_core.verb:set package 'robotarm_software' build argument 'cmake_clean_cache' from command line to 'False'
[0.273s] Level 5:colcon.colcon_core.verb:set package 'robotarm_software' build argument 'cmake_clean_first' from command line to 'False'
[0.273s] Level 5:colcon.colcon_core.verb:set package 'robotarm_software' build argument 'cmake_force_configure' from command line to 'False'
[0.273s] Level 5:colcon.colcon_core.verb:set package 'robotarm_software' build argument 'ament_cmake_args' from command line to 'None'
[0.273s] Level 5:colcon.colcon_core.verb:set package 'robotarm_software' build argument 'catkin_cmake_args' from command line to 'None'
[0.273s] Level 5:colcon.colcon_core.verb:set package 'robotarm_software' build argument 'catkin_skip_building_tests' from command line to 'False'
[0.273s] DEBUG:colcon.colcon_core.verb:Building package 'robotarm_software' with the following arguments: {'ament_cmake_args': None, 'build_base': '/home/admin/robotarm/build/robotarm_software', 'catkin_cmake_args': None, 'catkin_skip_building_tests': False, 'cmake_args': None, 'cmake_clean_cache': False, 'cmake_clean_first': False, 'cmake_force_configure': False, 'cmake_target': None, 'cmake_target_skip_unavailable': False, 'install_base': '/home/admin/robotarm/install/robotarm_software', 'merge_install': False, 'path': '/home/admin/robotarm/ROS_WS/src/robotarm_software', 'symlink_install': True, 'test_result_base': None}
[0.273s] Level 5:colcon.colcon_core.verb:set package 'robotarm_moveit_config' build argument 'cmake_args' from command line to 'None'
[0.273s] Level 5:colcon.colcon_core.verb:set package 'robotarm_moveit_config' build argument 'cmake_target' from command line to 'None'
[0.273s] Level 5:colcon.colcon_core.verb:set package 'robotarm_moveit_config' build argument 'cmake_target_skip_unavailable' from command line to 'False'
[0.274s] Level 5:colcon.colcon_core.verb:set package 'robotarm_moveit_config' build argument 'cmake_clean_cache' from command line to 'False'
[0.274s] Level 5:colcon.colcon_core.verb:set package 'robotarm_moveit_config' build argument 'cmake_clean_first' from command line to 'False'
[0.274s] Level 5:colcon.colcon_core.verb:set package 'robotarm_moveit_config' build argument 'cmake_force_configure' from command line to 'False'
[0.274s] Level 5:colcon.colcon_core.verb:set package 'robotarm_moveit_config' build argument 'ament_cmake_args' from command line to 'None'
[0.274s] Level 5:colcon.colcon_core.verb:set package 'robotarm_moveit_config' build argument 'catkin_cmake_args' from command line to 'None'
[0.274s] Level 5:colcon.colcon_core.verb:set package 'robotarm_moveit_config' build argument 'catkin_skip_building_tests' from command line to 'False'
[0.274s] DEBUG:colcon.colcon_core.verb:Building package 'robotarm_moveit_config' with the following arguments: {'ament_cmake_args': None, 'build_base': '/home/admin/robotarm/build/robotarm_moveit_config', 'catkin_cmake_args': None, 'catkin_skip_building_tests': False, 'cmake_args': None, 'cmake_clean_cache': False, 'cmake_clean_first': False, 'cmake_force_configure': False, 'cmake_target': None, 'cmake_target_skip_unavailable': False, 'install_base': '/home/admin/robotarm/install/robotarm_moveit_config', 'merge_install': False, 'path': '/home/admin/robotarm/ROS_WS/src/robotarm_moveit_config', 'symlink_install': True, 'test_result_base': None}
[0.274s] INFO:colcon.colcon_core.executor:Executing jobs using 'parallel' executor
[0.275s] DEBUG:colcon.colcon_parallel_executor.executor.parallel:run_until_complete
[0.275s] INFO:colcon.colcon_ros.task.ament_cmake.build:Building ROS package in '/home/admin/robotarm/ROS_WS/src/robotarm_hardware' with build type 'ament_cmake'
[0.276s] INFO:colcon.colcon_cmake.task.cmake.build:Building CMake package in '/home/admin/robotarm/ROS_WS/src/robotarm_hardware'
[0.278s] INFO:colcon.colcon_core.plugin_system:Skipping extension 'colcon_core.shell.bat': Not used on non-Windows systems
[0.278s] DEBUG:colcon.colcon_core.shell:Skip shell extension 'dsv' for command environment
[0.285s] INFO:colcon.colcon_ros.task.ament_cmake.build:Building ROS package in '/home/admin/robotarm/ROS_WS/src/robotarm_fake_hardware' with build type 'ament_cmake'
[0.285s] INFO:colcon.colcon_cmake.task.cmake.build:Building CMake package in '/home/admin/robotarm/ROS_WS/src/robotarm_fake_hardware'
[0.285s] DEBUG:colcon.colcon_core.shell:Skip shell extension 'dsv' for command environment
[0.297s] DEBUG:colcon.colcon_core.event_handler.log_command:Invoking command in '/home/admin/robotarm/build/robotarm_hardware': CMAKE_PREFIX_PATH=${CMAKE_PREFIX_PATH}:/home/admin/robotarm/ROS_WS/install/vision_tracker:/opt/ros/jazzy /usr/bin/cmake /home/admin/robotarm/ROS_WS/src/robotarm_hardware -DAMENT_CMAKE_SYMLINK_INSTALL=1 -DCMAKE_INSTALL_PREFIX=/home/admin/robotarm/install/robotarm_hardware
[0.303s] DEBUG:colcon.colcon_core.event_handler.log_command:Invoking command in '/home/admin/robotarm/build/robotarm_fake_hardware': CMAKE_PREFIX_PATH=${CMAKE_PREFIX_PATH}:/home/admin/robotarm/ROS_WS/install/vision_tracker:/opt/ros/jazzy /usr/bin/cmake /home/admin/robotarm/ROS_WS/src/robotarm_fake_hardware -DAMENT_CMAKE_SYMLINK_INSTALL=1 -DCMAKE_INSTALL_PREFIX=/home/admin/robotarm/install/robotarm_fake_hardware
[1.593s] DEBUG:colcon.colcon_core.event_handler.log_command:Invoked command in '/home/admin/robotarm/build/robotarm_fake_hardware' returned '0': CMAKE_PREFIX_PATH=${CMAKE_PREFIX_PATH}:/home/admin/robotarm/ROS_WS/install/vision_tracker:/opt/ros/jazzy /usr/bin/cmake /home/admin/robotarm/ROS_WS/src/robotarm_fake_hardware -DAMENT_CMAKE_SYMLINK_INSTALL=1 -DCMAKE_INSTALL_PREFIX=/home/admin/robotarm/install/robotarm_fake_hardware
[1.595s] DEBUG:colcon.colcon_core.event_handler.log_command:Invoking command in '/home/admin/robotarm/build/robotarm_fake_hardware': CMAKE_PREFIX_PATH=${CMAKE_PREFIX_PATH}:/home/admin/robotarm/ROS_WS/install/vision_tracker:/opt/ros/jazzy /usr/bin/cmake --build /home/admin/robotarm/build/robotarm_fake_hardware -- -j4 -l4
[1.641s] DEBUG:colcon.colcon_core.event_handler.log_command:Invoked command in '/home/admin/robotarm/build/robotarm_hardware' returned '0': CMAKE_PREFIX_PATH=${CMAKE_PREFIX_PATH}:/home/admin/robotarm/ROS_WS/install/vision_tracker:/opt/ros/jazzy /usr/bin/cmake /home/admin/robotarm/ROS_WS/src/robotarm_hardware -DAMENT_CMAKE_SYMLINK_INSTALL=1 -DCMAKE_INSTALL_PREFIX=/home/admin/robotarm/install/robotarm_hardware
[1.643s] DEBUG:colcon.colcon_core.event_handler.log_command:Invoking command in '/home/admin/robotarm/build/robotarm_hardware': CMAKE_PREFIX_PATH=${CMAKE_PREFIX_PATH}:/home/admin/robotarm/ROS_WS/install/vision_tracker:/opt/ros/jazzy /usr/bin/cmake --build /home/admin/robotarm/build/robotarm_hardware -- -j4 -l4
[2.399s] DEBUG:colcon.colcon_core.event_handler.log_command:Invoked command in '/home/admin/robotarm/build/robotarm_fake_hardware' returned '0': CMAKE_PREFIX_PATH=${CMAKE_PREFIX_PATH}:/home/admin/robotarm/ROS_WS/install/vision_tracker:/opt/ros/jazzy /usr/bin/cmake --build /home/admin/robotarm/build/robotarm_fake_hardware -- -j4 -l4
[2.419s] DEBUG:colcon.colcon_core.event_handler.log_command:Invoking command in '/home/admin/robotarm/build/robotarm_fake_hardware': CMAKE_PREFIX_PATH=${CMAKE_PREFIX_PATH}:/home/admin/robotarm/ROS_WS/install/vision_tracker:/opt/ros/jazzy /usr/bin/cmake --install /home/admin/robotarm/build/robotarm_fake_hardware
[2.507s] DEBUG:colcon.colcon_core.event_handler.log_command:Invoked command in '/home/admin/robotarm/build/robotarm_hardware' returned '0': CMAKE_PREFIX_PATH=${CMAKE_PREFIX_PATH}:/home/admin/robotarm/ROS_WS/install/vision_tracker:/opt/ros/jazzy /usr/bin/cmake --build /home/admin/robotarm/build/robotarm_hardware -- -j4 -l4
[2.509s] DEBUG:colcon.colcon_core.event_handler.log_command:Invoking command in '/home/admin/robotarm/build/robotarm_hardware': CMAKE_PREFIX_PATH=${CMAKE_PREFIX_PATH}:/home/admin/robotarm/ROS_WS/install/vision_tracker:/opt/ros/jazzy /usr/bin/cmake --install /home/admin/robotarm/build/robotarm_hardware
[2.764s] Level 1:colcon.colcon_core.environment:create_environment_scripts_only(robotarm_fake_hardware)
[2.765s] DEBUG:colcon.colcon_core.event_handler.log_command:Invoked command in '/home/admin/robotarm/build/robotarm_fake_hardware' returned '0': CMAKE_PREFIX_PATH=${CMAKE_PREFIX_PATH}:/home/admin/robotarm/ROS_WS/install/vision_tracker:/opt/ros/jazzy /usr/bin/cmake --install /home/admin/robotarm/build/robotarm_fake_hardware
[2.767s] Level 1:colcon.colcon_core.environment:checking '/home/admin/robotarm/install/robotarm_fake_hardware' for CMake module files
[2.768s] Level 1:colcon.colcon_core.environment:checking '/home/admin/robotarm/install/robotarm_fake_hardware' for CMake config files
[2.768s] Level 1:colcon.colcon_core.shell:create_environment_hook('robotarm_fake_hardware', 'cmake_prefix_path')
[2.769s] INFO:colcon.colcon_core.shell:Creating environment descriptor '/home/admin/robotarm/install/robotarm_fake_hardware/share/robotarm_fake_hardware/hook/cmake_prefix_path.dsv'
[2.769s] INFO:colcon.colcon_core.shell:Creating environment hook '/home/admin/robotarm/install/robotarm_fake_hardware/share/robotarm_fake_hardware/hook/cmake_prefix_path.sh'
[2.771s] Level 1:colcon.colcon_core.environment:checking '/home/admin/robotarm/install/robotarm_fake_hardware/lib'
[2.772s] Level 1:colcon.colcon_core.shell:create_environment_hook('robotarm_fake_hardware', 'ld_library_path_lib')
[2.772s] INFO:colcon.colcon_core.shell:Creating environment descriptor '/home/admin/robotarm/install/robotarm_fake_hardware/share/robotarm_fake_hardware/hook/ld_library_path_lib.dsv'
[2.772s] INFO:colcon.colcon_core.shell:Creating environment hook '/home/admin/robotarm/install/robotarm_fake_hardware/share/robotarm_fake_hardware/hook/ld_library_path_lib.sh'
[2.774s] Level 1:colcon.colcon_core.environment:checking '/home/admin/robotarm/install/robotarm_fake_hardware/bin'
[2.774s] Level 1:colcon.colcon_core.environment:checking '/home/admin/robotarm/install/robotarm_fake_hardware/lib/pkgconfig/robotarm_fake_hardware.pc'
[2.778s] Level 1:colcon.colcon_core.environment:checking '/home/admin/robotarm/install/robotarm_fake_hardware/lib/python3.12/site-packages'
[2.778s] Level 1:colcon.colcon_core.environment:checking '/home/admin/robotarm/install/robotarm_fake_hardware/bin'
[2.779s] INFO:colcon.colcon_core.shell:Creating package descriptor '/home/admin/robotarm/install/robotarm_fake_hardware/share/robotarm_fake_hardware/package.dsv'
[2.780s] INFO:colcon.colcon_core.shell:Creating package script '/home/admin/robotarm/install/robotarm_fake_hardware/share/robotarm_fake_hardware/package.sh'
[2.781s] INFO:colcon.colcon_core.shell:Creating package script '/home/admin/robotarm/install/robotarm_fake_hardware/share/robotarm_fake_hardware/package.bash'
[2.783s] INFO:colcon.colcon_core.shell:Creating package script '/home/admin/robotarm/install/robotarm_fake_hardware/share/robotarm_fake_hardware/package.zsh'
[2.784s] Level 1:colcon.colcon_core.environment:create_file_with_runtime_dependencies(/home/admin/robotarm/install/robotarm_fake_hardware/share/colcon-core/packages/robotarm_fake_hardware)
[2.786s] Level 1:colcon.colcon_core.environment:create_environment_scripts_only(robotarm_fake_hardware)
[2.786s] Level 1:colcon.colcon_core.environment:checking '/home/admin/robotarm/install/robotarm_fake_hardware' for CMake module files
[2.787s] Level 1:colcon.colcon_core.environment:checking '/home/admin/robotarm/install/robotarm_fake_hardware' for CMake config files
[2.787s] Level 1:colcon.colcon_core.shell:create_environment_hook('robotarm_fake_hardware', 'cmake_prefix_path')
[2.787s] INFO:colcon.colcon_core.shell:Creating environment descriptor '/home/admin/robotarm/install/robotarm_fake_hardware/share/robotarm_fake_hardware/hook/cmake_prefix_path.dsv'
[2.788s] INFO:colcon.colcon_core.shell:Creating environment hook '/home/admin/robotarm/install/robotarm_fake_hardware/share/robotarm_fake_hardware/hook/cmake_prefix_path.sh'
[2.790s] Level 1:colcon.colcon_core.environment:checking '/home/admin/robotarm/install/robotarm_fake_hardware/lib'
[2.790s] Level 1:colcon.colcon_core.shell:create_environment_hook('robotarm_fake_hardware', 'ld_library_path_lib')
[2.790s] INFO:colcon.colcon_core.shell:Creating environment descriptor '/home/admin/robotarm/install/robotarm_fake_hardware/share/robotarm_fake_hardware/hook/ld_library_path_lib.dsv'
[2.791s] INFO:colcon.colcon_core.shell:Creating environment hook '/home/admin/robotarm/install/robotarm_fake_hardware/share/robotarm_fake_hardware/hook/ld_library_path_lib.sh'
[2.792s] Level 1:colcon.colcon_core.environment:checking '/home/admin/robotarm/install/robotarm_fake_hardware/bin'
[2.792s] Level 1:colcon.colcon_core.environment:checking '/home/admin/robotarm/install/robotarm_fake_hardware/lib/pkgconfig/robotarm_fake_hardware.pc'
[2.793s] Level 1:colcon.colcon_core.environment:checking '/home/admin/robotarm/install/robotarm_fake_hardware/lib/python3.12/site-packages'
[2.793s] Level 1:colcon.colcon_core.environment:checking '/home/admin/robotarm/install/robotarm_fake_hardware/bin'
[2.793s] INFO:colcon.colcon_core.shell:Creating package descriptor '/home/admin/robotarm/install/robotarm_fake_hardware/share/robotarm_fake_hardware/package.dsv'
[2.794s] INFO:colcon.colcon_core.shell:Creating package script '/home/admin/robotarm/install/robotarm_fake_hardware/share/robotarm_fake_hardware/package.sh'
[2.796s] INFO:colcon.colcon_core.shell:Creating package script '/home/admin/robotarm/install/robotarm_fake_hardware/share/robotarm_fake_hardware/package.bash'
[2.797s] INFO:colcon.colcon_core.shell:Creating package script '/home/admin/robotarm/install/robotarm_fake_hardware/share/robotarm_fake_hardware/package.zsh'
[2.798s] Level 1:colcon.colcon_core.environment:create_file_with_runtime_dependencies(/home/admin/robotarm/install/robotarm_fake_hardware/share/colcon-core/packages/robotarm_fake_hardware)
[2.849s] Level 1:colcon.colcon_core.environment:create_environment_scripts_only(robotarm_hardware)
[2.849s] Level 1:colcon.colcon_core.environment:checking '/home/admin/robotarm/install/robotarm_hardware' for CMake module files
[2.850s] DEBUG:colcon.colcon_core.event_handler.log_command:Invoked command in '/home/admin/robotarm/build/robotarm_hardware' returned '0': CMAKE_PREFIX_PATH=${CMAKE_PREFIX_PATH}:/home/admin/robotarm/ROS_WS/install/vision_tracker:/opt/ros/jazzy /usr/bin/cmake --install /home/admin/robotarm/build/robotarm_hardware
[2.850s] Level 1:colcon.colcon_core.environment:checking '/home/admin/robotarm/install/robotarm_hardware' for CMake config files
[2.851s] Level 1:colcon.colcon_core.shell:create_environment_hook('robotarm_hardware', 'cmake_prefix_path')
[2.851s] INFO:colcon.colcon_core.shell:Creating environment descriptor '/home/admin/robotarm/install/robotarm_hardware/share/robotarm_hardware/hook/cmake_prefix_path.dsv'
[2.851s] INFO:colcon.colcon_core.shell:Creating environment hook '/home/admin/robotarm/install/robotarm_hardware/share/robotarm_hardware/hook/cmake_prefix_path.sh'
[2.853s] Level 1:colcon.colcon_core.environment:checking '/home/admin/robotarm/install/robotarm_hardware/lib'
[2.853s] Level 1:colcon.colcon_core.shell:create_environment_hook('robotarm_hardware', 'ld_library_path_lib')
[2.854s] INFO:colcon.colcon_core.shell:Creating environment descriptor '/home/admin/robotarm/install/robotarm_hardware/share/robotarm_hardware/hook/ld_library_path_lib.dsv'
[2.854s] INFO:colcon.colcon_core.shell:Creating environment hook '/home/admin/robotarm/install/robotarm_hardware/share/robotarm_hardware/hook/ld_library_path_lib.sh'
[2.856s] Level 1:colcon.colcon_core.environment:checking '/home/admin/robotarm/install/robotarm_hardware/bin'
[2.856s] Level 1:colcon.colcon_core.environment:checking '/home/admin/robotarm/install/robotarm_hardware/lib/pkgconfig/robotarm_hardware.pc'
[2.856s] Level 1:colcon.colcon_core.environment:checking '/home/admin/robotarm/install/robotarm_hardware/lib/python3.12/site-packages'
[2.857s] Level 1:colcon.colcon_core.environment:checking '/home/admin/robotarm/install/robotarm_hardware/bin'
[2.857s] INFO:colcon.colcon_core.shell:Creating package descriptor '/home/admin/robotarm/install/robotarm_hardware/share/robotarm_hardware/package.dsv'
[2.857s] INFO:colcon.colcon_core.shell:Creating package script '/home/admin/robotarm/install/robotarm_hardware/share/robotarm_hardware/package.sh'
[2.858s] INFO:colcon.colcon_core.shell:Creating package script '/home/admin/robotarm/install/robotarm_hardware/share/robotarm_hardware/package.bash'
[2.861s] INFO:colcon.colcon_core.shell:Creating package script '/home/admin/robotarm/install/robotarm_hardware/share/robotarm_hardware/package.zsh'
[2.862s] Level 1:colcon.colcon_core.environment:create_file_with_runtime_dependencies(/home/admin/robotarm/install/robotarm_hardware/share/colcon-core/packages/robotarm_hardware)
[2.864s] Level 1:colcon.colcon_core.environment:create_environment_scripts_only(robotarm_hardware)
[2.864s] Level 1:colcon.colcon_core.environment:checking '/home/admin/robotarm/install/robotarm_hardware' for CMake module files
[2.865s] Level 1:colcon.colcon_core.environment:checking '/home/admin/robotarm/install/robotarm_hardware' for CMake config files
[2.865s] Level 1:colcon.colcon_core.shell:create_environment_hook('robotarm_hardware', 'cmake_prefix_path')
[2.865s] INFO:colcon.colcon_core.shell:Creating environment descriptor '/home/admin/robotarm/install/robotarm_hardware/share/robotarm_hardware/hook/cmake_prefix_path.dsv'
[2.866s] INFO:colcon.colcon_core.shell:Creating environment hook '/home/admin/robotarm/install/robotarm_hardware/share/robotarm_hardware/hook/cmake_prefix_path.sh'
[2.869s] Level 1:colcon.colcon_core.environment:checking '/home/admin/robotarm/install/robotarm_hardware/lib'
[2.869s] Level 1:colcon.colcon_core.shell:create_environment_hook('robotarm_hardware', 'ld_library_path_lib')
[2.869s] INFO:colcon.colcon_core.shell:Creating environment descriptor '/home/admin/robotarm/install/robotarm_hardware/share/robotarm_hardware/hook/ld_library_path_lib.dsv'
[2.870s] INFO:colcon.colcon_core.shell:Creating environment hook '/home/admin/robotarm/install/robotarm_hardware/share/robotarm_hardware/hook/ld_library_path_lib.sh'
[2.871s] Level 1:colcon.colcon_core.environment:checking '/home/admin/robotarm/install/robotarm_hardware/bin'
[2.871s] Level 1:colcon.colcon_core.environment:checking '/home/admin/robotarm/install/robotarm_hardware/lib/pkgconfig/robotarm_hardware.pc'
[2.871s] Level 1:colcon.colcon_core.environment:checking '/home/admin/robotarm/install/robotarm_hardware/lib/python3.12/site-packages'
[2.872s] Level 1:colcon.colcon_core.environment:checking '/home/admin/robotarm/install/robotarm_hardware/bin'
[2.872s] INFO:colcon.colcon_core.shell:Creating package descriptor '/home/admin/robotarm/install/robotarm_hardware/share/robotarm_hardware/package.dsv'
[2.873s] INFO:colcon.colcon_core.shell:Creating package script '/home/admin/robotarm/install/robotarm_hardware/share/robotarm_hardware/package.sh'
[2.876s] INFO:colcon.colcon_core.shell:Creating package script '/home/admin/robotarm/install/robotarm_hardware/share/robotarm_hardware/package.bash'
[2.877s] INFO:colcon.colcon_core.shell:Creating package script '/home/admin/robotarm/install/robotarm_hardware/share/robotarm_hardware/package.zsh'
[2.878s] Level 1:colcon.colcon_core.environment:create_file_with_runtime_dependencies(/home/admin/robotarm/install/robotarm_hardware/share/colcon-core/packages/robotarm_hardware)
[2.880s] INFO:colcon.colcon_ros.task.ament_cmake.build:Building ROS package in '/home/admin/robotarm/ROS_WS/src/robotarm_software' with build type 'ament_cmake'
[2.880s] INFO:colcon.colcon_cmake.task.cmake.build:Building CMake package in '/home/admin/robotarm/ROS_WS/src/robotarm_software'
[2.880s] DEBUG:colcon.colcon_core.shell:Skip shell extension 'dsv' for command environment
[2.896s] DEBUG:colcon.colcon_core.event_handler.log_command:Invoking command in '/home/admin/robotarm/build/robotarm_software': AMENT_PREFIX_PATH=/home/admin/robotarm/install/robotarm_hardware:${AMENT_PREFIX_PATH} CMAKE_PREFIX_PATH=/home/admin/robotarm/install/robotarm_hardware:/home/admin/robotarm/ROS_WS/install/robotarm_path_planning:/home/admin/robotarm/ROS_WS/install/robotarm_moveit_config:/home/admin/robotarm/ROS_WS/install/robotarm_software:/home/admin/robotarm/ROS_WS/install/robotarm_hardware:/home/admin/robotarm/ROS_WS/install/robotarm_fake_hardware:/home/admin/robotarm/ROS_WS/install/robot_moveit_config:/home/admin/robotarm/ROS_WS/install/point_motion:/home/admin/robotarm/ROS_WS/install/moveit_3dof:/home/admin/robotarm/ROS_WS/install/adi_tmcm_bb4:/home/admin/robotarm/ROS_WS/install/adi_robotarm_moveit_config:/home/admin/robotarm/ROS_WS/install/adi_robotarm:/home/admin/robotarm/ROS_WS/install/adi_4dof_ik:/home/admin/robotarm/ROS_WS/install/adi_4dof_ik_kinematics_plugin:/home/admin/robotarm/ROS_WS/install/adi_4dof_endeffector_xyz:/opt/ros/jazzy/opt/sdformat_vendor:/opt/ros/jazzy/opt/gz_math_vendor:/opt/ros/jazzy/opt/gz_utils_vendor:/opt/ros/jazzy/opt/gz_tools_vendor:/opt/ros/jazzy/opt/gz_cmake_vendor:/home/admin/robotarm/ROS_WS/install/vision_tracker:/opt/ros/jazzy LD_LIBRARY_PATH=/home/admin/robotarm/install/robotarm_hardware/lib:${LD_LIBRARY_PATH} /usr/bin/cmake /home/admin/robotarm/ROS_WS/src/robotarm_software -DAMENT_CMAKE_SYMLINK_INSTALL=1 -DCMAKE_INSTALL_PREFIX=/home/admin/robotarm/install/robotarm_software
[4.857s] DEBUG:colcon.colcon_core.event_handler.log_command:Invoked command in '/home/admin/robotarm/build/robotarm_software' returned '0': AMENT_PREFIX_PATH=/home/admin/robotarm/install/robotarm_hardware:${AMENT_PREFIX_PATH} CMAKE_PREFIX_PATH=/home/admin/robotarm/install/robotarm_hardware:/home/admin/robotarm/ROS_WS/install/robotarm_path_planning:/home/admin/robotarm/ROS_WS/install/robotarm_moveit_config:/home/admin/robotarm/ROS_WS/install/robotarm_software:/home/admin/robotarm/ROS_WS/install/robotarm_hardware:/home/admin/robotarm/ROS_WS/install/robotarm_fake_hardware:/home/admin/robotarm/ROS_WS/install/robot_moveit_config:/home/admin/robotarm/ROS_WS/install/point_motion:/home/admin/robotarm/ROS_WS/install/moveit_3dof:/home/admin/robotarm/ROS_WS/install/adi_tmcm_bb4:/home/admin/robotarm/ROS_WS/install/adi_robotarm_moveit_config:/home/admin/robotarm/ROS_WS/install/adi_robotarm:/home/admin/robotarm/ROS_WS/install/adi_4dof_ik:/home/admin/robotarm/ROS_WS/install/adi_4dof_ik_kinematics_plugin:/home/admin/robotarm/ROS_WS/install/adi_4dof_endeffector_xyz:/opt/ros/jazzy/opt/sdformat_vendor:/opt/ros/jazzy/opt/gz_math_vendor:/opt/ros/jazzy/opt/gz_utils_vendor:/opt/ros/jazzy/opt/gz_tools_vendor:/opt/ros/jazzy/opt/gz_cmake_vendor:/home/admin/robotarm/ROS_WS/install/vision_tracker:/opt/ros/jazzy LD_LIBRARY_PATH=/home/admin/robotarm/install/robotarm_hardware/lib:${LD_LIBRARY_PATH} /usr/bin/cmake /home/admin/robotarm/ROS_WS/src/robotarm_software -DAMENT_CMAKE_SYMLINK_INSTALL=1 -DCMAKE_INSTALL_PREFIX=/home/admin/robotarm/install/robotarm_software
[4.859s] DEBUG:colcon.colcon_core.event_handler.log_command:Invoking command in '/home/admin/robotarm/build/robotarm_software': AMENT_PREFIX_PATH=/home/admin/robotarm/install/robotarm_hardware:${AMENT_PREFIX_PATH} CMAKE_PREFIX_PATH=/home/admin/robotarm/install/robotarm_hardware:/home/admin/robotarm/ROS_WS/install/robotarm_path_planning:/home/admin/robotarm/ROS_WS/install/robotarm_moveit_config:/home/admin/robotarm/ROS_WS/install/robotarm_software:/home/admin/robotarm/ROS_WS/install/robotarm_hardware:/home/admin/robotarm/ROS_WS/install/robotarm_fake_hardware:/home/admin/robotarm/ROS_WS/install/robot_moveit_config:/home/admin/robotarm/ROS_WS/install/point_motion:/home/admin/robotarm/ROS_WS/install/moveit_3dof:/home/admin/robotarm/ROS_WS/install/adi_tmcm_bb4:/home/admin/robotarm/ROS_WS/install/adi_robotarm_moveit_config:/home/admin/robotarm/ROS_WS/install/adi_robotarm:/home/admin/robotarm/ROS_WS/install/adi_4dof_ik:/home/admin/robotarm/ROS_WS/install/adi_4dof_ik_kinematics_plugin:/home/admin/robotarm/ROS_WS/install/adi_4dof_endeffector_xyz:/opt/ros/jazzy/opt/sdformat_vendor:/opt/ros/jazzy/opt/gz_math_vendor:/opt/ros/jazzy/opt/gz_utils_vendor:/opt/ros/jazzy/opt/gz_tools_vendor:/opt/ros/jazzy/opt/gz_cmake_vendor:/home/admin/robotarm/ROS_WS/install/vision_tracker:/opt/ros/jazzy LD_LIBRARY_PATH=/home/admin/robotarm/install/robotarm_hardware/lib:${LD_LIBRARY_PATH} /usr/bin/cmake --build /home/admin/robotarm/build/robotarm_software -- -j4 -l4
[6.420s] DEBUG:colcon.colcon_core.event_handler.log_command:Invoked command in '/home/admin/robotarm/build/robotarm_software' returned '2': AMENT_PREFIX_PATH=/home/admin/robotarm/install/robotarm_hardware:${AMENT_PREFIX_PATH} CMAKE_PREFIX_PATH=/home/admin/robotarm/install/robotarm_hardware:/home/admin/robotarm/ROS_WS/install/robotarm_path_planning:/home/admin/robotarm/ROS_WS/install/robotarm_moveit_config:/home/admin/robotarm/ROS_WS/install/robotarm_software:/home/admin/robotarm/ROS_WS/install/robotarm_hardware:/home/admin/robotarm/ROS_WS/install/robotarm_fake_hardware:/home/admin/robotarm/ROS_WS/install/robot_moveit_config:/home/admin/robotarm/ROS_WS/install/point_motion:/home/admin/robotarm/ROS_WS/install/moveit_3dof:/home/admin/robotarm/ROS_WS/install/adi_tmcm_bb4:/home/admin/robotarm/ROS_WS/install/adi_robotarm_moveit_config:/home/admin/robotarm/ROS_WS/install/adi_robotarm:/home/admin/robotarm/ROS_WS/install/adi_4dof_ik:/home/admin/robotarm/ROS_WS/install/adi_4dof_ik_kinematics_plugin:/home/admin/robotarm/ROS_WS/install/adi_4dof_endeffector_xyz:/opt/ros/jazzy/opt/sdformat_vendor:/opt/ros/jazzy/opt/gz_math_vendor:/opt/ros/jazzy/opt/gz_utils_vendor:/opt/ros/jazzy/opt/gz_tools_vendor:/opt/ros/jazzy/opt/gz_cmake_vendor:/home/admin/robotarm/ROS_WS/install/vision_tracker:/opt/ros/jazzy LD_LIBRARY_PATH=/home/admin/robotarm/install/robotarm_hardware/lib:${LD_LIBRARY_PATH} /usr/bin/cmake --build /home/admin/robotarm/build/robotarm_software -- -j4 -l4
[6.421s] Level 1:colcon.colcon_core.environment:create_environment_scripts_only(robotarm_software)
[6.421s] Level 1:colcon.colcon_core.environment:checking '/home/admin/robotarm/install/robotarm_software' for CMake module files
[6.422s] Level 1:colcon.colcon_core.environment:checking '/home/admin/robotarm/install/robotarm_software' for CMake config files
[6.422s] Level 1:colcon.colcon_core.shell:create_environment_hook('robotarm_software', 'cmake_prefix_path')
[6.423s] INFO:colcon.colcon_core.shell:Creating environment descriptor '/home/admin/robotarm/install/robotarm_software/share/robotarm_software/hook/cmake_prefix_path.dsv'
[6.423s] INFO:colcon.colcon_core.shell:Creating environment hook '/home/admin/robotarm/install/robotarm_software/share/robotarm_software/hook/cmake_prefix_path.sh'
[6.424s] Level 1:colcon.colcon_core.environment:checking '/home/admin/robotarm/install/robotarm_software/lib'
[6.424s] Level 1:colcon.colcon_core.environment:checking '/home/admin/robotarm/install/robotarm_software/bin'
[6.424s] Level 1:colcon.colcon_core.environment:checking '/home/admin/robotarm/install/robotarm_software/lib/pkgconfig/robotarm_software.pc'
[6.425s] Level 1:colcon.colcon_core.environment:checking '/home/admin/robotarm/install/robotarm_software/lib/python3.12/site-packages'
[6.425s] Level 1:colcon.colcon_core.shell:create_environment_hook('robotarm_software', 'pythonpath')
[6.425s] INFO:colcon.colcon_core.shell:Creating environment descriptor '/home/admin/robotarm/install/robotarm_software/share/robotarm_software/hook/pythonpath.dsv'
[6.426s] INFO:colcon.colcon_core.shell:Creating environment hook '/home/admin/robotarm/install/robotarm_software/share/robotarm_software/hook/pythonpath.sh'
[6.427s] Level 1:colcon.colcon_core.environment:checking '/home/admin/robotarm/install/robotarm_software/bin'
[6.427s] INFO:colcon.colcon_core.shell:Creating package descriptor '/home/admin/robotarm/install/robotarm_software/share/robotarm_software/package.dsv'
[6.428s] INFO:colcon.colcon_core.shell:Creating package script '/home/admin/robotarm/install/robotarm_software/share/robotarm_software/package.sh'
[6.429s] INFO:colcon.colcon_core.shell:Creating package script '/home/admin/robotarm/install/robotarm_software/share/robotarm_software/package.bash'
[6.429s] INFO:colcon.colcon_core.shell:Creating package script '/home/admin/robotarm/install/robotarm_software/share/robotarm_software/package.zsh'
[6.430s] Level 1:colcon.colcon_core.environment:create_file_with_runtime_dependencies(/home/admin/robotarm/install/robotarm_software/share/colcon-core/packages/robotarm_software)
[6.442s] DEBUG:colcon.colcon_parallel_executor.executor.parallel:closing loop
[6.442s] DEBUG:colcon.colcon_parallel_executor.executor.parallel:loop closed
[6.442s] DEBUG:colcon.colcon_parallel_executor.executor.parallel:run_until_complete finished with '2'
[6.442s] DEBUG:colcon.colcon_core.event_reactor:joining thread
[6.443s] DEBUG:colcon.colcon_core.event_reactor:joined thread
[6.443s] INFO:colcon.colcon_core.shell:Creating prefix script '/home/admin/robotarm/install/local_setup.sh'
[6.444s] INFO:colcon.colcon_core.shell:Creating prefix util module '/home/admin/robotarm/install/_local_setup_util_sh.py'
[6.446s] INFO:colcon.colcon_core.shell:Creating prefix chain script '/home/admin/robotarm/install/setup.sh'
[6.449s] INFO:colcon.colcon_core.shell:Creating prefix script '/home/admin/robotarm/install/local_setup.bash'
[6.451s] INFO:colcon.colcon_core.shell:Creating prefix chain script '/home/admin/robotarm/install/setup.bash'
[6.453s] INFO:colcon.colcon_core.shell:Creating prefix script '/home/admin/robotarm/install/local_setup.zsh'
[6.455s] INFO:colcon.colcon_core.shell:Creating prefix chain script '/home/admin/robotarm/install/setup.zsh'
