[0.023s] Invoking command in '/home/admin/robotarm/build/robotarm_hardware': CMAKE_PREFIX_PATH=${CMAKE_PREFIX_PATH}:/home/admin/robotarm/ROS_WS/install/vision_tracker:/opt/ros/jazzy /usr/bin/cmake /home/admin/robotarm/ROS_WS/src/robotarm_hardware -DCMAKE_INSTALL_PREFIX=/home/admin/robotarm/install/robotarm_hardware
[0.046s] -- Found ament_cmake: 2.5.6 (/opt/ros/jazzy/share/ament_cmake/cmake)
[0.424s] -- Override CMake install command with custom implementation using symlinks instead of copying resources
[0.435s] -- Found hardware_interface: 4.44.0 (/opt/ros/jazzy/share/hardware_interface/cmake)
[0.471s] -- Found rosidl_generator_c: 4.6.7 (/opt/ros/jazzy/share/rosidl_generator_c/cmake)
[0.484s] -- Found rosidl_generator_cpp: 4.6.7 (/opt/ros/jazzy/share/rosidl_generator_cpp/cmake)
[0.501s] -- Using all available rosidl_typesupport_c: rosidl_typesupport_fastrtps_c;rosidl_typesupport_introspection_c
[0.521s] -- Using all available rosidl_typesupport_cpp: rosidl_typesupport_fastrtps_cpp;rosidl_typesupport_introspection_cpp
[0.764s] -- Found TinyXML2 via Config file: /usr/lib/aarch64-linux-gnu/cmake/tinyxml2
[0.809s] -- Found rmw_implementation_cmake: 7.3.3 (/opt/ros/jazzy/share/rmw_implementation_cmake/cmake)
[0.812s] -- Found rmw_fastrtps_cpp: 8.4.3 (/opt/ros/jazzy/share/rmw_fastrtps_cpp/cmake)
[0.837s] -- Found TinyXML2 via Config file: /usr/lib/aarch64-linux-gnu/cmake/tinyxml2
[0.851s] -- Found TinyXML2 via Config file: /usr/lib/aarch64-linux-gnu/cmake/tinyxml2
[0.873s] -- Found TinyXML2 via Config file: /usr/lib/aarch64-linux-gnu/cmake/tinyxml2
[0.887s] -- Found TinyXML2 via Config file: /usr/lib/aarch64-linux-gnu/cmake/tinyxml2
[0.906s] -- Using RMW implementation 'rmw_fastrtps_cpp' as default
[1.266s] -- Configuring done (1.2s)
[1.307s] -- Generating done (0.0s)
[1.315s] -- Build files have been written to: /home/admin/robotarm/build/robotarm_hardware
[1.337s] Invoked command in '/home/admin/robotarm/build/robotarm_hardware' returned '0': CMAKE_PREFIX_PATH=${CMAKE_PREFIX_PATH}:/home/admin/robotarm/ROS_WS/install/vision_tracker:/opt/ros/jazzy /usr/bin/cmake /home/admin/robotarm/ROS_WS/src/robotarm_hardware -DCMAKE_INSTALL_PREFIX=/home/admin/robotarm/install/robotarm_hardware
[1.341s] Invoking command in '/home/admin/robotarm/build/robotarm_hardware': CMAKE_PREFIX_PATH=${CMAKE_PREFIX_PATH}:/home/admin/robotarm/ROS_WS/install/vision_tracker:/opt/ros/jazzy /usr/bin/cmake --build /home/admin/robotarm/build/robotarm_hardware -- -j4 -l4
[1.449s] [100%] Built target robotarm_hardware
[1.471s] Invoked command in '/home/admin/robotarm/build/robotarm_hardware' returned '0': CMAKE_PREFIX_PATH=${CMAKE_PREFIX_PATH}:/home/admin/robotarm/ROS_WS/install/vision_tracker:/opt/ros/jazzy /usr/bin/cmake --build /home/admin/robotarm/build/robotarm_hardware -- -j4 -l4
[1.488s] Invoking command in '/home/admin/robotarm/build/robotarm_hardware': CMAKE_PREFIX_PATH=${CMAKE_PREFIX_PATH}:/home/admin/robotarm/ROS_WS/install/vision_tracker:/opt/ros/jazzy /usr/bin/cmake --install /home/admin/robotarm/build/robotarm_hardware
[1.504s] -- Install configuration: ""
[1.504s] -- Execute custom install script
[1.505s] -- Up-to-date symlink: /home/admin/robotarm/install/robotarm_hardware/share/robotarm_hardware//robotarm_hardware.xml
[1.505s] -- Up-to-date symlink: /home/admin/robotarm/install/robotarm_hardware/lib/librobotarm_hardware.so
[1.506s] -- Up-to-date symlink: /home/admin/robotarm/install/robotarm_hardware/include/robotarm_hardware/robotarm_system.hpp
[1.506s] -- Up-to-date symlink: /home/admin/robotarm/install/robotarm_hardware/share/robotarm_hardware/robotarm_hardware.xml
[1.506s] -- Up-to-date symlink: /home/admin/robotarm/install/robotarm_hardware/share/ament_index/resource_index/package_run_dependencies/robotarm_hardware
[1.506s] -- Up-to-date symlink: /home/admin/robotarm/install/robotarm_hardware/share/ament_index/resource_index/parent_prefix_path/robotarm_hardware
[1.507s] -- Up-to-date symlink: /home/admin/robotarm/install/robotarm_hardware/share/robotarm_hardware/environment/ament_prefix_path.sh
[1.507s] -- Up-to-date symlink: /home/admin/robotarm/install/robotarm_hardware/share/robotarm_hardware/environment/ament_prefix_path.dsv
[1.507s] -- Up-to-date symlink: /home/admin/robotarm/install/robotarm_hardware/share/robotarm_hardware/environment/path.sh
[1.507s] -- Up-to-date symlink: /home/admin/robotarm/install/robotarm_hardware/share/robotarm_hardware/environment/path.dsv
[1.508s] -- Up-to-date symlink: /home/admin/robotarm/install/robotarm_hardware/share/robotarm_hardware/local_setup.bash
[1.508s] -- Up-to-date symlink: /home/admin/robotarm/install/robotarm_hardware/share/robotarm_hardware/local_setup.sh
[1.508s] -- Up-to-date symlink: /home/admin/robotarm/install/robotarm_hardware/share/robotarm_hardware/local_setup.zsh
[1.508s] -- Up-to-date symlink: /home/admin/robotarm/install/robotarm_hardware/share/robotarm_hardware/local_setup.dsv
[1.508s] -- Symlinking: /home/admin/robotarm/install/robotarm_hardware/share/robotarm_hardware/package.dsv
[1.527s] -- Up-to-date symlink: /home/admin/robotarm/install/robotarm_hardware/share/ament_index/resource_index/packages/robotarm_hardware
[1.529s] -- Up-to-date symlink: /home/admin/robotarm/install/robotarm_hardware/share/ament_index/resource_index/hardware_interface__pluginlib__plugin/robotarm_hardware
[1.529s] -- Up-to-date symlink: /home/admin/robotarm/install/robotarm_hardware/share/robotarm_hardware/cmake/robotarm_hardwareConfig.cmake
[1.529s] -- Up-to-date symlink: /home/admin/robotarm/install/robotarm_hardware/share/robotarm_hardware/cmake/robotarm_hardwareConfig-version.cmake
[1.529s] -- Up-to-date symlink: /home/admin/robotarm/install/robotarm_hardware/share/robotarm_hardware/package.xml
[1.531s] Invoked command in '/home/admin/robotarm/build/robotarm_hardware' returned '0': CMAKE_PREFIX_PATH=${CMAKE_PREFIX_PATH}:/home/admin/robotarm/ROS_WS/install/vision_tracker:/opt/ros/jazzy /usr/bin/cmake --install /home/admin/robotarm/build/robotarm_hardware
