[100%] Built target robotarm_hardware
-- Install configuration: ""
-- Up-to-date: /home/admin/robotarm/install/robotarm_hardware/share/robotarm_hardware/robotarm_hardware.xml
-- Up-to-date: /home/admin/robotarm/install/robotarm_hardware/lib/librobotarm_hardware.so
-- Up-to-date: /home/admin/robotarm/install/robotarm_hardware/include
-- Up-to-date: /home/admin/robotarm/install/robotarm_hardware/include/robotarm_hardware
-- Up-to-date: /home/admin/robotarm/install/robotarm_hardware/include/robotarm_hardware/robotarm_system.hpp
-- Up-to-date: /home/admin/robotarm/install/robotarm_hardware/share/robotarm_hardware/robotarm_hardware.xml
-- Up-to-date: /home/admin/robotarm/install/robotarm_hardware/share/ament_index/resource_index/package_run_dependencies/robotarm_hardware
-- Up-to-date: /home/admin/robotarm/install/robotarm_hardware/share/ament_index/resource_index/parent_prefix_path/robotarm_hardware
-- Up-to-date: /home/admin/robotarm/install/robotarm_hardware/share/robotarm_hardware/environment/ament_prefix_path.sh
-- Up-to-date: /home/admin/robotarm/install/robotarm_hardware/share/robotarm_hardware/environment/ament_prefix_path.dsv
-- Up-to-date: /home/admin/robotarm/install/robotarm_hardware/share/robotarm_hardware/environment/path.sh
-- Up-to-date: /home/admin/robotarm/install/robotarm_hardware/share/robotarm_hardware/environment/path.dsv
-- Up-to-date: /home/admin/robotarm/install/robotarm_hardware/share/robotarm_hardware/local_setup.bash
-- Up-to-date: /home/admin/robotarm/install/robotarm_hardware/share/robotarm_hardware/local_setup.sh
-- Up-to-date: /home/admin/robotarm/install/robotarm_hardware/share/robotarm_hardware/local_setup.zsh
-- Up-to-date: /home/admin/robotarm/install/robotarm_hardware/share/robotarm_hardware/local_setup.dsv
-- Installing: /home/admin/robotarm/install/robotarm_hardware/share/robotarm_hardware/package.dsv
-- Up-to-date: /home/admin/robotarm/install/robotarm_hardware/share/ament_index/resource_index/packages/robotarm_hardware
-- Up-to-date: /home/admin/robotarm/install/robotarm_hardware/share/ament_index/resource_index/hardware_interface__pluginlib__plugin/robotarm_hardware
-- Up-to-date: /home/admin/robotarm/install/robotarm_hardware/share/robotarm_hardware/cmake/robotarm_hardwareConfig.cmake
-- Up-to-date: /home/admin/robotarm/install/robotarm_hardware/share/robotarm_hardware/cmake/robotarm_hardwareConfig-version.cmake
-- Up-to-date: /home/admin/robotarm/install/robotarm_hardware/share/robotarm_hardware/package.xml
