[0.021s] Invoking command in '/home/admin/robotarm/build/robotarm_hardware': CMAKE_PREFIX_PATH=${CMAKE_PREFIX_PATH}:/home/admin/robotarm/ROS_WS/install/vision_tracker:/opt/ros/jazzy /usr/bin/cmake --build /home/admin/robotarm/build/robotarm_hardware -- -j4 -l4
[0.130s] [100%] Built target robotarm_hardware
[0.151s] Invoked command in '/home/admin/robotarm/build/robotarm_hardware' returned '0': CMAKE_PREFIX_PATH=${CMAKE_PREFIX_PATH}:/home/admin/robotarm/ROS_WS/install/vision_tracker:/opt/ros/jazzy /usr/bin/cmake --build /home/admin/robotarm/build/robotarm_hardware -- -j4 -l4
[0.168s] Invoking command in '/home/admin/robotarm/build/robotarm_hardware': CMAKE_PREFIX_PATH=${CMAKE_PREFIX_PATH}:/home/admin/robotarm/ROS_WS/install/vision_tracker:/opt/ros/jazzy /usr/bin/cmake --install /home/admin/robotarm/build/robotarm_hardware
[0.183s] -- Install configuration: ""
[0.184s] -- Up-to-date: /home/admin/robotarm/install/robotarm_hardware/share/robotarm_hardware/robotarm_hardware.xml
[0.184s] -- Up-to-date: /home/admin/robotarm/install/robotarm_hardware/lib/librobotarm_hardware.so
[0.184s] -- Up-to-date: /home/admin/robotarm/install/robotarm_hardware/include
[0.184s] -- Up-to-date: /home/admin/robotarm/install/robotarm_hardware/include/robotarm_hardware
[0.184s] -- Up-to-date: /home/admin/robotarm/install/robotarm_hardware/include/robotarm_hardware/robotarm_system.hpp
[0.184s] -- Up-to-date: /home/admin/robotarm/install/robotarm_hardware/share/robotarm_hardware/robotarm_hardware.xml
[0.185s] -- Up-to-date: /home/admin/robotarm/install/robotarm_hardware/share/ament_index/resource_index/package_run_dependencies/robotarm_hardware
[0.185s] -- Up-to-date: /home/admin/robotarm/install/robotarm_hardware/share/ament_index/resource_index/parent_prefix_path/robotarm_hardware
[0.185s] -- Up-to-date: /home/admin/robotarm/install/robotarm_hardware/share/robotarm_hardware/environment/ament_prefix_path.sh
[0.185s] -- Up-to-date: /home/admin/robotarm/install/robotarm_hardware/share/robotarm_hardware/environment/ament_prefix_path.dsv
[0.185s] -- Up-to-date: /home/admin/robotarm/install/robotarm_hardware/share/robotarm_hardware/environment/path.sh
[0.185s] -- Up-to-date: /home/admin/robotarm/install/robotarm_hardware/share/robotarm_hardware/environment/path.dsv
[0.185s] -- Up-to-date: /home/admin/robotarm/install/robotarm_hardware/share/robotarm_hardware/local_setup.bash
[0.185s] -- Up-to-date: /home/admin/robotarm/install/robotarm_hardware/share/robotarm_hardware/local_setup.sh
[0.185s] -- Up-to-date: /home/admin/robotarm/install/robotarm_hardware/share/robotarm_hardware/local_setup.zsh
[0.185s] -- Up-to-date: /home/admin/robotarm/install/robotarm_hardware/share/robotarm_hardware/local_setup.dsv
[0.186s] -- Installing: /home/admin/robotarm/install/robotarm_hardware/share/robotarm_hardware/package.dsv
[0.186s] -- Up-to-date: /home/admin/robotarm/install/robotarm_hardware/share/ament_index/resource_index/packages/robotarm_hardware
[0.186s] -- Up-to-date: /home/admin/robotarm/install/robotarm_hardware/share/ament_index/resource_index/hardware_interface__pluginlib__plugin/robotarm_hardware
[0.186s] -- Up-to-date: /home/admin/robotarm/install/robotarm_hardware/share/robotarm_hardware/cmake/robotarm_hardwareConfig.cmake
[0.186s] -- Up-to-date: /home/admin/robotarm/install/robotarm_hardware/share/robotarm_hardware/cmake/robotarm_hardwareConfig-version.cmake
[0.186s] -- Up-to-date: /home/admin/robotarm/install/robotarm_hardware/share/robotarm_hardware/package.xml
[0.190s] Invoked command in '/home/admin/robotarm/build/robotarm_hardware' returned '0': CMAKE_PREFIX_PATH=${CMAKE_PREFIX_PATH}:/home/admin/robotarm/ROS_WS/install/vision_tracker:/opt/ros/jazzy /usr/bin/cmake --install /home/admin/robotarm/build/robotarm_hardware
